/*C36*/SET SCHEMA PUBLIC
DROP TABLE Cliente
DROP TABLE CarrinhoDeCompras
DROP TABLE Usuario_Lista
DROP TABLE Mensagem
DROP TABLE Usuario
DROP TABLE ItemPedido
DROP TABLE Produto
DROP TABLE Localidade
DROP TABLE Lista
DROP TABLE Pedido
DROP TABLE FormaPagamento
DROP TABLE FormaEnvio
DROP TABLE CarrinhoDeCompra
/*C37*/SET SCHEMA PUBLIC
\u000d\u000a    drop table Account if exists
\u000d\u000a    drop table Address if exists
\u000d\u000a    drop table Customer if exists
\u000d\u000a    drop table LineItem if exists
\u000d\u000a    drop table Payment if exists
\u000d\u000a    drop table Pedido if exists
\u000d\u000a    drop table Product if exists
\u000d\u000a    drop table ShoppingCart if exists
\u000d\u000a    drop table WebUser if exists
\u000d\u000a    drop sequence hibernate_sequence if exists
create sequence hibernate_sequence start with 1 increment by 1
\u000d\u000a    create table Account (\u000d\u000a       id bigint not null,\u000d\u000a        closed date,\u000d\u000a        isClosed boolean,\u000d\u000a        open date,\u000d\u000a        idBillingAddress bigint,\u000d\u000a        idShoppingCart bigint,\u000d\u000a        primary key (id)\u000d\u000a    )
\u000d\u000a    create table Address (\u000d\u000a       id bigint not null,\u000d\u000a        city varchar(255),\u000d\u000a        country varchar(255),\u000d\u000a        state varchar(255),\u000d\u000a        street varchar(255),\u000d\u000a        zip varchar(255),\u000d\u000a        primary key (id)\u000d\u000a    )
\u000d\u000a    create table Customer (\u000d\u000a       id bigint not null,\u000d\u000a        email varchar(255),\u000d\u000a        name varchar(255),\u000d\u000a        phone varchar(255),\u000d\u000a        idAccount bigint,\u000d\u000a        idEndereco bigint,\u000d\u000a        idWebUser bigint,\u000d\u000a        primary key (id)\u000d\u000a    )
\u000d\u000a    create table LineItem (\u000d\u000a       id bigint not null,\u000d\u000a        price float,\u000d\u000a        quantity integer not null,\u000d\u000a        idOrder bigint,\u000d\u000a        idProduct bigint,\u000d\u000a        idShoppingCart bigint,\u000d\u000a        primary key (id)\u000d\u000a    )
\u000d\u000a    create table Payment (\u000d\u000a       id bigint not null,\u000d\u000a        details varchar(255),\u000d\u000a        paid date,\u000d\u000a        total float,\u000d\u000a        idAccount bigint,\u000d\u000a        idOrder bigint,\u000d\u000a        primary key (id)\u000d\u000a    )
\u000d\u000a    create table Pedido (\u000d\u000a       id bigint not null,\u000d\u000a        ordered date,\u000d\u000a        shipped date,\u000d\u000a        status integer,\u000d\u000a        total float,\u000d\u000a        idAccount bigint,\u000d\u000a        idShipTo bigint,\u000d\u000a        primary key (id)\u000d\u000a    )
\u000d\u000a    create table Product (\u000d\u000a       id bigint not null,\u000d\u000a        name varchar(255),\u000d\u000a        suppiler varchar(255),\u000d\u000a        primary key (id)\u000d\u000a    )
\u000d\u000a    create table ShoppingCart (\u000d\u000a       id bigint not null,\u000d\u000a        created date,\u000d\u000a        idWebUser bigint,\u000d\u000a        primary key (id)\u000d\u000a    )
\u000d\u000a    create table WebUser (\u000d\u000a       id bigint not null,\u000d\u000a        password varchar(255),\u000d\u000a        userState integer,\u000d\u000a        primary key (id)\u000d\u000a    )
\u000d\u000a    alter table Account \u000d\u000a       add constraint FK208qly853ydhqch1i3qqbnyig \u000d\u000a       foreign key (idBillingAddress) \u000d\u000a       references Address
\u000d\u000a    alter table Account \u000d\u000a       add constraint FKo0e631iggxklw8ovcor4xb6j2 \u000d\u000a       foreign key (idShoppingCart) \u000d\u000a       references ShoppingCart
\u000d\u000a    alter table Customer \u000d\u000a       add constraint FKnd4tash4yf85cfys9js4hgk5y \u000d\u000a       foreign key (idAccount) \u000d\u000a       references Account
\u000d\u000a    alter table Customer \u000d\u000a       add constraint FK6gva4rgn1vhlc626hq451hnx5 \u000d\u000a       foreign key (idEndereco) \u000d\u000a       references Address
\u000d\u000a    alter table Customer \u000d\u000a       add constraint FKonpc0wle0tsg9t07166ys4v3n \u000d\u000a       foreign key (idWebUser) \u000d\u000a       references WebUser
\u000d\u000a    alter table LineItem \u000d\u000a       add constraint FKeiqja1yu3l5ox1o0fnkb3bau9 \u000d\u000a       foreign key (idOrder) \u000d\u000a       references Pedido
\u000d\u000a    alter table LineItem \u000d\u000a       add constraint FKbcbihcuq4hwhe7216yx46otur \u000d\u000a       foreign key (idProduct) \u000d\u000a       references Product
\u000d\u000a    alter table LineItem \u000d\u000a       add constraint FKpgi56pqsa4ngh3djssq0bpueh \u000d\u000a       foreign key (idShoppingCart) \u000d\u000a       references ShoppingCart
\u000d\u000a    alter table Payment \u000d\u000a       add constraint FK8yqh4y6bkyvog1o45bxh8n07s \u000d\u000a       foreign key (idAccount) \u000d\u000a       references Account
\u000d\u000a    alter table Payment \u000d\u000a       add constraint FKjq4wsfw0xr2vrjl4ak1nm08ip \u000d\u000a       foreign key (idOrder) \u000d\u000a       references Pedido
\u000d\u000a    alter table Pedido \u000d\u000a       add constraint FK7xokuce499okknubjkmuep2bv \u000d\u000a       foreign key (idAccount) \u000d\u000a       references Account
\u000d\u000a    alter table Pedido \u000d\u000a       add constraint FK3jaaw2pi9w9yx90sxcb5ds6bw \u000d\u000a       foreign key (idShipTo) \u000d\u000a       references Address
\u000d\u000a    alter table ShoppingCart \u000d\u000a       add constraint FK3ps28nr0pvvhm7571g4py9cwb \u000d\u000a       foreign key (idWebUser) \u000d\u000a       references WebUser
INSERT INTO CUSTOMER VALUES(1,'william@gmail.com','Willliam','90880988',NULL,NULL,NULL)
ALTER SEQUENCE PUBLIC.HIBERNATE_SEQUENCE RESTART WITH 2
COMMIT
DISCONNECT
/*C38*/SET SCHEMA PUBLIC
\u000d\u000a    alter table Account \u000d\u000a       drop constraint FK208qly853ydhqch1i3qqbnyig
\u000d\u000a    alter table Account \u000d\u000a       drop constraint FKo0e631iggxklw8ovcor4xb6j2
\u000d\u000a    alter table Customer \u000d\u000a       drop constraint FKnd4tash4yf85cfys9js4hgk5y
\u000d\u000a    alter table Customer \u000d\u000a       drop constraint FK6gva4rgn1vhlc626hq451hnx5
\u000d\u000a    alter table Customer \u000d\u000a       drop constraint FKonpc0wle0tsg9t07166ys4v3n
\u000d\u000a    alter table LineItem \u000d\u000a       drop constraint FKeiqja1yu3l5ox1o0fnkb3bau9
\u000d\u000a    alter table LineItem \u000d\u000a       drop constraint FKbcbihcuq4hwhe7216yx46otur
\u000d\u000a    alter table LineItem \u000d\u000a       drop constraint FKpgi56pqsa4ngh3djssq0bpueh
\u000d\u000a    alter table Payment \u000d\u000a       drop constraint FK8yqh4y6bkyvog1o45bxh8n07s
\u000d\u000a    alter table Payment \u000d\u000a       drop constraint FKjq4wsfw0xr2vrjl4ak1nm08ip
\u000d\u000a    alter table Pedido \u000d\u000a       drop constraint FK7xokuce499okknubjkmuep2bv
\u000d\u000a    alter table Pedido \u000d\u000a       drop constraint FK3jaaw2pi9w9yx90sxcb5ds6bw
\u000d\u000a    alter table ShoppingCart \u000d\u000a       drop constraint FK3ps28nr0pvvhm7571g4py9cwb
\u000d\u000a    drop table Account if exists
\u000d\u000a    drop table Address if exists
\u000d\u000a    drop table Customer if exists
\u000d\u000a    drop table LineItem if exists
\u000d\u000a    drop table Payment if exists
\u000d\u000a    drop table Pedido if exists
\u000d\u000a    drop table Product if exists
\u000d\u000a    drop table ShoppingCart if exists
\u000d\u000a    drop table WebUser if exists
\u000d\u000a    drop sequence hibernate_sequence if exists
create sequence hibernate_sequence start with 1 increment by 1
\u000d\u000a    create table Account (\u000d\u000a       id bigint not null,\u000d\u000a        closed date,\u000d\u000a        isClosed boolean,\u000d\u000a        open date,\u000d\u000a        idBillingAddress bigint,\u000d\u000a        idShoppingCart bigint,\u000d\u000a        primary key (id)\u000d\u000a    )
\u000d\u000a    create table Address (\u000d\u000a       id bigint not null,\u000d\u000a        city varchar(255),\u000d\u000a        country varchar(255),\u000d\u000a        state varchar(255),\u000d\u000a        street varchar(255),\u000d\u000a        zip varchar(255),\u000d\u000a        primary key (id)\u000d\u000a    )
\u000d\u000a    create table Customer (\u000d\u000a       id bigint not null,\u000d\u000a        email varchar(255),\u000d\u000a        name varchar(255),\u000d\u000a        phone varchar(255),\u000d\u000a        idAccount bigint,\u000d\u000a        idEndereco bigint,\u000d\u000a        idWebUser bigint,\u000d\u000a        primary key (id)\u000d\u000a    )
\u000d\u000a    create table LineItem (\u000d\u000a       id bigint not null,\u000d\u000a        price float,\u000d\u000a        quantity integer not null,\u000d\u000a        idOrder bigint,\u000d\u000a        idProduct bigint,\u000d\u000a        idShoppingCart bigint,\u000d\u000a        primary key (id)\u000d\u000a    )
\u000d\u000a    create table Payment (\u000d\u000a       id bigint not null,\u000d\u000a        details varchar(255),\u000d\u000a        paid date,\u000d\u000a        total float,\u000d\u000a        idAccount bigint,\u000d\u000a        idOrder bigint,\u000d\u000a        primary key (id)\u000d\u000a    )
\u000d\u000a    create table Pedido (\u000d\u000a       id bigint not null,\u000d\u000a        ordered date,\u000d\u000a        shipped date,\u000d\u000a        status integer,\u000d\u000a        total float,\u000d\u000a        idAccount bigint,\u000d\u000a        idShipTo bigint,\u000d\u000a        primary key (id)\u000d\u000a    )
\u000d\u000a    create table Product (\u000d\u000a       id bigint not null,\u000d\u000a        name varchar(255),\u000d\u000a        suppiler varchar(255),\u000d\u000a        primary key (id)\u000d\u000a    )
\u000d\u000a    create table ShoppingCart (\u000d\u000a       id bigint not null,\u000d\u000a        created date,\u000d\u000a        idWebUser bigint,\u000d\u000a        primary key (id)\u000d\u000a    )
\u000d\u000a    create table WebUser (\u000d\u000a       id bigint not null,\u000d\u000a        password varchar(255),\u000d\u000a        userState integer,\u000d\u000a        primary key (id)\u000d\u000a    )
\u000d\u000a    alter table Account \u000d\u000a       add constraint FK208qly853ydhqch1i3qqbnyig \u000d\u000a       foreign key (idBillingAddress) \u000d\u000a       references Address
\u000d\u000a    alter table Account \u000d\u000a       add constraint FKo0e631iggxklw8ovcor4xb6j2 \u000d\u000a       foreign key (idShoppingCart) \u000d\u000a       references ShoppingCart
\u000d\u000a    alter table Customer \u000d\u000a       add constraint FKnd4tash4yf85cfys9js4hgk5y \u000d\u000a       foreign key (idAccount) \u000d\u000a       references Account
\u000d\u000a    alter table Customer \u000d\u000a       add constraint FK6gva4rgn1vhlc626hq451hnx5 \u000d\u000a       foreign key (idEndereco) \u000d\u000a       references Address
\u000d\u000a    alter table Customer \u000d\u000a       add constraint FKonpc0wle0tsg9t07166ys4v3n \u000d\u000a       foreign key (idWebUser) \u000d\u000a       references WebUser
\u000d\u000a    alter table LineItem \u000d\u000a       add constraint FKeiqja1yu3l5ox1o0fnkb3bau9 \u000d\u000a       foreign key (idOrder) \u000d\u000a       references Pedido
\u000d\u000a    alter table LineItem \u000d\u000a       add constraint FKbcbihcuq4hwhe7216yx46otur \u000d\u000a       foreign key (idProduct) \u000d\u000a       references Product
\u000d\u000a    alter table LineItem \u000d\u000a       add constraint FKpgi56pqsa4ngh3djssq0bpueh \u000d\u000a       foreign key (idShoppingCart) \u000d\u000a       references ShoppingCart
\u000d\u000a    alter table Payment \u000d\u000a       add constraint FK8yqh4y6bkyvog1o45bxh8n07s \u000d\u000a       foreign key (idAccount) \u000d\u000a       references Account
\u000d\u000a    alter table Payment \u000d\u000a       add constraint FKjq4wsfw0xr2vrjl4ak1nm08ip \u000d\u000a       foreign key (idOrder) \u000d\u000a       references Pedido
\u000d\u000a    alter table Pedido \u000d\u000a       add constraint FK7xokuce499okknubjkmuep2bv \u000d\u000a       foreign key (idAccount) \u000d\u000a       references Account
\u000d\u000a    alter table Pedido \u000d\u000a       add constraint FK3jaaw2pi9w9yx90sxcb5ds6bw \u000d\u000a       foreign key (idShipTo) \u000d\u000a       references Address
\u000d\u000a    alter table ShoppingCart \u000d\u000a       add constraint FK3ps28nr0pvvhm7571g4py9cwb \u000d\u000a       foreign key (idWebUser) \u000d\u000a       references WebUser
INSERT INTO CUSTOMER VALUES(1,'william@gmail.com','Willliam','90880988',NULL,NULL,NULL)
ALTER SEQUENCE PUBLIC.HIBERNATE_SEQUENCE RESTART WITH 2
COMMIT
DISCONNECT
/*C39*/SET SCHEMA PUBLIC
\u000d\u000a    alter table Account \u000d\u000a       drop constraint FK208qly853ydhqch1i3qqbnyig
\u000d\u000a    alter table Account \u000d\u000a       drop constraint FKo0e631iggxklw8ovcor4xb6j2
\u000d\u000a    alter table Customer \u000d\u000a       drop constraint FKnd4tash4yf85cfys9js4hgk5y
\u000d\u000a    alter table Customer \u000d\u000a       drop constraint FK6gva4rgn1vhlc626hq451hnx5
\u000d\u000a    alter table Customer \u000d\u000a       drop constraint FKonpc0wle0tsg9t07166ys4v3n
\u000d\u000a    alter table LineItem \u000d\u000a       drop constraint FKeiqja1yu3l5ox1o0fnkb3bau9
\u000d\u000a    alter table LineItem \u000d\u000a       drop constraint FKbcbihcuq4hwhe7216yx46otur
\u000d\u000a    alter table LineItem \u000d\u000a       drop constraint FKpgi56pqsa4ngh3djssq0bpueh
\u000d\u000a    alter table Payment \u000d\u000a       drop constraint FK8yqh4y6bkyvog1o45bxh8n07s
\u000d\u000a    alter table Payment \u000d\u000a       drop constraint FKjq4wsfw0xr2vrjl4ak1nm08ip
\u000d\u000a    alter table Pedido \u000d\u000a       drop constraint FK7xokuce499okknubjkmuep2bv
\u000d\u000a    alter table Pedido \u000d\u000a       drop constraint FK3jaaw2pi9w9yx90sxcb5ds6bw
\u000d\u000a    alter table ShoppingCart \u000d\u000a       drop constraint FK3ps28nr0pvvhm7571g4py9cwb
\u000d\u000a    drop table Account if exists
\u000d\u000a    drop table Address if exists
\u000d\u000a    drop table Customer if exists
\u000d\u000a    drop table LineItem if exists
\u000d\u000a    drop table Payment if exists
\u000d\u000a    drop table Pedido if exists
\u000d\u000a    drop table Product if exists
\u000d\u000a    drop table ShoppingCart if exists
\u000d\u000a    drop table WebUser if exists
\u000d\u000a    drop sequence hibernate_sequence if exists
create sequence hibernate_sequence start with 1 increment by 1
\u000d\u000a    create table Account (\u000d\u000a       id bigint not null,\u000d\u000a        closed date,\u000d\u000a        isClosed boolean,\u000d\u000a        open date,\u000d\u000a        idBillingAddress bigint,\u000d\u000a        idShoppingCart bigint,\u000d\u000a        primary key (id)\u000d\u000a    )
\u000d\u000a    create table Address (\u000d\u000a       id bigint not null,\u000d\u000a        city varchar(255),\u000d\u000a        country varchar(255),\u000d\u000a        state varchar(255),\u000d\u000a        street varchar(255),\u000d\u000a        zip varchar(255),\u000d\u000a        primary key (id)\u000d\u000a    )
\u000d\u000a    create table Customer (\u000d\u000a       id bigint not null,\u000d\u000a        email varchar(255),\u000d\u000a        name varchar(255),\u000d\u000a        phone varchar(255),\u000d\u000a        idAccount bigint,\u000d\u000a        idEndereco bigint,\u000d\u000a        idWebUser bigint,\u000d\u000a        primary key (id)\u000d\u000a    )
\u000d\u000a    create table LineItem (\u000d\u000a       id bigint not null,\u000d\u000a        price float,\u000d\u000a        quantity integer not null,\u000d\u000a        idOrder bigint,\u000d\u000a        idProduct bigint,\u000d\u000a        idShoppingCart bigint,\u000d\u000a        primary key (id)\u000d\u000a    )
\u000d\u000a    create table Payment (\u000d\u000a       id bigint not null,\u000d\u000a        details varchar(255),\u000d\u000a        paid date,\u000d\u000a        total float,\u000d\u000a        idAccount bigint,\u000d\u000a        idOrder bigint,\u000d\u000a        primary key (id)\u000d\u000a    )
\u000d\u000a    create table Pedido (\u000d\u000a       id bigint not null,\u000d\u000a        ordered date,\u000d\u000a        shipped date,\u000d\u000a        status integer,\u000d\u000a        total float,\u000d\u000a        idAccount bigint,\u000d\u000a        idShipTo bigint,\u000d\u000a        primary key (id)\u000d\u000a    )
\u000d\u000a    create table Product (\u000d\u000a       id bigint not null,\u000d\u000a        name varchar(255),\u000d\u000a        suppiler varchar(255),\u000d\u000a        primary key (id)\u000d\u000a    )
\u000d\u000a    create table ShoppingCart (\u000d\u000a       id bigint not null,\u000d\u000a        created date,\u000d\u000a        idWebUser bigint,\u000d\u000a        primary key (id)\u000d\u000a    )
\u000d\u000a    create table WebUser (\u000d\u000a       id bigint not null,\u000d\u000a        password varchar(255),\u000d\u000a        userState integer,\u000d\u000a        primary key (id)\u000d\u000a    )
\u000d\u000a    alter table Account \u000d\u000a       add constraint FK208qly853ydhqch1i3qqbnyig \u000d\u000a       foreign key (idBillingAddress) \u000d\u000a       references Address
\u000d\u000a    alter table Account \u000d\u000a       add constraint FKo0e631iggxklw8ovcor4xb6j2 \u000d\u000a       foreign key (idShoppingCart) \u000d\u000a       references ShoppingCart
\u000d\u000a    alter table Customer \u000d\u000a       add constraint FKnd4tash4yf85cfys9js4hgk5y \u000d\u000a       foreign key (idAccount) \u000d\u000a       references Account
\u000d\u000a    alter table Customer \u000d\u000a       add constraint FK6gva4rgn1vhlc626hq451hnx5 \u000d\u000a       foreign key (idEndereco) \u000d\u000a       references Address
\u000d\u000a    alter table Customer \u000d\u000a       add constraint FKonpc0wle0tsg9t07166ys4v3n \u000d\u000a       foreign key (idWebUser) \u000d\u000a       references WebUser
\u000d\u000a    alter table LineItem \u000d\u000a       add constraint FKeiqja1yu3l5ox1o0fnkb3bau9 \u000d\u000a       foreign key (idOrder) \u000d\u000a       references Pedido
\u000d\u000a    alter table LineItem \u000d\u000a       add constraint FKbcbihcuq4hwhe7216yx46otur \u000d\u000a       foreign key (idProduct) \u000d\u000a       references Product
\u000d\u000a    alter table LineItem \u000d\u000a       add constraint FKpgi56pqsa4ngh3djssq0bpueh \u000d\u000a       foreign key (idShoppingCart) \u000d\u000a       references ShoppingCart
\u000d\u000a    alter table Payment \u000d\u000a       add constraint FK8yqh4y6bkyvog1o45bxh8n07s \u000d\u000a       foreign key (idAccount) \u000d\u000a       references Account
\u000d\u000a    alter table Payment \u000d\u000a       add constraint FKjq4wsfw0xr2vrjl4ak1nm08ip \u000d\u000a       foreign key (idOrder) \u000d\u000a       references Pedido
\u000d\u000a    alter table Pedido \u000d\u000a       add constraint FK7xokuce499okknubjkmuep2bv \u000d\u000a       foreign key (idAccount) \u000d\u000a       references Account
\u000d\u000a    alter table Pedido \u000d\u000a       add constraint FK3jaaw2pi9w9yx90sxcb5ds6bw \u000d\u000a       foreign key (idShipTo) \u000d\u000a       references Address
\u000d\u000a    alter table ShoppingCart \u000d\u000a       add constraint FK3ps28nr0pvvhm7571g4py9cwb \u000d\u000a       foreign key (idWebUser) \u000d\u000a       references WebUser
INSERT INTO ACCOUNT VALUES(2,'2019-10-16',FALSE,'2019-10-01',NULL,NULL)
INSERT INTO CUSTOMER VALUES(1,'william@gmail.com','Willliam','90880988',2,NULL,NULL)
ALTER SEQUENCE PUBLIC.HIBERNATE_SEQUENCE RESTART WITH 3
COMMIT
DISCONNECT
/*C40*/SET SCHEMA PUBLIC
\u000d\u000a    alter table Account \u000d\u000a       drop constraint FK208qly853ydhqch1i3qqbnyig
\u000d\u000a    alter table Account \u000d\u000a       drop constraint FKo0e631iggxklw8ovcor4xb6j2
\u000d\u000a    alter table Customer \u000d\u000a       drop constraint FKnd4tash4yf85cfys9js4hgk5y
\u000d\u000a    alter table Customer \u000d\u000a       drop constraint FK6gva4rgn1vhlc626hq451hnx5
\u000d\u000a    alter table Customer \u000d\u000a       drop constraint FKonpc0wle0tsg9t07166ys4v3n
\u000d\u000a    alter table LineItem \u000d\u000a       drop constraint FKeiqja1yu3l5ox1o0fnkb3bau9
\u000d\u000a    alter table LineItem \u000d\u000a       drop constraint FKbcbihcuq4hwhe7216yx46otur
\u000d\u000a    alter table LineItem \u000d\u000a       drop constraint FKpgi56pqsa4ngh3djssq0bpueh
\u000d\u000a    alter table Payment \u000d\u000a       drop constraint FK8yqh4y6bkyvog1o45bxh8n07s
\u000d\u000a    alter table Payment \u000d\u000a       drop constraint FKjq4wsfw0xr2vrjl4ak1nm08ip
\u000d\u000a    alter table Pedido \u000d\u000a       drop constraint FK7xokuce499okknubjkmuep2bv
\u000d\u000a    alter table Pedido \u000d\u000a       drop constraint FK3jaaw2pi9w9yx90sxcb5ds6bw
\u000d\u000a    alter table ShoppingCart \u000d\u000a       drop constraint FK3ps28nr0pvvhm7571g4py9cwb
\u000d\u000a    drop table Account if exists
\u000d\u000a    drop table Address if exists
\u000d\u000a    drop table Customer if exists
\u000d\u000a    drop table LineItem if exists
\u000d\u000a    drop table Payment if exists
\u000d\u000a    drop table Pedido if exists
\u000d\u000a    drop table Product if exists
\u000d\u000a    drop table ShoppingCart if exists
\u000d\u000a    drop table WebUser if exists
\u000d\u000a    drop sequence hibernate_sequence if exists
create sequence hibernate_sequence start with 1 increment by 1
\u000d\u000a    create table Account (\u000d\u000a       id bigint not null,\u000d\u000a        closed date,\u000d\u000a        isClosed boolean,\u000d\u000a        open date,\u000d\u000a        idBillingAddress bigint,\u000d\u000a        idShoppingCart bigint,\u000d\u000a        primary key (id)\u000d\u000a    )
\u000d\u000a    create table Address (\u000d\u000a       id bigint not null,\u000d\u000a        city varchar(255),\u000d\u000a        country varchar(255),\u000d\u000a        state varchar(255),\u000d\u000a        street varchar(255),\u000d\u000a        zip varchar(255),\u000d\u000a        primary key (id)\u000d\u000a    )
\u000d\u000a    create table Customer (\u000d\u000a       id bigint not null,\u000d\u000a        email varchar(255),\u000d\u000a        name varchar(255),\u000d\u000a        phone varchar(255),\u000d\u000a        idAccount bigint,\u000d\u000a        idEndereco bigint,\u000d\u000a        idWebUser bigint,\u000d\u000a        primary key (id)\u000d\u000a    )
\u000d\u000a    create table LineItem (\u000d\u000a       id bigint not null,\u000d\u000a        price float,\u000d\u000a        quantity integer not null,\u000d\u000a        idOrder bigint,\u000d\u000a        idProduct bigint,\u000d\u000a        idShoppingCart bigint,\u000d\u000a        primary key (id)\u000d\u000a    )
\u000d\u000a    create table Payment (\u000d\u000a       id bigint not null,\u000d\u000a        details varchar(255),\u000d\u000a        paid date,\u000d\u000a        total float,\u000d\u000a        idAccount bigint,\u000d\u000a        idOrder bigint,\u000d\u000a        primary key (id)\u000d\u000a    )
\u000d\u000a    create table Pedido (\u000d\u000a       id bigint not null,\u000d\u000a        ordered date,\u000d\u000a        shipped date,\u000d\u000a        status integer,\u000d\u000a        total float,\u000d\u000a        idAccount bigint,\u000d\u000a        idShipTo bigint,\u000d\u000a        primary key (id)\u000d\u000a    )
\u000d\u000a    create table Product (\u000d\u000a       id bigint not null,\u000d\u000a        name varchar(255),\u000d\u000a        suppiler varchar(255),\u000d\u000a        primary key (id)\u000d\u000a    )
\u000d\u000a    create table ShoppingCart (\u000d\u000a       id bigint not null,\u000d\u000a        created date,\u000d\u000a        idWebUser bigint,\u000d\u000a        primary key (id)\u000d\u000a    )
\u000d\u000a    create table WebUser (\u000d\u000a       id bigint not null,\u000d\u000a        password varchar(255),\u000d\u000a        userState integer,\u000d\u000a        primary key (id)\u000d\u000a    )
\u000d\u000a    alter table Account \u000d\u000a       add constraint FK208qly853ydhqch1i3qqbnyig \u000d\u000a       foreign key (idBillingAddress) \u000d\u000a       references Address
\u000d\u000a    alter table Account \u000d\u000a       add constraint FKo0e631iggxklw8ovcor4xb6j2 \u000d\u000a       foreign key (idShoppingCart) \u000d\u000a       references ShoppingCart
\u000d\u000a    alter table Customer \u000d\u000a       add constraint FKnd4tash4yf85cfys9js4hgk5y \u000d\u000a       foreign key (idAccount) \u000d\u000a       references Account
\u000d\u000a    alter table Customer \u000d\u000a       add constraint FK6gva4rgn1vhlc626hq451hnx5 \u000d\u000a       foreign key (idEndereco) \u000d\u000a       references Address
\u000d\u000a    alter table Customer \u000d\u000a       add constraint FKonpc0wle0tsg9t07166ys4v3n \u000d\u000a       foreign key (idWebUser) \u000d\u000a       references WebUser
\u000d\u000a    alter table LineItem \u000d\u000a       add constraint FKeiqja1yu3l5ox1o0fnkb3bau9 \u000d\u000a       foreign key (idOrder) \u000d\u000a       references Pedido
\u000d\u000a    alter table LineItem \u000d\u000a       add constraint FKbcbihcuq4hwhe7216yx46otur \u000d\u000a       foreign key (idProduct) \u000d\u000a       references Product
\u000d\u000a    alter table LineItem \u000d\u000a       add constraint FKpgi56pqsa4ngh3djssq0bpueh \u000d\u000a       foreign key (idShoppingCart) \u000d\u000a       references ShoppingCart
\u000d\u000a    alter table Payment \u000d\u000a       add constraint FK8yqh4y6bkyvog1o45bxh8n07s \u000d\u000a       foreign key (idAccount) \u000d\u000a       references Account
\u000d\u000a    alter table Payment \u000d\u000a       add constraint FKjq4wsfw0xr2vrjl4ak1nm08ip \u000d\u000a       foreign key (idOrder) \u000d\u000a       references Pedido
\u000d\u000a    alter table Pedido \u000d\u000a       add constraint FK7xokuce499okknubjkmuep2bv \u000d\u000a       foreign key (idAccount) \u000d\u000a       references Account
\u000d\u000a    alter table Pedido \u000d\u000a       add constraint FK3jaaw2pi9w9yx90sxcb5ds6bw \u000d\u000a       foreign key (idShipTo) \u000d\u000a       references Address
\u000d\u000a    alter table ShoppingCart \u000d\u000a       add constraint FK3ps28nr0pvvhm7571g4py9cwb \u000d\u000a       foreign key (idWebUser) \u000d\u000a       references WebUser
INSERT INTO SHOPPINGCART VALUES(3,'2019-10-01',NULL)
INSERT INTO ACCOUNT VALUES(2,'2019-10-16',FALSE,'2019-10-01',NULL,3)
INSERT INTO CUSTOMER VALUES(1,'william@gmail.com','Willliam','90880988',2,NULL,NULL)
ALTER SEQUENCE PUBLIC.HIBERNATE_SEQUENCE RESTART WITH 4
COMMIT
DISCONNECT
/*C41*/SET SCHEMA PUBLIC
\u000d\u000a    alter table Account \u000d\u000a       drop constraint FK208qly853ydhqch1i3qqbnyig
\u000d\u000a    alter table Account \u000d\u000a       drop constraint FKo0e631iggxklw8ovcor4xb6j2
\u000d\u000a    alter table Customer \u000d\u000a       drop constraint FKnd4tash4yf85cfys9js4hgk5y
\u000d\u000a    alter table Customer \u000d\u000a       drop constraint FK6gva4rgn1vhlc626hq451hnx5
\u000d\u000a    alter table Customer \u000d\u000a       drop constraint FKonpc0wle0tsg9t07166ys4v3n
\u000d\u000a    alter table LineItem \u000d\u000a       drop constraint FKeiqja1yu3l5ox1o0fnkb3bau9
\u000d\u000a    alter table LineItem \u000d\u000a       drop constraint FKbcbihcuq4hwhe7216yx46otur
\u000d\u000a    alter table LineItem \u000d\u000a       drop constraint FKpgi56pqsa4ngh3djssq0bpueh
\u000d\u000a    alter table Payment \u000d\u000a       drop constraint FK8yqh4y6bkyvog1o45bxh8n07s
\u000d\u000a    alter table Payment \u000d\u000a       drop constraint FKjq4wsfw0xr2vrjl4ak1nm08ip
\u000d\u000a    alter table Pedido \u000d\u000a       drop constraint FK7xokuce499okknubjkmuep2bv
\u000d\u000a    alter table Pedido \u000d\u000a       drop constraint FK3jaaw2pi9w9yx90sxcb5ds6bw
\u000d\u000a    alter table ShoppingCart \u000d\u000a       drop constraint FK3ps28nr0pvvhm7571g4py9cwb
\u000d\u000a    drop table Account if exists
\u000d\u000a    drop table Address if exists
\u000d\u000a    drop table Customer if exists
\u000d\u000a    drop table LineItem if exists
\u000d\u000a    drop table Payment if exists
\u000d\u000a    drop table Pedido if exists
\u000d\u000a    drop table Product if exists
\u000d\u000a    drop table ShoppingCart if exists
\u000d\u000a    drop table WebUser if exists
\u000d\u000a    drop sequence hibernate_sequence if exists
create sequence hibernate_sequence start with 1 increment by 1
\u000d\u000a    create table Account (\u000d\u000a       id bigint not null,\u000d\u000a        closed date,\u000d\u000a        isClosed boolean,\u000d\u000a        open date,\u000d\u000a        idBillingAddress bigint,\u000d\u000a        idShoppingCart bigint,\u000d\u000a        primary key (id)\u000d\u000a    )
\u000d\u000a    create table Address (\u000d\u000a       id bigint not null,\u000d\u000a        city varchar(255),\u000d\u000a        country varchar(255),\u000d\u000a        state varchar(255),\u000d\u000a        street varchar(255),\u000d\u000a        zip varchar(255),\u000d\u000a        primary key (id)\u000d\u000a    )
\u000d\u000a    create table Customer (\u000d\u000a       id bigint not null,\u000d\u000a        email varchar(255),\u000d\u000a        name varchar(255),\u000d\u000a        phone varchar(255),\u000d\u000a        idAccount bigint,\u000d\u000a        idEndereco bigint,\u000d\u000a        idWebUser bigint,\u000d\u000a        primary key (id)\u000d\u000a    )
\u000d\u000a    create table LineItem (\u000d\u000a       id bigint not null,\u000d\u000a        price float,\u000d\u000a        quantity integer not null,\u000d\u000a        idOrder bigint,\u000d\u000a        idProduct bigint,\u000d\u000a        idShoppingCart bigint,\u000d\u000a        primary key (id)\u000d\u000a    )
\u000d\u000a    create table Payment (\u000d\u000a       id bigint not null,\u000d\u000a        details varchar(255),\u000d\u000a        paid date,\u000d\u000a        total float,\u000d\u000a        idAccount bigint,\u000d\u000a        idOrder bigint,\u000d\u000a        primary key (id)\u000d\u000a    )
\u000d\u000a    create table Pedido (\u000d\u000a       id bigint not null,\u000d\u000a        ordered date,\u000d\u000a        shipped date,\u000d\u000a        status integer,\u000d\u000a        total float,\u000d\u000a        idAccount bigint,\u000d\u000a        idShipTo bigint,\u000d\u000a        primary key (id)\u000d\u000a    )
\u000d\u000a    create table Product (\u000d\u000a       id bigint not null,\u000d\u000a        name varchar(255),\u000d\u000a        suppiler varchar(255),\u000d\u000a        primary key (id)\u000d\u000a    )
\u000d\u000a    create table ShoppingCart (\u000d\u000a       id bigint not null,\u000d\u000a        created date,\u000d\u000a        idWebUser bigint,\u000d\u000a        primary key (id)\u000d\u000a    )
\u000d\u000a    create table WebUser (\u000d\u000a       id bigint not null,\u000d\u000a        password varchar(255),\u000d\u000a        userState integer,\u000d\u000a        primary key (id)\u000d\u000a    )
\u000d\u000a    alter table Account \u000d\u000a       add constraint FK208qly853ydhqch1i3qqbnyig \u000d\u000a       foreign key (idBillingAddress) \u000d\u000a       references Address
\u000d\u000a    alter table Account \u000d\u000a       add constraint FKo0e631iggxklw8ovcor4xb6j2 \u000d\u000a       foreign key (idShoppingCart) \u000d\u000a       references ShoppingCart
\u000d\u000a    alter table Customer \u000d\u000a       add constraint FKnd4tash4yf85cfys9js4hgk5y \u000d\u000a       foreign key (idAccount) \u000d\u000a       references Account
\u000d\u000a    alter table Customer \u000d\u000a       add constraint FK6gva4rgn1vhlc626hq451hnx5 \u000d\u000a       foreign key (idEndereco) \u000d\u000a       references Address
\u000d\u000a    alter table Customer \u000d\u000a       add constraint FKonpc0wle0tsg9t07166ys4v3n \u000d\u000a       foreign key (idWebUser) \u000d\u000a       references WebUser
\u000d\u000a    alter table LineItem \u000d\u000a       add constraint FKeiqja1yu3l5ox1o0fnkb3bau9 \u000d\u000a       foreign key (idOrder) \u000d\u000a       references Pedido
\u000d\u000a    alter table LineItem \u000d\u000a       add constraint FKbcbihcuq4hwhe7216yx46otur \u000d\u000a       foreign key (idProduct) \u000d\u000a       references Product
\u000d\u000a    alter table LineItem \u000d\u000a       add constraint FKpgi56pqsa4ngh3djssq0bpueh \u000d\u000a       foreign key (idShoppingCart) \u000d\u000a       references ShoppingCart
\u000d\u000a    alter table Payment \u000d\u000a       add constraint FK8yqh4y6bkyvog1o45bxh8n07s \u000d\u000a       foreign key (idAccount) \u000d\u000a       references Account
\u000d\u000a    alter table Payment \u000d\u000a       add constraint FKjq4wsfw0xr2vrjl4ak1nm08ip \u000d\u000a       foreign key (idOrder) \u000d\u000a       references Pedido
\u000d\u000a    alter table Pedido \u000d\u000a       add constraint FK7xokuce499okknubjkmuep2bv \u000d\u000a       foreign key (idAccount) \u000d\u000a       references Account
\u000d\u000a    alter table Pedido \u000d\u000a       add constraint FK3jaaw2pi9w9yx90sxcb5ds6bw \u000d\u000a       foreign key (idShipTo) \u000d\u000a       references Address
\u000d\u000a    alter table ShoppingCart \u000d\u000a       add constraint FK3ps28nr0pvvhm7571g4py9cwb \u000d\u000a       foreign key (idWebUser) \u000d\u000a       references WebUser
INSERT INTO SHOPPINGCART VALUES(3,'2019-10-01',NULL)
INSERT INTO ACCOUNT VALUES(2,'2019-10-16',FALSE,'2019-10-01',NULL,3)
INSERT INTO PEDIDO VALUES(4,'2019-10-01','2019-10-01',NULL,200.0E0,NULL,NULL)
INSERT INTO CUSTOMER VALUES(1,'william@gmail.com','Willliam','90880988',2,NULL,NULL)
ALTER SEQUENCE PUBLIC.HIBERNATE_SEQUENCE RESTART WITH 5
COMMIT
DISCONNECT
/*C42*/SET SCHEMA PUBLIC
\u000d\u000a    alter table Account \u000d\u000a       drop constraint FK208qly853ydhqch1i3qqbnyig
\u000d\u000a    alter table Account \u000d\u000a       drop constraint FKo0e631iggxklw8ovcor4xb6j2
\u000d\u000a    alter table Customer \u000d\u000a       drop constraint FKnd4tash4yf85cfys9js4hgk5y
\u000d\u000a    alter table Customer \u000d\u000a       drop constraint FK6gva4rgn1vhlc626hq451hnx5
\u000d\u000a    alter table Customer \u000d\u000a       drop constraint FKonpc0wle0tsg9t07166ys4v3n
\u000d\u000a    alter table LineItem \u000d\u000a       drop constraint FKeiqja1yu3l5ox1o0fnkb3bau9
\u000d\u000a    alter table LineItem \u000d\u000a       drop constraint FKbcbihcuq4hwhe7216yx46otur
\u000d\u000a    alter table LineItem \u000d\u000a       drop constraint FKpgi56pqsa4ngh3djssq0bpueh
\u000d\u000a    alter table Payment \u000d\u000a       drop constraint FK8yqh4y6bkyvog1o45bxh8n07s
\u000d\u000a    alter table Payment \u000d\u000a       drop constraint FKjq4wsfw0xr2vrjl4ak1nm08ip
\u000d\u000a    alter table Pedido \u000d\u000a       drop constraint FK7xokuce499okknubjkmuep2bv
\u000d\u000a    alter table Pedido \u000d\u000a       drop constraint FK3jaaw2pi9w9yx90sxcb5ds6bw
\u000d\u000a    alter table ShoppingCart \u000d\u000a       drop constraint FK3ps28nr0pvvhm7571g4py9cwb
\u000d\u000a    drop table Account if exists
\u000d\u000a    drop table Address if exists
\u000d\u000a    drop table Customer if exists
\u000d\u000a    drop table LineItem if exists
\u000d\u000a    drop table Payment if exists
\u000d\u000a    drop table Pedido if exists
\u000d\u000a    drop table Product if exists
\u000d\u000a    drop table ShoppingCart if exists
\u000d\u000a    drop table WebUser if exists
\u000d\u000a    drop sequence hibernate_sequence if exists
create sequence hibernate_sequence start with 1 increment by 1
\u000d\u000a    create table Account (\u000d\u000a       id bigint not null,\u000d\u000a        closed date,\u000d\u000a        isClosed boolean,\u000d\u000a        open date,\u000d\u000a        idBillingAddress bigint,\u000d\u000a        idShoppingCart bigint,\u000d\u000a        primary key (id)\u000d\u000a    )
\u000d\u000a    create table Address (\u000d\u000a       id bigint not null,\u000d\u000a        city varchar(255),\u000d\u000a        country varchar(255),\u000d\u000a        state varchar(255),\u000d\u000a        street varchar(255),\u000d\u000a        zip varchar(255),\u000d\u000a        primary key (id)\u000d\u000a    )
\u000d\u000a    create table Customer (\u000d\u000a       id bigint not null,\u000d\u000a        email varchar(255),\u000d\u000a        name varchar(255),\u000d\u000a        phone varchar(255),\u000d\u000a        idAccount bigint,\u000d\u000a        idEndereco bigint,\u000d\u000a        idWebUser bigint,\u000d\u000a        primary key (id)\u000d\u000a    )
\u000d\u000a    create table LineItem (\u000d\u000a       id bigint not null,\u000d\u000a        price float,\u000d\u000a        quantity integer not null,\u000d\u000a        idOrder bigint,\u000d\u000a        idProduct bigint,\u000d\u000a        idShoppingCart bigint,\u000d\u000a        primary key (id)\u000d\u000a    )
\u000d\u000a    create table Payment (\u000d\u000a       id bigint not null,\u000d\u000a        details varchar(255),\u000d\u000a        paid date,\u000d\u000a        total float,\u000d\u000a        idAccount bigint,\u000d\u000a        idOrder bigint,\u000d\u000a        primary key (id)\u000d\u000a    )
\u000d\u000a    create table Pedido (\u000d\u000a       id bigint not null,\u000d\u000a        ordered date,\u000d\u000a        shipped date,\u000d\u000a        status integer,\u000d\u000a        total float,\u000d\u000a        idAccount bigint,\u000d\u000a        idShipTo bigint,\u000d\u000a        primary key (id)\u000d\u000a    )
\u000d\u000a    create table Product (\u000d\u000a       id bigint not null,\u000d\u000a        name varchar(255),\u000d\u000a        suppiler varchar(255),\u000d\u000a        primary key (id)\u000d\u000a    )
\u000d\u000a    create table ShoppingCart (\u000d\u000a       id bigint not null,\u000d\u000a        created date,\u000d\u000a        idWebUser bigint,\u000d\u000a        primary key (id)\u000d\u000a    )
\u000d\u000a    create table WebUser (\u000d\u000a       id bigint not null,\u000d\u000a        password varchar(255),\u000d\u000a        userState integer,\u000d\u000a        primary key (id)\u000d\u000a    )
\u000d\u000a    alter table Account \u000d\u000a       add constraint FK208qly853ydhqch1i3qqbnyig \u000d\u000a       foreign key (idBillingAddress) \u000d\u000a       references Address
\u000d\u000a    alter table Account \u000d\u000a       add constraint FKo0e631iggxklw8ovcor4xb6j2 \u000d\u000a       foreign key (idShoppingCart) \u000d\u000a       references ShoppingCart
\u000d\u000a    alter table Customer \u000d\u000a       add constraint FKnd4tash4yf85cfys9js4hgk5y \u000d\u000a       foreign key (idAccount) \u000d\u000a       references Account
\u000d\u000a    alter table Customer \u000d\u000a       add constraint FK6gva4rgn1vhlc626hq451hnx5 \u000d\u000a       foreign key (idEndereco) \u000d\u000a       references Address
\u000d\u000a    alter table Customer \u000d\u000a       add constraint FKonpc0wle0tsg9t07166ys4v3n \u000d\u000a       foreign key (idWebUser) \u000d\u000a       references WebUser
\u000d\u000a    alter table LineItem \u000d\u000a       add constraint FKeiqja1yu3l5ox1o0fnkb3bau9 \u000d\u000a       foreign key (idOrder) \u000d\u000a       references Pedido
\u000d\u000a    alter table LineItem \u000d\u000a       add constraint FKbcbihcuq4hwhe7216yx46otur \u000d\u000a       foreign key (idProduct) \u000d\u000a       references Product
\u000d\u000a    alter table LineItem \u000d\u000a       add constraint FKpgi56pqsa4ngh3djssq0bpueh \u000d\u000a       foreign key (idShoppingCart) \u000d\u000a       references ShoppingCart
\u000d\u000a    alter table Payment \u000d\u000a       add constraint FK8yqh4y6bkyvog1o45bxh8n07s \u000d\u000a       foreign key (idAccount) \u000d\u000a       references Account
\u000d\u000a    alter table Payment \u000d\u000a       add constraint FKjq4wsfw0xr2vrjl4ak1nm08ip \u000d\u000a       foreign key (idOrder) \u000d\u000a       references Pedido
\u000d\u000a    alter table Pedido \u000d\u000a       add constraint FK7xokuce499okknubjkmuep2bv \u000d\u000a       foreign key (idAccount) \u000d\u000a       references Account
\u000d\u000a    alter table Pedido \u000d\u000a       add constraint FK3jaaw2pi9w9yx90sxcb5ds6bw \u000d\u000a       foreign key (idShipTo) \u000d\u000a       references Address
\u000d\u000a    alter table ShoppingCart \u000d\u000a       add constraint FK3ps28nr0pvvhm7571g4py9cwb \u000d\u000a       foreign key (idWebUser) \u000d\u000a       references WebUser
INSERT INTO CUSTOMER VALUES(1,'william@gmail.com','William','90880988',NULL,NULL,NULL)
ALTER SEQUENCE PUBLIC.HIBERNATE_SEQUENCE RESTART WITH 2
COMMIT
INSERT INTO SHOPPINGCART VALUES(4,'2019-10-01',NULL)
INSERT INTO ACCOUNT VALUES(3,'2019-10-16',FALSE,'2019-10-01',NULL,4)
INSERT INTO PEDIDO VALUES(5,'2019-10-01','2019-10-01',NULL,200.0E0,NULL,NULL)
INSERT INTO CUSTOMER VALUES(2,'william@gmail.com','Willliam','90880988',3,NULL,NULL)
ALTER SEQUENCE PUBLIC.HIBERNATE_SEQUENCE RESTART WITH 6
COMMIT
DISCONNECT
/*C43*/SET SCHEMA PUBLIC
\u000d\u000a    alter table Account \u000d\u000a       drop constraint FK208qly853ydhqch1i3qqbnyig
\u000d\u000a    alter table Account \u000d\u000a       drop constraint FKo0e631iggxklw8ovcor4xb6j2
\u000d\u000a    alter table Customer \u000d\u000a       drop constraint FKnd4tash4yf85cfys9js4hgk5y
\u000d\u000a    alter table Customer \u000d\u000a       drop constraint FK6gva4rgn1vhlc626hq451hnx5
\u000d\u000a    alter table Customer \u000d\u000a       drop constraint FKonpc0wle0tsg9t07166ys4v3n
\u000d\u000a    alter table LineItem \u000d\u000a       drop constraint FKeiqja1yu3l5ox1o0fnkb3bau9
\u000d\u000a    alter table LineItem \u000d\u000a       drop constraint FKbcbihcuq4hwhe7216yx46otur
\u000d\u000a    alter table LineItem \u000d\u000a       drop constraint FKpgi56pqsa4ngh3djssq0bpueh
\u000d\u000a    alter table Payment \u000d\u000a       drop constraint FK8yqh4y6bkyvog1o45bxh8n07s
\u000d\u000a    alter table Payment \u000d\u000a       drop constraint FKjq4wsfw0xr2vrjl4ak1nm08ip
\u000d\u000a    alter table Pedido \u000d\u000a       drop constraint FK7xokuce499okknubjkmuep2bv
\u000d\u000a    alter table Pedido \u000d\u000a       drop constraint FK3jaaw2pi9w9yx90sxcb5ds6bw
\u000d\u000a    alter table ShoppingCart \u000d\u000a       drop constraint FK3ps28nr0pvvhm7571g4py9cwb
\u000d\u000a    drop table Account if exists
\u000d\u000a    drop table Address if exists
\u000d\u000a    drop table Customer if exists
\u000d\u000a    drop table LineItem if exists
\u000d\u000a    drop table Payment if exists
\u000d\u000a    drop table Pedido if exists
\u000d\u000a    drop table Product if exists
\u000d\u000a    drop table ShoppingCart if exists
\u000d\u000a    drop table WebUser if exists
\u000d\u000a    drop sequence hibernate_sequence if exists
create sequence hibernate_sequence start with 1 increment by 1
\u000d\u000a    create table Account (\u000d\u000a       id bigint not null,\u000d\u000a        closed date,\u000d\u000a        isClosed boolean,\u000d\u000a        open date,\u000d\u000a        idBillingAddress bigint,\u000d\u000a        idShoppingCart bigint,\u000d\u000a        primary key (id)\u000d\u000a    )
\u000d\u000a    create table Address (\u000d\u000a       id bigint not null,\u000d\u000a        city varchar(255),\u000d\u000a        country varchar(255),\u000d\u000a        state varchar(255),\u000d\u000a        street varchar(255),\u000d\u000a        zip varchar(255),\u000d\u000a        primary key (id)\u000d\u000a    )
\u000d\u000a    create table Customer (\u000d\u000a       id bigint not null,\u000d\u000a        email varchar(255),\u000d\u000a        name varchar(255),\u000d\u000a        phone varchar(255),\u000d\u000a        idAccount bigint,\u000d\u000a        idEndereco bigint,\u000d\u000a        idWebUser bigint,\u000d\u000a        primary key (id)\u000d\u000a    )
\u000d\u000a    create table LineItem (\u000d\u000a       id bigint not null,\u000d\u000a        price float,\u000d\u000a        quantity integer not null,\u000d\u000a        idOrder bigint,\u000d\u000a        idProduct bigint,\u000d\u000a        idShoppingCart bigint,\u000d\u000a        primary key (id)\u000d\u000a    )
\u000d\u000a    create table Payment (\u000d\u000a       id bigint not null,\u000d\u000a        details varchar(255),\u000d\u000a        paid date,\u000d\u000a        total float,\u000d\u000a        idAccount bigint,\u000d\u000a        idOrder bigint,\u000d\u000a        primary key (id)\u000d\u000a    )
\u000d\u000a    create table Pedido (\u000d\u000a       id bigint not null,\u000d\u000a        ordered date,\u000d\u000a        shipped date,\u000d\u000a        status integer,\u000d\u000a        total float,\u000d\u000a        idAccount bigint,\u000d\u000a        idShipTo bigint,\u000d\u000a        primary key (id)\u000d\u000a    )
\u000d\u000a    create table Product (\u000d\u000a       id bigint not null,\u000d\u000a        name varchar(255),\u000d\u000a        suppiler varchar(255),\u000d\u000a        primary key (id)\u000d\u000a    )
\u000d\u000a    create table ShoppingCart (\u000d\u000a       id bigint not null,\u000d\u000a        created date,\u000d\u000a        idWebUser bigint,\u000d\u000a        primary key (id)\u000d\u000a    )
\u000d\u000a    create table WebUser (\u000d\u000a       id bigint not null,\u000d\u000a        password varchar(255),\u000d\u000a        userState integer,\u000d\u000a        primary key (id)\u000d\u000a    )
\u000d\u000a    alter table Account \u000d\u000a       add constraint FK208qly853ydhqch1i3qqbnyig \u000d\u000a       foreign key (idBillingAddress) \u000d\u000a       references Address
\u000d\u000a    alter table Account \u000d\u000a       add constraint FKo0e631iggxklw8ovcor4xb6j2 \u000d\u000a       foreign key (idShoppingCart) \u000d\u000a       references ShoppingCart
\u000d\u000a    alter table Customer \u000d\u000a       add constraint FKnd4tash4yf85cfys9js4hgk5y \u000d\u000a       foreign key (idAccount) \u000d\u000a       references Account
\u000d\u000a    alter table Customer \u000d\u000a       add constraint FK6gva4rgn1vhlc626hq451hnx5 \u000d\u000a       foreign key (idEndereco) \u000d\u000a       references Address
\u000d\u000a    alter table Customer \u000d\u000a       add constraint FKonpc0wle0tsg9t07166ys4v3n \u000d\u000a       foreign key (idWebUser) \u000d\u000a       references WebUser
\u000d\u000a    alter table LineItem \u000d\u000a       add constraint FKeiqja1yu3l5ox1o0fnkb3bau9 \u000d\u000a       foreign key (idOrder) \u000d\u000a       references Pedido
\u000d\u000a    alter table LineItem \u000d\u000a       add constraint FKbcbihcuq4hwhe7216yx46otur \u000d\u000a       foreign key (idProduct) \u000d\u000a       references Product
\u000d\u000a    alter table LineItem \u000d\u000a       add constraint FKpgi56pqsa4ngh3djssq0bpueh \u000d\u000a       foreign key (idShoppingCart) \u000d\u000a       references ShoppingCart
\u000d\u000a    alter table Payment \u000d\u000a       add constraint FK8yqh4y6bkyvog1o45bxh8n07s \u000d\u000a       foreign key (idAccount) \u000d\u000a       references Account
\u000d\u000a    alter table Payment \u000d\u000a       add constraint FKjq4wsfw0xr2vrjl4ak1nm08ip \u000d\u000a       foreign key (idOrder) \u000d\u000a       references Pedido
\u000d\u000a    alter table Pedido \u000d\u000a       add constraint FK7xokuce499okknubjkmuep2bv \u000d\u000a       foreign key (idAccount) \u000d\u000a       references Account
\u000d\u000a    alter table Pedido \u000d\u000a       add constraint FK3jaaw2pi9w9yx90sxcb5ds6bw \u000d\u000a       foreign key (idShipTo) \u000d\u000a       references Address
\u000d\u000a    alter table ShoppingCart \u000d\u000a       add constraint FK3ps28nr0pvvhm7571g4py9cwb \u000d\u000a       foreign key (idWebUser) \u000d\u000a       references WebUser
INSERT INTO CUSTOMER VALUES(1,'william@gmail.com','William','90880988',NULL,NULL,NULL)
ALTER SEQUENCE PUBLIC.HIBERNATE_SEQUENCE RESTART WITH 2
COMMIT
INSERT INTO SHOPPINGCART VALUES(4,'2019-10-01',NULL)
INSERT INTO ACCOUNT VALUES(3,'2019-10-16',FALSE,'2019-10-01',NULL,4)
INSERT INTO PEDIDO VALUES(5,'2019-10-01','2019-10-01',NULL,200.0E0,NULL,NULL)
INSERT INTO CUSTOMER VALUES(2,'william@gmail.com','Willliam','90880988',3,NULL,NULL)
ALTER SEQUENCE PUBLIC.HIBERNATE_SEQUENCE RESTART WITH 6
COMMIT
DISCONNECT
/*C44*/SET SCHEMA PUBLIC
\u000d\u000a    alter table Account \u000d\u000a       drop constraint FK208qly853ydhqch1i3qqbnyig
\u000d\u000a    alter table Account \u000d\u000a       drop constraint FKo0e631iggxklw8ovcor4xb6j2
\u000d\u000a    alter table Customer \u000d\u000a       drop constraint FKnd4tash4yf85cfys9js4hgk5y
\u000d\u000a    alter table Customer \u000d\u000a       drop constraint FK6gva4rgn1vhlc626hq451hnx5
\u000d\u000a    alter table Customer \u000d\u000a       drop constraint FKonpc0wle0tsg9t07166ys4v3n
\u000d\u000a    alter table LineItem \u000d\u000a       drop constraint FKeiqja1yu3l5ox1o0fnkb3bau9
\u000d\u000a    alter table LineItem \u000d\u000a       drop constraint FKbcbihcuq4hwhe7216yx46otur
\u000d\u000a    alter table LineItem \u000d\u000a       drop constraint FKpgi56pqsa4ngh3djssq0bpueh
\u000d\u000a    alter table Payment \u000d\u000a       drop constraint FK8yqh4y6bkyvog1o45bxh8n07s
\u000d\u000a    alter table Payment \u000d\u000a       drop constraint FKjq4wsfw0xr2vrjl4ak1nm08ip
\u000d\u000a    alter table Pedido \u000d\u000a       drop constraint FK7xokuce499okknubjkmuep2bv
\u000d\u000a    alter table Pedido \u000d\u000a       drop constraint FK3jaaw2pi9w9yx90sxcb5ds6bw
\u000d\u000a    alter table ShoppingCart \u000d\u000a       drop constraint FK3ps28nr0pvvhm7571g4py9cwb
\u000d\u000a    drop table Account if exists
\u000d\u000a    drop table Address if exists
\u000d\u000a    drop table Customer if exists
\u000d\u000a    drop table LineItem if exists
\u000d\u000a    drop table Payment if exists
\u000d\u000a    drop table Pedido if exists
\u000d\u000a    drop table Product if exists
\u000d\u000a    drop table ShoppingCart if exists
\u000d\u000a    drop table WebUser if exists
\u000d\u000a    drop sequence hibernate_sequence if exists
create sequence hibernate_sequence start with 1 increment by 1
\u000d\u000a    create table Account (\u000d\u000a       id bigint not null,\u000d\u000a        closed date,\u000d\u000a        isClosed boolean,\u000d\u000a        open date,\u000d\u000a        idBillingAddress bigint,\u000d\u000a        idShoppingCart bigint,\u000d\u000a        primary key (id)\u000d\u000a    )
\u000d\u000a    create table Address (\u000d\u000a       id bigint not null,\u000d\u000a        city varchar(255),\u000d\u000a        country varchar(255),\u000d\u000a        state varchar(255),\u000d\u000a        street varchar(255),\u000d\u000a        zip varchar(255),\u000d\u000a        primary key (id)\u000d\u000a    )
\u000d\u000a    create table Customer (\u000d\u000a       id bigint not null,\u000d\u000a        email varchar(255),\u000d\u000a        name varchar(255),\u000d\u000a        phone varchar(255),\u000d\u000a        idAccount bigint,\u000d\u000a        idEndereco bigint,\u000d\u000a        idWebUser bigint,\u000d\u000a        primary key (id)\u000d\u000a    )
\u000d\u000a    create table LineItem (\u000d\u000a       id bigint not null,\u000d\u000a        price float,\u000d\u000a        quantity integer not null,\u000d\u000a        idOrder bigint,\u000d\u000a        idProduct bigint,\u000d\u000a        idShoppingCart bigint,\u000d\u000a        primary key (id)\u000d\u000a    )
\u000d\u000a    create table Payment (\u000d\u000a       id bigint not null,\u000d\u000a        details varchar(255),\u000d\u000a        paid date,\u000d\u000a        total float,\u000d\u000a        idAccount bigint,\u000d\u000a        idOrder bigint,\u000d\u000a        primary key (id)\u000d\u000a    )
\u000d\u000a    create table Pedido (\u000d\u000a       id bigint not null,\u000d\u000a        ordered date,\u000d\u000a        shipped date,\u000d\u000a        status integer,\u000d\u000a        total float,\u000d\u000a        idAccount bigint,\u000d\u000a        idShipTo bigint,\u000d\u000a        primary key (id)\u000d\u000a    )
\u000d\u000a    create table Product (\u000d\u000a       id bigint not null,\u000d\u000a        name varchar(255),\u000d\u000a        suppiler varchar(255),\u000d\u000a        primary key (id)\u000d\u000a    )
\u000d\u000a    create table ShoppingCart (\u000d\u000a       id bigint not null,\u000d\u000a        created date,\u000d\u000a        idWebUser bigint,\u000d\u000a        primary key (id)\u000d\u000a    )
\u000d\u000a    create table WebUser (\u000d\u000a       id bigint not null,\u000d\u000a        password varchar(255),\u000d\u000a        userState integer,\u000d\u000a        primary key (id)\u000d\u000a    )
\u000d\u000a    alter table Account \u000d\u000a       add constraint FK208qly853ydhqch1i3qqbnyig \u000d\u000a       foreign key (idBillingAddress) \u000d\u000a       references Address
\u000d\u000a    alter table Account \u000d\u000a       add constraint FKo0e631iggxklw8ovcor4xb6j2 \u000d\u000a       foreign key (idShoppingCart) \u000d\u000a       references ShoppingCart
\u000d\u000a    alter table Customer \u000d\u000a       add constraint FKnd4tash4yf85cfys9js4hgk5y \u000d\u000a       foreign key (idAccount) \u000d\u000a       references Account
\u000d\u000a    alter table Customer \u000d\u000a       add constraint FK6gva4rgn1vhlc626hq451hnx5 \u000d\u000a       foreign key (idEndereco) \u000d\u000a       references Address
\u000d\u000a    alter table Customer \u000d\u000a       add constraint FKonpc0wle0tsg9t07166ys4v3n \u000d\u000a       foreign key (idWebUser) \u000d\u000a       references WebUser
\u000d\u000a    alter table LineItem \u000d\u000a       add constraint FKeiqja1yu3l5ox1o0fnkb3bau9 \u000d\u000a       foreign key (idOrder) \u000d\u000a       references Pedido
\u000d\u000a    alter table LineItem \u000d\u000a       add constraint FKbcbihcuq4hwhe7216yx46otur \u000d\u000a       foreign key (idProduct) \u000d\u000a       references Product
\u000d\u000a    alter table LineItem \u000d\u000a       add constraint FKpgi56pqsa4ngh3djssq0bpueh \u000d\u000a       foreign key (idShoppingCart) \u000d\u000a       references ShoppingCart
\u000d\u000a    alter table Payment \u000d\u000a       add constraint FK8yqh4y6bkyvog1o45bxh8n07s \u000d\u000a       foreign key (idAccount) \u000d\u000a       references Account
\u000d\u000a    alter table Payment \u000d\u000a       add constraint FKjq4wsfw0xr2vrjl4ak1nm08ip \u000d\u000a       foreign key (idOrder) \u000d\u000a       references Pedido
\u000d\u000a    alter table Pedido \u000d\u000a       add constraint FK7xokuce499okknubjkmuep2bv \u000d\u000a       foreign key (idAccount) \u000d\u000a       references Account
\u000d\u000a    alter table Pedido \u000d\u000a       add constraint FK3jaaw2pi9w9yx90sxcb5ds6bw \u000d\u000a       foreign key (idShipTo) \u000d\u000a       references Address
\u000d\u000a    alter table ShoppingCart \u000d\u000a       add constraint FK3ps28nr0pvvhm7571g4py9cwb \u000d\u000a       foreign key (idWebUser) \u000d\u000a       references WebUser
INSERT INTO CUSTOMER VALUES(1,'william@gmail.com','William','90880988',NULL,NULL,NULL)
ALTER SEQUENCE PUBLIC.HIBERNATE_SEQUENCE RESTART WITH 2
COMMIT
INSERT INTO SHOPPINGCART VALUES(4,'2019-10-01',NULL)
INSERT INTO ACCOUNT VALUES(3,'2019-10-16',FALSE,'2019-10-01',NULL,4)
INSERT INTO PEDIDO VALUES(5,'2019-10-01','2019-10-01',NULL,200.0E0,NULL,NULL)
INSERT INTO CUSTOMER VALUES(2,'william@gmail.com','Willliam','90880988',3,NULL,NULL)
ALTER SEQUENCE PUBLIC.HIBERNATE_SEQUENCE RESTART WITH 6
COMMIT
DISCONNECT
/*C45*/SET SCHEMA PUBLIC
\u000d\u000a    alter table Account \u000d\u000a       drop constraint FK208qly853ydhqch1i3qqbnyig
\u000d\u000a    alter table Account \u000d\u000a       drop constraint FKo0e631iggxklw8ovcor4xb6j2
\u000d\u000a    alter table Customer \u000d\u000a       drop constraint FKnd4tash4yf85cfys9js4hgk5y
\u000d\u000a    alter table Customer \u000d\u000a       drop constraint FK6gva4rgn1vhlc626hq451hnx5
\u000d\u000a    alter table Customer \u000d\u000a       drop constraint FKonpc0wle0tsg9t07166ys4v3n
\u000d\u000a    alter table LineItem \u000d\u000a       drop constraint FKeiqja1yu3l5ox1o0fnkb3bau9
\u000d\u000a    alter table LineItem \u000d\u000a       drop constraint FKbcbihcuq4hwhe7216yx46otur
\u000d\u000a    alter table LineItem \u000d\u000a       drop constraint FKpgi56pqsa4ngh3djssq0bpueh
\u000d\u000a    alter table Payment \u000d\u000a       drop constraint FK8yqh4y6bkyvog1o45bxh8n07s
\u000d\u000a    alter table Payment \u000d\u000a       drop constraint FKjq4wsfw0xr2vrjl4ak1nm08ip
\u000d\u000a    alter table Pedido \u000d\u000a       drop constraint FK7xokuce499okknubjkmuep2bv
\u000d\u000a    alter table Pedido \u000d\u000a       drop constraint FK3jaaw2pi9w9yx90sxcb5ds6bw
\u000d\u000a    alter table ShoppingCart \u000d\u000a       drop constraint FK3ps28nr0pvvhm7571g4py9cwb
\u000d\u000a    drop table Account if exists
\u000d\u000a    drop table Address if exists
\u000d\u000a    drop table Customer if exists
\u000d\u000a    drop table LineItem if exists
\u000d\u000a    drop table Payment if exists
\u000d\u000a    drop table Pedido if exists
\u000d\u000a    drop table Product if exists
\u000d\u000a    drop table ShoppingCart if exists
\u000d\u000a    drop table WebUser if exists
\u000d\u000a    drop sequence hibernate_sequence if exists
create sequence hibernate_sequence start with 1 increment by 1
\u000d\u000a    create table Account (\u000d\u000a       id bigint not null,\u000d\u000a        closed date,\u000d\u000a        isClosed boolean,\u000d\u000a        open date,\u000d\u000a        idBillingAddress bigint,\u000d\u000a        idShoppingCart bigint,\u000d\u000a        primary key (id)\u000d\u000a    )
\u000d\u000a    create table Address (\u000d\u000a       id bigint not null,\u000d\u000a        city varchar(255),\u000d\u000a        country varchar(255),\u000d\u000a        state varchar(255),\u000d\u000a        street varchar(255),\u000d\u000a        zip varchar(255),\u000d\u000a        primary key (id)\u000d\u000a    )
\u000d\u000a    create table Customer (\u000d\u000a       id bigint not null,\u000d\u000a        email varchar(255),\u000d\u000a        name varchar(255),\u000d\u000a        phone varchar(255),\u000d\u000a        idAccount bigint,\u000d\u000a        idEndereco bigint,\u000d\u000a        idWebUser bigint,\u000d\u000a        primary key (id)\u000d\u000a    )
\u000d\u000a    create table LineItem (\u000d\u000a       id bigint not null,\u000d\u000a        price float,\u000d\u000a        quantity integer not null,\u000d\u000a        idOrder bigint,\u000d\u000a        idProduct bigint,\u000d\u000a        idShoppingCart bigint,\u000d\u000a        primary key (id)\u000d\u000a    )
\u000d\u000a    create table Payment (\u000d\u000a       id bigint not null,\u000d\u000a        details varchar(255),\u000d\u000a        paid date,\u000d\u000a        total float,\u000d\u000a        idAccount bigint,\u000d\u000a        idOrder bigint,\u000d\u000a        primary key (id)\u000d\u000a    )
\u000d\u000a    create table Pedido (\u000d\u000a       id bigint not null,\u000d\u000a        ordered date,\u000d\u000a        shipped date,\u000d\u000a        status integer,\u000d\u000a        total float,\u000d\u000a        idAccount bigint,\u000d\u000a        idShipTo bigint,\u000d\u000a        primary key (id)\u000d\u000a    )
\u000d\u000a    create table Product (\u000d\u000a       id bigint not null,\u000d\u000a        name varchar(255),\u000d\u000a        suppiler varchar(255),\u000d\u000a        primary key (id)\u000d\u000a    )
\u000d\u000a    create table ShoppingCart (\u000d\u000a       id bigint not null,\u000d\u000a        created date,\u000d\u000a        idWebUser bigint,\u000d\u000a        primary key (id)\u000d\u000a    )
\u000d\u000a    create table WebUser (\u000d\u000a       id bigint not null,\u000d\u000a        password varchar(255),\u000d\u000a        userState integer,\u000d\u000a        primary key (id)\u000d\u000a    )
\u000d\u000a    alter table Account \u000d\u000a       add constraint FK208qly853ydhqch1i3qqbnyig \u000d\u000a       foreign key (idBillingAddress) \u000d\u000a       references Address
\u000d\u000a    alter table Account \u000d\u000a       add constraint FKo0e631iggxklw8ovcor4xb6j2 \u000d\u000a       foreign key (idShoppingCart) \u000d\u000a       references ShoppingCart
\u000d\u000a    alter table Customer \u000d\u000a       add constraint FKnd4tash4yf85cfys9js4hgk5y \u000d\u000a       foreign key (idAccount) \u000d\u000a       references Account
\u000d\u000a    alter table Customer \u000d\u000a       add constraint FK6gva4rgn1vhlc626hq451hnx5 \u000d\u000a       foreign key (idEndereco) \u000d\u000a       references Address
\u000d\u000a    alter table Customer \u000d\u000a       add constraint FKonpc0wle0tsg9t07166ys4v3n \u000d\u000a       foreign key (idWebUser) \u000d\u000a       references WebUser
\u000d\u000a    alter table LineItem \u000d\u000a       add constraint FKeiqja1yu3l5ox1o0fnkb3bau9 \u000d\u000a       foreign key (idOrder) \u000d\u000a       references Pedido
\u000d\u000a    alter table LineItem \u000d\u000a       add constraint FKbcbihcuq4hwhe7216yx46otur \u000d\u000a       foreign key (idProduct) \u000d\u000a       references Product
\u000d\u000a    alter table LineItem \u000d\u000a       add constraint FKpgi56pqsa4ngh3djssq0bpueh \u000d\u000a       foreign key (idShoppingCart) \u000d\u000a       references ShoppingCart
\u000d\u000a    alter table Payment \u000d\u000a       add constraint FK8yqh4y6bkyvog1o45bxh8n07s \u000d\u000a       foreign key (idAccount) \u000d\u000a       references Account
\u000d\u000a    alter table Payment \u000d\u000a       add constraint FKjq4wsfw0xr2vrjl4ak1nm08ip \u000d\u000a       foreign key (idOrder) \u000d\u000a       references Pedido
\u000d\u000a    alter table Pedido \u000d\u000a       add constraint FK7xokuce499okknubjkmuep2bv \u000d\u000a       foreign key (idAccount) \u000d\u000a       references Account
\u000d\u000a    alter table Pedido \u000d\u000a       add constraint FK3jaaw2pi9w9yx90sxcb5ds6bw \u000d\u000a       foreign key (idShipTo) \u000d\u000a       references Address
\u000d\u000a    alter table ShoppingCart \u000d\u000a       add constraint FK3ps28nr0pvvhm7571g4py9cwb \u000d\u000a       foreign key (idWebUser) \u000d\u000a       references WebUser
INSERT INTO CUSTOMER VALUES(1,'william@gmail.com','William','90880988',NULL,NULL,NULL)
ALTER SEQUENCE PUBLIC.HIBERNATE_SEQUENCE RESTART WITH 2
COMMIT
INSERT INTO SHOPPINGCART VALUES(4,'2019-10-01',NULL)
INSERT INTO ACCOUNT VALUES(3,'2019-10-16',FALSE,'2019-10-01',NULL,4)
INSERT INTO PEDIDO VALUES(5,'2019-10-01','2019-10-01',NULL,200.0E0,NULL,NULL)
INSERT INTO CUSTOMER VALUES(2,'william@gmail.com','Willliam','90880988',3,NULL,NULL)
ALTER SEQUENCE PUBLIC.HIBERNATE_SEQUENCE RESTART WITH 6
COMMIT
DISCONNECT
/*C46*/SET SCHEMA PUBLIC
\u000d\u000a    alter table Account \u000d\u000a       drop constraint FK208qly853ydhqch1i3qqbnyig
\u000d\u000a    alter table Account \u000d\u000a       drop constraint FKo0e631iggxklw8ovcor4xb6j2
\u000d\u000a    alter table Customer \u000d\u000a       drop constraint FKnd4tash4yf85cfys9js4hgk5y
\u000d\u000a    alter table Customer \u000d\u000a       drop constraint FK6gva4rgn1vhlc626hq451hnx5
\u000d\u000a    alter table Customer \u000d\u000a       drop constraint FKonpc0wle0tsg9t07166ys4v3n
\u000d\u000a    alter table LineItem \u000d\u000a       drop constraint FKeiqja1yu3l5ox1o0fnkb3bau9
\u000d\u000a    alter table LineItem \u000d\u000a       drop constraint FKbcbihcuq4hwhe7216yx46otur
\u000d\u000a    alter table LineItem \u000d\u000a       drop constraint FKpgi56pqsa4ngh3djssq0bpueh
\u000d\u000a    alter table Payment \u000d\u000a       drop constraint FK8yqh4y6bkyvog1o45bxh8n07s
\u000d\u000a    alter table Payment \u000d\u000a       drop constraint FKjq4wsfw0xr2vrjl4ak1nm08ip
\u000d\u000a    alter table Pedido \u000d\u000a       drop constraint FK7xokuce499okknubjkmuep2bv
\u000d\u000a    alter table Pedido \u000d\u000a       drop constraint FK3jaaw2pi9w9yx90sxcb5ds6bw
\u000d\u000a    alter table ShoppingCart \u000d\u000a       drop constraint FK3ps28nr0pvvhm7571g4py9cwb
\u000d\u000a    drop table Account if exists
\u000d\u000a    drop table Address if exists
\u000d\u000a    drop table Customer if exists
\u000d\u000a    drop table LineItem if exists
\u000d\u000a    drop table Payment if exists
\u000d\u000a    drop table Pedido if exists
\u000d\u000a    drop table Product if exists
\u000d\u000a    drop table ShoppingCart if exists
\u000d\u000a    drop table WebUser if exists
\u000d\u000a    drop sequence hibernate_sequence if exists
create sequence hibernate_sequence start with 1 increment by 1
\u000d\u000a    create table Account (\u000d\u000a       id bigint not null,\u000d\u000a        closed date,\u000d\u000a        isClosed boolean,\u000d\u000a        open date,\u000d\u000a        idBillingAddress bigint,\u000d\u000a        idShoppingCart bigint,\u000d\u000a        primary key (id)\u000d\u000a    )
\u000d\u000a    create table Address (\u000d\u000a       id bigint not null,\u000d\u000a        city varchar(255),\u000d\u000a        country varchar(255),\u000d\u000a        state varchar(255),\u000d\u000a        street varchar(255),\u000d\u000a        zip varchar(255),\u000d\u000a        primary key (id)\u000d\u000a    )
\u000d\u000a    create table Customer (\u000d\u000a       id bigint not null,\u000d\u000a        email varchar(255),\u000d\u000a        name varchar(255),\u000d\u000a        phone varchar(255),\u000d\u000a        idAccount bigint,\u000d\u000a        idEndereco bigint,\u000d\u000a        idWebUser bigint,\u000d\u000a        primary key (id)\u000d\u000a    )
\u000d\u000a    create table LineItem (\u000d\u000a       id bigint not null,\u000d\u000a        price float,\u000d\u000a        quantity integer not null,\u000d\u000a        idOrder bigint,\u000d\u000a        idProduct bigint,\u000d\u000a        idShoppingCart bigint,\u000d\u000a        primary key (id)\u000d\u000a    )
\u000d\u000a    create table Payment (\u000d\u000a       id bigint not null,\u000d\u000a        details varchar(255),\u000d\u000a        paid date,\u000d\u000a        total float,\u000d\u000a        idAccount bigint,\u000d\u000a        idOrder bigint,\u000d\u000a        primary key (id)\u000d\u000a    )
\u000d\u000a    create table Pedido (\u000d\u000a       id bigint not null,\u000d\u000a        ordered date,\u000d\u000a        shipped date,\u000d\u000a        status integer,\u000d\u000a        total float,\u000d\u000a        idAccount bigint,\u000d\u000a        idShipTo bigint,\u000d\u000a        primary key (id)\u000d\u000a    )
\u000d\u000a    create table Product (\u000d\u000a       id bigint not null,\u000d\u000a        name varchar(255),\u000d\u000a        suppiler varchar(255),\u000d\u000a        primary key (id)\u000d\u000a    )
\u000d\u000a    create table ShoppingCart (\u000d\u000a       id bigint not null,\u000d\u000a        created date,\u000d\u000a        idWebUser bigint,\u000d\u000a        primary key (id)\u000d\u000a    )
\u000d\u000a    create table WebUser (\u000d\u000a       id bigint not null,\u000d\u000a        password varchar(255),\u000d\u000a        userState integer,\u000d\u000a        primary key (id)\u000d\u000a    )
\u000d\u000a    alter table Account \u000d\u000a       add constraint FK208qly853ydhqch1i3qqbnyig \u000d\u000a       foreign key (idBillingAddress) \u000d\u000a       references Address
\u000d\u000a    alter table Account \u000d\u000a       add constraint FKo0e631iggxklw8ovcor4xb6j2 \u000d\u000a       foreign key (idShoppingCart) \u000d\u000a       references ShoppingCart
\u000d\u000a    alter table Customer \u000d\u000a       add constraint FKnd4tash4yf85cfys9js4hgk5y \u000d\u000a       foreign key (idAccount) \u000d\u000a       references Account
\u000d\u000a    alter table Customer \u000d\u000a       add constraint FK6gva4rgn1vhlc626hq451hnx5 \u000d\u000a       foreign key (idEndereco) \u000d\u000a       references Address
\u000d\u000a    alter table Customer \u000d\u000a       add constraint FKonpc0wle0tsg9t07166ys4v3n \u000d\u000a       foreign key (idWebUser) \u000d\u000a       references WebUser
\u000d\u000a    alter table LineItem \u000d\u000a       add constraint FKeiqja1yu3l5ox1o0fnkb3bau9 \u000d\u000a       foreign key (idOrder) \u000d\u000a       references Pedido
\u000d\u000a    alter table LineItem \u000d\u000a       add constraint FKbcbihcuq4hwhe7216yx46otur \u000d\u000a       foreign key (idProduct) \u000d\u000a       references Product
\u000d\u000a    alter table LineItem \u000d\u000a       add constraint FKpgi56pqsa4ngh3djssq0bpueh \u000d\u000a       foreign key (idShoppingCart) \u000d\u000a       references ShoppingCart
\u000d\u000a    alter table Payment \u000d\u000a       add constraint FK8yqh4y6bkyvog1o45bxh8n07s \u000d\u000a       foreign key (idAccount) \u000d\u000a       references Account
\u000d\u000a    alter table Payment \u000d\u000a       add constraint FKjq4wsfw0xr2vrjl4ak1nm08ip \u000d\u000a       foreign key (idOrder) \u000d\u000a       references Pedido
\u000d\u000a    alter table Pedido \u000d\u000a       add constraint FK7xokuce499okknubjkmuep2bv \u000d\u000a       foreign key (idAccount) \u000d\u000a       references Account
\u000d\u000a    alter table Pedido \u000d\u000a       add constraint FK3jaaw2pi9w9yx90sxcb5ds6bw \u000d\u000a       foreign key (idShipTo) \u000d\u000a       references Address
\u000d\u000a    alter table ShoppingCart \u000d\u000a       add constraint FK3ps28nr0pvvhm7571g4py9cwb \u000d\u000a       foreign key (idWebUser) \u000d\u000a       references WebUser
INSERT INTO CUSTOMER VALUES(1,'william@gmail.com','William','90880988',NULL,NULL,NULL)
ALTER SEQUENCE PUBLIC.HIBERNATE_SEQUENCE RESTART WITH 2
COMMIT
INSERT INTO SHOPPINGCART VALUES(4,'2019-10-01',NULL)
INSERT INTO ACCOUNT VALUES(3,'2019-10-16',FALSE,'2019-10-01',NULL,4)
INSERT INTO PEDIDO VALUES(5,'2019-10-01','2019-10-01',NULL,200.0E0,NULL,NULL)
INSERT INTO CUSTOMER VALUES(2,'william@gmail.com','Willliam','90880988',3,NULL,NULL)
ALTER SEQUENCE PUBLIC.HIBERNATE_SEQUENCE RESTART WITH 6
COMMIT
DISCONNECT
/*C47*/SET SCHEMA PUBLIC
\u000d\u000a    alter table Account \u000d\u000a       drop constraint FK208qly853ydhqch1i3qqbnyig
\u000d\u000a    alter table Account \u000d\u000a       drop constraint FKo0e631iggxklw8ovcor4xb6j2
\u000d\u000a    alter table Customer \u000d\u000a       drop constraint FKnd4tash4yf85cfys9js4hgk5y
\u000d\u000a    alter table Customer \u000d\u000a       drop constraint FK6gva4rgn1vhlc626hq451hnx5
\u000d\u000a    alter table Customer \u000d\u000a       drop constraint FKonpc0wle0tsg9t07166ys4v3n
\u000d\u000a    alter table LineItem \u000d\u000a       drop constraint FKeiqja1yu3l5ox1o0fnkb3bau9
\u000d\u000a    alter table LineItem \u000d\u000a       drop constraint FKbcbihcuq4hwhe7216yx46otur
\u000d\u000a    alter table LineItem \u000d\u000a       drop constraint FKpgi56pqsa4ngh3djssq0bpueh
\u000d\u000a    alter table Payment \u000d\u000a       drop constraint FK8yqh4y6bkyvog1o45bxh8n07s
\u000d\u000a    alter table Payment \u000d\u000a       drop constraint FKjq4wsfw0xr2vrjl4ak1nm08ip
\u000d\u000a    alter table Pedido \u000d\u000a       drop constraint FK7xokuce499okknubjkmuep2bv
\u000d\u000a    alter table Pedido \u000d\u000a       drop constraint FK3jaaw2pi9w9yx90sxcb5ds6bw
\u000d\u000a    alter table ShoppingCart \u000d\u000a       drop constraint FK3ps28nr0pvvhm7571g4py9cwb
\u000d\u000a    drop table Account if exists
\u000d\u000a    drop table Address if exists
\u000d\u000a    drop table Customer if exists
\u000d\u000a    drop table LineItem if exists
\u000d\u000a    drop table Payment if exists
\u000d\u000a    drop table Pedido if exists
\u000d\u000a    drop table Product if exists
\u000d\u000a    drop table ShoppingCart if exists
\u000d\u000a    drop table WebUser if exists
\u000d\u000a    drop sequence hibernate_sequence if exists
create sequence hibernate_sequence start with 1 increment by 1
\u000d\u000a    create table Account (\u000d\u000a       id bigint not null,\u000d\u000a        closed date,\u000d\u000a        isClosed boolean,\u000d\u000a        open date,\u000d\u000a        idBillingAddress bigint,\u000d\u000a        idShoppingCart bigint,\u000d\u000a        primary key (id)\u000d\u000a    )
\u000d\u000a    create table Address (\u000d\u000a       id bigint not null,\u000d\u000a        city varchar(255),\u000d\u000a        country varchar(255),\u000d\u000a        state varchar(255),\u000d\u000a        street varchar(255),\u000d\u000a        zip varchar(255),\u000d\u000a        primary key (id)\u000d\u000a    )
\u000d\u000a    create table Customer (\u000d\u000a       id bigint not null,\u000d\u000a        email varchar(255),\u000d\u000a        name varchar(255),\u000d\u000a        phone varchar(255),\u000d\u000a        idAccount bigint,\u000d\u000a        idEndereco bigint,\u000d\u000a        idWebUser bigint,\u000d\u000a        primary key (id)\u000d\u000a    )
\u000d\u000a    create table LineItem (\u000d\u000a       id bigint not null,\u000d\u000a        price float,\u000d\u000a        quantity integer not null,\u000d\u000a        idOrder bigint,\u000d\u000a        idProduct bigint,\u000d\u000a        idShoppingCart bigint,\u000d\u000a        primary key (id)\u000d\u000a    )
\u000d\u000a    create table Payment (\u000d\u000a       id bigint not null,\u000d\u000a        details varchar(255),\u000d\u000a        paid date,\u000d\u000a        total float,\u000d\u000a        idAccount bigint,\u000d\u000a        idOrder bigint,\u000d\u000a        primary key (id)\u000d\u000a    )
\u000d\u000a    create table Pedido (\u000d\u000a       id bigint not null,\u000d\u000a        ordered date,\u000d\u000a        shipped date,\u000d\u000a        status integer,\u000d\u000a        total float,\u000d\u000a        idAccount bigint,\u000d\u000a        idShipTo bigint,\u000d\u000a        primary key (id)\u000d\u000a    )
\u000d\u000a    create table Product (\u000d\u000a       id bigint not null,\u000d\u000a        name varchar(255),\u000d\u000a        suppiler varchar(255),\u000d\u000a        primary key (id)\u000d\u000a    )
\u000d\u000a    create table ShoppingCart (\u000d\u000a       id bigint not null,\u000d\u000a        created date,\u000d\u000a        idWebUser bigint,\u000d\u000a        primary key (id)\u000d\u000a    )
\u000d\u000a    create table WebUser (\u000d\u000a       id bigint not null,\u000d\u000a        password varchar(255),\u000d\u000a        userState integer,\u000d\u000a        primary key (id)\u000d\u000a    )
\u000d\u000a    alter table Account \u000d\u000a       add constraint FK208qly853ydhqch1i3qqbnyig \u000d\u000a       foreign key (idBillingAddress) \u000d\u000a       references Address
\u000d\u000a    alter table Account \u000d\u000a       add constraint FKo0e631iggxklw8ovcor4xb6j2 \u000d\u000a       foreign key (idShoppingCart) \u000d\u000a       references ShoppingCart
\u000d\u000a    alter table Customer \u000d\u000a       add constraint FKnd4tash4yf85cfys9js4hgk5y \u000d\u000a       foreign key (idAccount) \u000d\u000a       references Account
\u000d\u000a    alter table Customer \u000d\u000a       add constraint FK6gva4rgn1vhlc626hq451hnx5 \u000d\u000a       foreign key (idEndereco) \u000d\u000a       references Address
\u000d\u000a    alter table Customer \u000d\u000a       add constraint FKonpc0wle0tsg9t07166ys4v3n \u000d\u000a       foreign key (idWebUser) \u000d\u000a       references WebUser
\u000d\u000a    alter table LineItem \u000d\u000a       add constraint FKeiqja1yu3l5ox1o0fnkb3bau9 \u000d\u000a       foreign key (idOrder) \u000d\u000a       references Pedido
\u000d\u000a    alter table LineItem \u000d\u000a       add constraint FKbcbihcuq4hwhe7216yx46otur \u000d\u000a       foreign key (idProduct) \u000d\u000a       references Product
\u000d\u000a    alter table LineItem \u000d\u000a       add constraint FKpgi56pqsa4ngh3djssq0bpueh \u000d\u000a       foreign key (idShoppingCart) \u000d\u000a       references ShoppingCart
\u000d\u000a    alter table Payment \u000d\u000a       add constraint FK8yqh4y6bkyvog1o45bxh8n07s \u000d\u000a       foreign key (idAccount) \u000d\u000a       references Account
\u000d\u000a    alter table Payment \u000d\u000a       add constraint FKjq4wsfw0xr2vrjl4ak1nm08ip \u000d\u000a       foreign key (idOrder) \u000d\u000a       references Pedido
\u000d\u000a    alter table Pedido \u000d\u000a       add constraint FK7xokuce499okknubjkmuep2bv \u000d\u000a       foreign key (idAccount) \u000d\u000a       references Account
\u000d\u000a    alter table Pedido \u000d\u000a       add constraint FK3jaaw2pi9w9yx90sxcb5ds6bw \u000d\u000a       foreign key (idShipTo) \u000d\u000a       references Address
\u000d\u000a    alter table ShoppingCart \u000d\u000a       add constraint FK3ps28nr0pvvhm7571g4py9cwb \u000d\u000a       foreign key (idWebUser) \u000d\u000a       references WebUser
INSERT INTO CUSTOMER VALUES(1,'william@gmail.com','William','90880988',NULL,NULL,NULL)
ALTER SEQUENCE PUBLIC.HIBERNATE_SEQUENCE RESTART WITH 2
COMMIT
INSERT INTO SHOPPINGCART VALUES(4,'2019-10-01',NULL)
INSERT INTO ACCOUNT VALUES(3,'2019-10-16',FALSE,'2019-10-01',NULL,4)
INSERT INTO PEDIDO VALUES(5,'2019-10-01','2019-10-01',NULL,200.0E0,NULL,NULL)
INSERT INTO CUSTOMER VALUES(2,'william@gmail.com','Willliam','90880988',3,NULL,NULL)
ALTER SEQUENCE PUBLIC.HIBERNATE_SEQUENCE RESTART WITH 6
COMMIT
DISCONNECT
/*C48*/SET SCHEMA PUBLIC
\u000d\u000a    alter table Account \u000d\u000a       drop constraint FK208qly853ydhqch1i3qqbnyig
\u000d\u000a    alter table Account \u000d\u000a       drop constraint FKo0e631iggxklw8ovcor4xb6j2
\u000d\u000a    alter table Customer \u000d\u000a       drop constraint FKnd4tash4yf85cfys9js4hgk5y
\u000d\u000a    alter table Customer \u000d\u000a       drop constraint FK6gva4rgn1vhlc626hq451hnx5
\u000d\u000a    alter table Customer \u000d\u000a       drop constraint FKonpc0wle0tsg9t07166ys4v3n
\u000d\u000a    alter table LineItem \u000d\u000a       drop constraint FKeiqja1yu3l5ox1o0fnkb3bau9
\u000d\u000a    alter table LineItem \u000d\u000a       drop constraint FKbcbihcuq4hwhe7216yx46otur
\u000d\u000a    alter table LineItem \u000d\u000a       drop constraint FKpgi56pqsa4ngh3djssq0bpueh
\u000d\u000a    alter table Payment \u000d\u000a       drop constraint FK8yqh4y6bkyvog1o45bxh8n07s
\u000d\u000a    alter table Payment \u000d\u000a       drop constraint FKjq4wsfw0xr2vrjl4ak1nm08ip
\u000d\u000a    alter table Pedido \u000d\u000a       drop constraint FK7xokuce499okknubjkmuep2bv
\u000d\u000a    alter table Pedido \u000d\u000a       drop constraint FK3jaaw2pi9w9yx90sxcb5ds6bw
\u000d\u000a    alter table ShoppingCart \u000d\u000a       drop constraint FK3ps28nr0pvvhm7571g4py9cwb
\u000d\u000a    drop table Account if exists
\u000d\u000a    drop table Address if exists
\u000d\u000a    drop table Customer if exists
\u000d\u000a    drop table LineItem if exists
\u000d\u000a    drop table Payment if exists
\u000d\u000a    drop table Pedido if exists
\u000d\u000a    drop table Product if exists
\u000d\u000a    drop table ShoppingCart if exists
\u000d\u000a    drop table WebUser if exists
\u000d\u000a    drop sequence hibernate_sequence if exists
create sequence hibernate_sequence start with 1 increment by 1
\u000d\u000a    create table Account (\u000d\u000a       id bigint not null,\u000d\u000a        closed date,\u000d\u000a        isClosed boolean,\u000d\u000a        open date,\u000d\u000a        idBillingAddress bigint,\u000d\u000a        idShoppingCart bigint,\u000d\u000a        primary key (id)\u000d\u000a    )
\u000d\u000a    create table Address (\u000d\u000a       id bigint not null,\u000d\u000a        city varchar(255),\u000d\u000a        country varchar(255),\u000d\u000a        state varchar(255),\u000d\u000a        street varchar(255),\u000d\u000a        zip varchar(255),\u000d\u000a        primary key (id)\u000d\u000a    )
\u000d\u000a    create table Customer (\u000d\u000a       id bigint not null,\u000d\u000a        email varchar(255),\u000d\u000a        name varchar(255),\u000d\u000a        phone varchar(255),\u000d\u000a        idAccount bigint,\u000d\u000a        idEndereco bigint,\u000d\u000a        idWebUser bigint,\u000d\u000a        primary key (id)\u000d\u000a    )
\u000d\u000a    create table LineItem (\u000d\u000a       id bigint not null,\u000d\u000a        price float,\u000d\u000a        quantity integer not null,\u000d\u000a        idOrder bigint,\u000d\u000a        idProduct bigint,\u000d\u000a        idShoppingCart bigint,\u000d\u000a        primary key (id)\u000d\u000a    )
\u000d\u000a    create table Payment (\u000d\u000a       id bigint not null,\u000d\u000a        details varchar(255),\u000d\u000a        paid date,\u000d\u000a        total float,\u000d\u000a        idAccount bigint,\u000d\u000a        idOrder bigint,\u000d\u000a        primary key (id)\u000d\u000a    )
\u000d\u000a    create table Pedido (\u000d\u000a       id bigint not null,\u000d\u000a        ordered date,\u000d\u000a        shipped date,\u000d\u000a        status integer,\u000d\u000a        total float,\u000d\u000a        idAccount bigint,\u000d\u000a        idShipTo bigint,\u000d\u000a        primary key (id)\u000d\u000a    )
\u000d\u000a    create table Product (\u000d\u000a       id bigint not null,\u000d\u000a        name varchar(255),\u000d\u000a        suppiler varchar(255),\u000d\u000a        primary key (id)\u000d\u000a    )
\u000d\u000a    create table ShoppingCart (\u000d\u000a       id bigint not null,\u000d\u000a        created date,\u000d\u000a        idWebUser bigint,\u000d\u000a        primary key (id)\u000d\u000a    )
\u000d\u000a    create table WebUser (\u000d\u000a       id bigint not null,\u000d\u000a        password varchar(255),\u000d\u000a        userState integer,\u000d\u000a        primary key (id)\u000d\u000a    )
\u000d\u000a    alter table Account \u000d\u000a       add constraint FK208qly853ydhqch1i3qqbnyig \u000d\u000a       foreign key (idBillingAddress) \u000d\u000a       references Address
\u000d\u000a    alter table Account \u000d\u000a       add constraint FKo0e631iggxklw8ovcor4xb6j2 \u000d\u000a       foreign key (idShoppingCart) \u000d\u000a       references ShoppingCart
\u000d\u000a    alter table Customer \u000d\u000a       add constraint FKnd4tash4yf85cfys9js4hgk5y \u000d\u000a       foreign key (idAccount) \u000d\u000a       references Account
\u000d\u000a    alter table Customer \u000d\u000a       add constraint FK6gva4rgn1vhlc626hq451hnx5 \u000d\u000a       foreign key (idEndereco) \u000d\u000a       references Address
\u000d\u000a    alter table Customer \u000d\u000a       add constraint FKonpc0wle0tsg9t07166ys4v3n \u000d\u000a       foreign key (idWebUser) \u000d\u000a       references WebUser
\u000d\u000a    alter table LineItem \u000d\u000a       add constraint FKeiqja1yu3l5ox1o0fnkb3bau9 \u000d\u000a       foreign key (idOrder) \u000d\u000a       references Pedido
\u000d\u000a    alter table LineItem \u000d\u000a       add constraint FKbcbihcuq4hwhe7216yx46otur \u000d\u000a       foreign key (idProduct) \u000d\u000a       references Product
\u000d\u000a    alter table LineItem \u000d\u000a       add constraint FKpgi56pqsa4ngh3djssq0bpueh \u000d\u000a       foreign key (idShoppingCart) \u000d\u000a       references ShoppingCart
\u000d\u000a    alter table Payment \u000d\u000a       add constraint FK8yqh4y6bkyvog1o45bxh8n07s \u000d\u000a       foreign key (idAccount) \u000d\u000a       references Account
\u000d\u000a    alter table Payment \u000d\u000a       add constraint FKjq4wsfw0xr2vrjl4ak1nm08ip \u000d\u000a       foreign key (idOrder) \u000d\u000a       references Pedido
\u000d\u000a    alter table Pedido \u000d\u000a       add constraint FK7xokuce499okknubjkmuep2bv \u000d\u000a       foreign key (idAccount) \u000d\u000a       references Account
\u000d\u000a    alter table Pedido \u000d\u000a       add constraint FK3jaaw2pi9w9yx90sxcb5ds6bw \u000d\u000a       foreign key (idShipTo) \u000d\u000a       references Address
\u000d\u000a    alter table ShoppingCart \u000d\u000a       add constraint FK3ps28nr0pvvhm7571g4py9cwb \u000d\u000a       foreign key (idWebUser) \u000d\u000a       references WebUser
INSERT INTO CUSTOMER VALUES(1,'william@gmail.com','William','90880988',NULL,NULL,NULL)
ALTER SEQUENCE PUBLIC.HIBERNATE_SEQUENCE RESTART WITH 2
COMMIT
INSERT INTO SHOPPINGCART VALUES(4,'2019-10-01',NULL)
INSERT INTO ACCOUNT VALUES(3,'2019-10-16',FALSE,'2019-10-01',NULL,4)
INSERT INTO PEDIDO VALUES(5,'2019-10-01','2019-10-01',NULL,200.0E0,NULL,NULL)
INSERT INTO CUSTOMER VALUES(2,'william@gmail.com','Willliam','90880988',3,NULL,NULL)
ALTER SEQUENCE PUBLIC.HIBERNATE_SEQUENCE RESTART WITH 6
COMMIT
DISCONNECT
/*C49*/SET SCHEMA PUBLIC
\u000d\u000a    alter table Account \u000d\u000a       drop constraint FK208qly853ydhqch1i3qqbnyig
\u000d\u000a    alter table Account \u000d\u000a       drop constraint FKo0e631iggxklw8ovcor4xb6j2
\u000d\u000a    alter table Customer \u000d\u000a       drop constraint FKnd4tash4yf85cfys9js4hgk5y
\u000d\u000a    alter table Customer \u000d\u000a       drop constraint FK6gva4rgn1vhlc626hq451hnx5
\u000d\u000a    alter table Customer \u000d\u000a       drop constraint FKonpc0wle0tsg9t07166ys4v3n
\u000d\u000a    alter table LineItem \u000d\u000a       drop constraint FKeiqja1yu3l5ox1o0fnkb3bau9
\u000d\u000a    alter table LineItem \u000d\u000a       drop constraint FKbcbihcuq4hwhe7216yx46otur
\u000d\u000a    alter table LineItem \u000d\u000a       drop constraint FKpgi56pqsa4ngh3djssq0bpueh
\u000d\u000a    alter table Payment \u000d\u000a       drop constraint FK8yqh4y6bkyvog1o45bxh8n07s
\u000d\u000a    alter table Payment \u000d\u000a       drop constraint FKjq4wsfw0xr2vrjl4ak1nm08ip
\u000d\u000a    alter table Pedido \u000d\u000a       drop constraint FK7xokuce499okknubjkmuep2bv
\u000d\u000a    alter table Pedido \u000d\u000a       drop constraint FK3jaaw2pi9w9yx90sxcb5ds6bw
\u000d\u000a    alter table ShoppingCart \u000d\u000a       drop constraint FK3ps28nr0pvvhm7571g4py9cwb
\u000d\u000a    drop table Account if exists
\u000d\u000a    drop table Address if exists
\u000d\u000a    drop table Customer if exists
\u000d\u000a    drop table LineItem if exists
\u000d\u000a    drop table Payment if exists
\u000d\u000a    drop table Pedido if exists
\u000d\u000a    drop table Product if exists
\u000d\u000a    drop table ShoppingCart if exists
\u000d\u000a    drop table WebUser if exists
\u000d\u000a    drop sequence hibernate_sequence if exists
create sequence hibernate_sequence start with 1 increment by 1
\u000d\u000a    create table Account (\u000d\u000a       id bigint not null,\u000d\u000a        closed date,\u000d\u000a        isClosed boolean,\u000d\u000a        open date,\u000d\u000a        idBillingAddress bigint,\u000d\u000a        idShoppingCart bigint,\u000d\u000a        primary key (id)\u000d\u000a    )
\u000d\u000a    create table Address (\u000d\u000a       id bigint not null,\u000d\u000a        city varchar(255),\u000d\u000a        country varchar(255),\u000d\u000a        state varchar(255),\u000d\u000a        street varchar(255),\u000d\u000a        zip varchar(255),\u000d\u000a        primary key (id)\u000d\u000a    )
\u000d\u000a    create table Customer (\u000d\u000a       id bigint not null,\u000d\u000a        email varchar(255),\u000d\u000a        name varchar(255),\u000d\u000a        phone varchar(255),\u000d\u000a        idAccount bigint,\u000d\u000a        idEndereco bigint,\u000d\u000a        idWebUser bigint,\u000d\u000a        primary key (id)\u000d\u000a    )
\u000d\u000a    create table LineItem (\u000d\u000a       id bigint not null,\u000d\u000a        price float,\u000d\u000a        quantity integer not null,\u000d\u000a        idOrder bigint,\u000d\u000a        idProduct bigint,\u000d\u000a        idShoppingCart bigint,\u000d\u000a        primary key (id)\u000d\u000a    )
\u000d\u000a    create table Payment (\u000d\u000a       id bigint not null,\u000d\u000a        details varchar(255),\u000d\u000a        paid date,\u000d\u000a        total float,\u000d\u000a        idAccount bigint,\u000d\u000a        idOrder bigint,\u000d\u000a        primary key (id)\u000d\u000a    )
\u000d\u000a    create table Pedido (\u000d\u000a       id bigint not null,\u000d\u000a        ordered date,\u000d\u000a        shipped date,\u000d\u000a        status integer,\u000d\u000a        total float,\u000d\u000a        idAccount bigint,\u000d\u000a        idShipTo bigint,\u000d\u000a        primary key (id)\u000d\u000a    )
\u000d\u000a    create table Product (\u000d\u000a       id bigint not null,\u000d\u000a        name varchar(255),\u000d\u000a        suppiler varchar(255),\u000d\u000a        primary key (id)\u000d\u000a    )
\u000d\u000a    create table ShoppingCart (\u000d\u000a       id bigint not null,\u000d\u000a        created date,\u000d\u000a        idWebUser bigint,\u000d\u000a        primary key (id)\u000d\u000a    )
\u000d\u000a    create table WebUser (\u000d\u000a       id bigint not null,\u000d\u000a        password varchar(255),\u000d\u000a        userState integer,\u000d\u000a        primary key (id)\u000d\u000a    )
\u000d\u000a    alter table Account \u000d\u000a       add constraint FK208qly853ydhqch1i3qqbnyig \u000d\u000a       foreign key (idBillingAddress) \u000d\u000a       references Address
\u000d\u000a    alter table Account \u000d\u000a       add constraint FKo0e631iggxklw8ovcor4xb6j2 \u000d\u000a       foreign key (idShoppingCart) \u000d\u000a       references ShoppingCart
\u000d\u000a    alter table Customer \u000d\u000a       add constraint FKnd4tash4yf85cfys9js4hgk5y \u000d\u000a       foreign key (idAccount) \u000d\u000a       references Account
\u000d\u000a    alter table Customer \u000d\u000a       add constraint FK6gva4rgn1vhlc626hq451hnx5 \u000d\u000a       foreign key (idEndereco) \u000d\u000a       references Address
\u000d\u000a    alter table Customer \u000d\u000a       add constraint FKonpc0wle0tsg9t07166ys4v3n \u000d\u000a       foreign key (idWebUser) \u000d\u000a       references WebUser
\u000d\u000a    alter table LineItem \u000d\u000a       add constraint FKeiqja1yu3l5ox1o0fnkb3bau9 \u000d\u000a       foreign key (idOrder) \u000d\u000a       references Pedido
\u000d\u000a    alter table LineItem \u000d\u000a       add constraint FKbcbihcuq4hwhe7216yx46otur \u000d\u000a       foreign key (idProduct) \u000d\u000a       references Product
\u000d\u000a    alter table LineItem \u000d\u000a       add constraint FKpgi56pqsa4ngh3djssq0bpueh \u000d\u000a       foreign key (idShoppingCart) \u000d\u000a       references ShoppingCart
\u000d\u000a    alter table Payment \u000d\u000a       add constraint FK8yqh4y6bkyvog1o45bxh8n07s \u000d\u000a       foreign key (idAccount) \u000d\u000a       references Account
\u000d\u000a    alter table Payment \u000d\u000a       add constraint FKjq4wsfw0xr2vrjl4ak1nm08ip \u000d\u000a       foreign key (idOrder) \u000d\u000a       references Pedido
\u000d\u000a    alter table Pedido \u000d\u000a       add constraint FK7xokuce499okknubjkmuep2bv \u000d\u000a       foreign key (idAccount) \u000d\u000a       references Account
\u000d\u000a    alter table Pedido \u000d\u000a       add constraint FK3jaaw2pi9w9yx90sxcb5ds6bw \u000d\u000a       foreign key (idShipTo) \u000d\u000a       references Address
\u000d\u000a    alter table ShoppingCart \u000d\u000a       add constraint FK3ps28nr0pvvhm7571g4py9cwb \u000d\u000a       foreign key (idWebUser) \u000d\u000a       references WebUser
INSERT INTO CUSTOMER VALUES(1,'william@gmail.com','William','90880988',NULL,NULL,NULL)
ALTER SEQUENCE PUBLIC.HIBERNATE_SEQUENCE RESTART WITH 2
COMMIT
INSERT INTO SHOPPINGCART VALUES(4,'2019-10-01',NULL)
INSERT INTO ACCOUNT VALUES(3,'2019-10-16',FALSE,'2019-10-01',NULL,4)
INSERT INTO PEDIDO VALUES(5,'2019-10-01','2019-10-01',NULL,200.0E0,NULL,NULL)
INSERT INTO CUSTOMER VALUES(2,'william@gmail.com','Willliam','90880988',3,NULL,NULL)
ALTER SEQUENCE PUBLIC.HIBERNATE_SEQUENCE RESTART WITH 6
COMMIT
DISCONNECT
/*C50*/SET SCHEMA PUBLIC
\u000d\u000a    alter table Account \u000d\u000a       drop constraint FK208qly853ydhqch1i3qqbnyig
\u000d\u000a    alter table Account \u000d\u000a       drop constraint FKo0e631iggxklw8ovcor4xb6j2
\u000d\u000a    alter table Customer \u000d\u000a       drop constraint FKnd4tash4yf85cfys9js4hgk5y
\u000d\u000a    alter table Customer \u000d\u000a       drop constraint FK6gva4rgn1vhlc626hq451hnx5
\u000d\u000a    alter table Customer \u000d\u000a       drop constraint FKonpc0wle0tsg9t07166ys4v3n
\u000d\u000a    alter table LineItem \u000d\u000a       drop constraint FKeiqja1yu3l5ox1o0fnkb3bau9
\u000d\u000a    alter table LineItem \u000d\u000a       drop constraint FKbcbihcuq4hwhe7216yx46otur
\u000d\u000a    alter table LineItem \u000d\u000a       drop constraint FKpgi56pqsa4ngh3djssq0bpueh
\u000d\u000a    alter table Payment \u000d\u000a       drop constraint FK8yqh4y6bkyvog1o45bxh8n07s
\u000d\u000a    alter table Payment \u000d\u000a       drop constraint FKjq4wsfw0xr2vrjl4ak1nm08ip
\u000d\u000a    alter table Pedido \u000d\u000a       drop constraint FK7xokuce499okknubjkmuep2bv
\u000d\u000a    alter table Pedido \u000d\u000a       drop constraint FK3jaaw2pi9w9yx90sxcb5ds6bw
\u000d\u000a    alter table ShoppingCart \u000d\u000a       drop constraint FK3ps28nr0pvvhm7571g4py9cwb
\u000d\u000a    drop table Account if exists
\u000d\u000a    drop table Address if exists
\u000d\u000a    drop table Customer if exists
\u000d\u000a    drop table LineItem if exists
\u000d\u000a    drop table Payment if exists
\u000d\u000a    drop table Pedido if exists
\u000d\u000a    drop table Product if exists
\u000d\u000a    drop table ShoppingCart if exists
\u000d\u000a    drop table WebUser if exists
\u000d\u000a    drop sequence hibernate_sequence if exists
create sequence hibernate_sequence start with 1 increment by 1
\u000d\u000a    create table Account (\u000d\u000a       id bigint not null,\u000d\u000a        closed date,\u000d\u000a        isClosed boolean,\u000d\u000a        open date,\u000d\u000a        idBillingAddress bigint,\u000d\u000a        idShoppingCart bigint,\u000d\u000a        primary key (id)\u000d\u000a    )
\u000d\u000a    create table Address (\u000d\u000a       id bigint not null,\u000d\u000a        city varchar(255),\u000d\u000a        country varchar(255),\u000d\u000a        state varchar(255),\u000d\u000a        street varchar(255),\u000d\u000a        zip varchar(255),\u000d\u000a        primary key (id)\u000d\u000a    )
\u000d\u000a    create table Customer (\u000d\u000a       id bigint not null,\u000d\u000a        email varchar(255),\u000d\u000a        name varchar(255),\u000d\u000a        phone varchar(255),\u000d\u000a        idAccount bigint,\u000d\u000a        idEndereco bigint,\u000d\u000a        idWebUser bigint,\u000d\u000a        primary key (id)\u000d\u000a    )
\u000d\u000a    create table LineItem (\u000d\u000a       id bigint not null,\u000d\u000a        price float,\u000d\u000a        quantity integer not null,\u000d\u000a        idOrder bigint,\u000d\u000a        idProduct bigint,\u000d\u000a        idShoppingCart bigint,\u000d\u000a        primary key (id)\u000d\u000a    )
\u000d\u000a    create table Payment (\u000d\u000a       id bigint not null,\u000d\u000a        details varchar(255),\u000d\u000a        paid date,\u000d\u000a        total float,\u000d\u000a        idAccount bigint,\u000d\u000a        idOrder bigint,\u000d\u000a        primary key (id)\u000d\u000a    )
\u000d\u000a    create table Pedido (\u000d\u000a       id bigint not null,\u000d\u000a        ordered date,\u000d\u000a        shipped date,\u000d\u000a        status integer,\u000d\u000a        total float,\u000d\u000a        idAccount bigint,\u000d\u000a        idShipTo bigint,\u000d\u000a        primary key (id)\u000d\u000a    )
\u000d\u000a    create table Product (\u000d\u000a       id bigint not null,\u000d\u000a        name varchar(255),\u000d\u000a        suppiler varchar(255),\u000d\u000a        primary key (id)\u000d\u000a    )
\u000d\u000a    create table ShoppingCart (\u000d\u000a       id bigint not null,\u000d\u000a        created date,\u000d\u000a        idWebUser bigint,\u000d\u000a        primary key (id)\u000d\u000a    )
\u000d\u000a    create table WebUser (\u000d\u000a       id bigint not null,\u000d\u000a        password varchar(255),\u000d\u000a        userState integer,\u000d\u000a        primary key (id)\u000d\u000a    )
\u000d\u000a    alter table Account \u000d\u000a       add constraint FK208qly853ydhqch1i3qqbnyig \u000d\u000a       foreign key (idBillingAddress) \u000d\u000a       references Address
\u000d\u000a    alter table Account \u000d\u000a       add constraint FKo0e631iggxklw8ovcor4xb6j2 \u000d\u000a       foreign key (idShoppingCart) \u000d\u000a       references ShoppingCart
\u000d\u000a    alter table Customer \u000d\u000a       add constraint FKnd4tash4yf85cfys9js4hgk5y \u000d\u000a       foreign key (idAccount) \u000d\u000a       references Account
\u000d\u000a    alter table Customer \u000d\u000a       add constraint FK6gva4rgn1vhlc626hq451hnx5 \u000d\u000a       foreign key (idEndereco) \u000d\u000a       references Address
\u000d\u000a    alter table Customer \u000d\u000a       add constraint FKonpc0wle0tsg9t07166ys4v3n \u000d\u000a       foreign key (idWebUser) \u000d\u000a       references WebUser
\u000d\u000a    alter table LineItem \u000d\u000a       add constraint FKeiqja1yu3l5ox1o0fnkb3bau9 \u000d\u000a       foreign key (idOrder) \u000d\u000a       references Pedido
\u000d\u000a    alter table LineItem \u000d\u000a       add constraint FKbcbihcuq4hwhe7216yx46otur \u000d\u000a       foreign key (idProduct) \u000d\u000a       references Product
\u000d\u000a    alter table LineItem \u000d\u000a       add constraint FKpgi56pqsa4ngh3djssq0bpueh \u000d\u000a       foreign key (idShoppingCart) \u000d\u000a       references ShoppingCart
\u000d\u000a    alter table Payment \u000d\u000a       add constraint FK8yqh4y6bkyvog1o45bxh8n07s \u000d\u000a       foreign key (idAccount) \u000d\u000a       references Account
\u000d\u000a    alter table Payment \u000d\u000a       add constraint FKjq4wsfw0xr2vrjl4ak1nm08ip \u000d\u000a       foreign key (idOrder) \u000d\u000a       references Pedido
\u000d\u000a    alter table Pedido \u000d\u000a       add constraint FK7xokuce499okknubjkmuep2bv \u000d\u000a       foreign key (idAccount) \u000d\u000a       references Account
\u000d\u000a    alter table Pedido \u000d\u000a       add constraint FK3jaaw2pi9w9yx90sxcb5ds6bw \u000d\u000a       foreign key (idShipTo) \u000d\u000a       references Address
\u000d\u000a    alter table ShoppingCart \u000d\u000a       add constraint FK3ps28nr0pvvhm7571g4py9cwb \u000d\u000a       foreign key (idWebUser) \u000d\u000a       references WebUser
INSERT INTO CUSTOMER VALUES(1,'william@gmail.com','William','90880988',NULL,NULL,NULL)
ALTER SEQUENCE PUBLIC.HIBERNATE_SEQUENCE RESTART WITH 2
COMMIT
INSERT INTO SHOPPINGCART VALUES(4,'2019-10-01',NULL)
INSERT INTO ACCOUNT VALUES(3,'2019-10-16',FALSE,'2019-10-01',NULL,4)
INSERT INTO PEDIDO VALUES(5,'2019-10-01','2019-10-01',NULL,200.0E0,NULL,NULL)
INSERT INTO CUSTOMER VALUES(2,'william@gmail.com','Willliam','90880988',3,NULL,NULL)
ALTER SEQUENCE PUBLIC.HIBERNATE_SEQUENCE RESTART WITH 6
COMMIT
DISCONNECT
/*C51*/SET SCHEMA PUBLIC
\u000d\u000a    alter table Account \u000d\u000a       drop constraint FK208qly853ydhqch1i3qqbnyig
\u000d\u000a    alter table Account \u000d\u000a       drop constraint FKo0e631iggxklw8ovcor4xb6j2
\u000d\u000a    alter table Customer \u000d\u000a       drop constraint FKnd4tash4yf85cfys9js4hgk5y
\u000d\u000a    alter table Customer \u000d\u000a       drop constraint FK6gva4rgn1vhlc626hq451hnx5
\u000d\u000a    alter table Customer \u000d\u000a       drop constraint FKonpc0wle0tsg9t07166ys4v3n
\u000d\u000a    alter table LineItem \u000d\u000a       drop constraint FKeiqja1yu3l5ox1o0fnkb3bau9
\u000d\u000a    alter table LineItem \u000d\u000a       drop constraint FKbcbihcuq4hwhe7216yx46otur
\u000d\u000a    alter table LineItem \u000d\u000a       drop constraint FKpgi56pqsa4ngh3djssq0bpueh
\u000d\u000a    alter table Payment \u000d\u000a       drop constraint FK8yqh4y6bkyvog1o45bxh8n07s
\u000d\u000a    alter table Payment \u000d\u000a       drop constraint FKjq4wsfw0xr2vrjl4ak1nm08ip
\u000d\u000a    alter table Pedido \u000d\u000a       drop constraint FK7xokuce499okknubjkmuep2bv
\u000d\u000a    alter table Pedido \u000d\u000a       drop constraint FK3jaaw2pi9w9yx90sxcb5ds6bw
\u000d\u000a    alter table ShoppingCart \u000d\u000a       drop constraint FK3ps28nr0pvvhm7571g4py9cwb
\u000d\u000a    drop table Account if exists
\u000d\u000a    drop table Address if exists
\u000d\u000a    drop table Customer if exists
\u000d\u000a    drop table LineItem if exists
\u000d\u000a    drop table Payment if exists
\u000d\u000a    drop table Pedido if exists
\u000d\u000a    drop table Product if exists
\u000d\u000a    drop table ShoppingCart if exists
\u000d\u000a    drop table WebUser if exists
\u000d\u000a    drop sequence hibernate_sequence if exists
create sequence hibernate_sequence start with 1 increment by 1
\u000d\u000a    create table Account (\u000d\u000a       id bigint not null,\u000d\u000a        closed date,\u000d\u000a        isClosed boolean,\u000d\u000a        open date,\u000d\u000a        idBillingAddress bigint,\u000d\u000a        idShoppingCart bigint,\u000d\u000a        primary key (id)\u000d\u000a    )
\u000d\u000a    create table Address (\u000d\u000a       id bigint not null,\u000d\u000a        city varchar(255),\u000d\u000a        country varchar(255),\u000d\u000a        state varchar(255),\u000d\u000a        street varchar(255),\u000d\u000a        zip varchar(255),\u000d\u000a        primary key (id)\u000d\u000a    )
\u000d\u000a    create table Customer (\u000d\u000a       id bigint not null,\u000d\u000a        email varchar(255),\u000d\u000a        name varchar(255),\u000d\u000a        phone varchar(255),\u000d\u000a        idAccount bigint,\u000d\u000a        idEndereco bigint,\u000d\u000a        idWebUser bigint,\u000d\u000a        primary key (id)\u000d\u000a    )
\u000d\u000a    create table LineItem (\u000d\u000a       id bigint not null,\u000d\u000a        price float,\u000d\u000a        quantity integer not null,\u000d\u000a        idOrder bigint,\u000d\u000a        idProduct bigint,\u000d\u000a        idShoppingCart bigint,\u000d\u000a        primary key (id)\u000d\u000a    )
\u000d\u000a    create table Payment (\u000d\u000a       id bigint not null,\u000d\u000a        details varchar(255),\u000d\u000a        paid date,\u000d\u000a        total float,\u000d\u000a        idAccount bigint,\u000d\u000a        idOrder bigint,\u000d\u000a        primary key (id)\u000d\u000a    )
\u000d\u000a    create table Pedido (\u000d\u000a       id bigint not null,\u000d\u000a        ordered date,\u000d\u000a        shipped date,\u000d\u000a        status integer,\u000d\u000a        total float,\u000d\u000a        idAccount bigint,\u000d\u000a        idShipTo bigint,\u000d\u000a        primary key (id)\u000d\u000a    )
\u000d\u000a    create table Product (\u000d\u000a       id bigint not null,\u000d\u000a        name varchar(255),\u000d\u000a        suppiler varchar(255),\u000d\u000a        primary key (id)\u000d\u000a    )
\u000d\u000a    create table ShoppingCart (\u000d\u000a       id bigint not null,\u000d\u000a        created date,\u000d\u000a        idWebUser bigint,\u000d\u000a        primary key (id)\u000d\u000a    )
\u000d\u000a    create table WebUser (\u000d\u000a       id bigint not null,\u000d\u000a        password varchar(255),\u000d\u000a        userState integer,\u000d\u000a        primary key (id)\u000d\u000a    )
\u000d\u000a    alter table Account \u000d\u000a       add constraint FK208qly853ydhqch1i3qqbnyig \u000d\u000a       foreign key (idBillingAddress) \u000d\u000a       references Address
\u000d\u000a    alter table Account \u000d\u000a       add constraint FKo0e631iggxklw8ovcor4xb6j2 \u000d\u000a       foreign key (idShoppingCart) \u000d\u000a       references ShoppingCart
\u000d\u000a    alter table Customer \u000d\u000a       add constraint FKnd4tash4yf85cfys9js4hgk5y \u000d\u000a       foreign key (idAccount) \u000d\u000a       references Account
\u000d\u000a    alter table Customer \u000d\u000a       add constraint FK6gva4rgn1vhlc626hq451hnx5 \u000d\u000a       foreign key (idEndereco) \u000d\u000a       references Address
\u000d\u000a    alter table Customer \u000d\u000a       add constraint FKonpc0wle0tsg9t07166ys4v3n \u000d\u000a       foreign key (idWebUser) \u000d\u000a       references WebUser
\u000d\u000a    alter table LineItem \u000d\u000a       add constraint FKeiqja1yu3l5ox1o0fnkb3bau9 \u000d\u000a       foreign key (idOrder) \u000d\u000a       references Pedido
\u000d\u000a    alter table LineItem \u000d\u000a       add constraint FKbcbihcuq4hwhe7216yx46otur \u000d\u000a       foreign key (idProduct) \u000d\u000a       references Product
\u000d\u000a    alter table LineItem \u000d\u000a       add constraint FKpgi56pqsa4ngh3djssq0bpueh \u000d\u000a       foreign key (idShoppingCart) \u000d\u000a       references ShoppingCart
\u000d\u000a    alter table Payment \u000d\u000a       add constraint FK8yqh4y6bkyvog1o45bxh8n07s \u000d\u000a       foreign key (idAccount) \u000d\u000a       references Account
\u000d\u000a    alter table Payment \u000d\u000a       add constraint FKjq4wsfw0xr2vrjl4ak1nm08ip \u000d\u000a       foreign key (idOrder) \u000d\u000a       references Pedido
\u000d\u000a    alter table Pedido \u000d\u000a       add constraint FK7xokuce499okknubjkmuep2bv \u000d\u000a       foreign key (idAccount) \u000d\u000a       references Account
\u000d\u000a    alter table Pedido \u000d\u000a       add constraint FK3jaaw2pi9w9yx90sxcb5ds6bw \u000d\u000a       foreign key (idShipTo) \u000d\u000a       references Address
\u000d\u000a    alter table ShoppingCart \u000d\u000a       add constraint FK3ps28nr0pvvhm7571g4py9cwb \u000d\u000a       foreign key (idWebUser) \u000d\u000a       references WebUser
INSERT INTO CUSTOMER VALUES(1,'william@gmail.com','William','90880988',NULL,NULL,NULL)
ALTER SEQUENCE PUBLIC.HIBERNATE_SEQUENCE RESTART WITH 2
COMMIT
INSERT INTO SHOPPINGCART VALUES(4,'2019-10-01',NULL)
INSERT INTO ACCOUNT VALUES(3,'2019-10-16',FALSE,'2019-10-01',NULL,4)
INSERT INTO PEDIDO VALUES(5,'2019-10-01','2019-10-01',NULL,200.0E0,NULL,NULL)
INSERT INTO CUSTOMER VALUES(2,'william@gmail.com','Willliam','90880988',3,NULL,NULL)
ALTER SEQUENCE PUBLIC.HIBERNATE_SEQUENCE RESTART WITH 6
COMMIT
DISCONNECT
/*C52*/SET SCHEMA PUBLIC
\u000d\u000a    alter table Account \u000d\u000a       drop constraint FK208qly853ydhqch1i3qqbnyig
\u000d\u000a    alter table Account \u000d\u000a       drop constraint FKo0e631iggxklw8ovcor4xb6j2
\u000d\u000a    alter table Customer \u000d\u000a       drop constraint FKnd4tash4yf85cfys9js4hgk5y
\u000d\u000a    alter table Customer \u000d\u000a       drop constraint FK6gva4rgn1vhlc626hq451hnx5
\u000d\u000a    alter table Customer \u000d\u000a       drop constraint FKonpc0wle0tsg9t07166ys4v3n
\u000d\u000a    alter table LineItem \u000d\u000a       drop constraint FKeiqja1yu3l5ox1o0fnkb3bau9
\u000d\u000a    alter table LineItem \u000d\u000a       drop constraint FKbcbihcuq4hwhe7216yx46otur
\u000d\u000a    alter table LineItem \u000d\u000a       drop constraint FKpgi56pqsa4ngh3djssq0bpueh
\u000d\u000a    alter table Payment \u000d\u000a       drop constraint FK8yqh4y6bkyvog1o45bxh8n07s
\u000d\u000a    alter table Payment \u000d\u000a       drop constraint FKjq4wsfw0xr2vrjl4ak1nm08ip
\u000d\u000a    alter table Pedido \u000d\u000a       drop constraint FK7xokuce499okknubjkmuep2bv
\u000d\u000a    alter table Pedido \u000d\u000a       drop constraint FK3jaaw2pi9w9yx90sxcb5ds6bw
\u000d\u000a    alter table ShoppingCart \u000d\u000a       drop constraint FK3ps28nr0pvvhm7571g4py9cwb
\u000d\u000a    drop table Account if exists
\u000d\u000a    drop table Address if exists
\u000d\u000a    drop table Customer if exists
\u000d\u000a    drop table LineItem if exists
\u000d\u000a    drop table Payment if exists
\u000d\u000a    drop table Pedido if exists
\u000d\u000a    drop table Product if exists
\u000d\u000a    drop table ShoppingCart if exists
\u000d\u000a    drop table WebUser if exists
\u000d\u000a    drop sequence hibernate_sequence if exists
create sequence hibernate_sequence start with 1 increment by 1
\u000d\u000a    create table Account (\u000d\u000a       id bigint not null,\u000d\u000a        closed date,\u000d\u000a        isClosed boolean,\u000d\u000a        open date,\u000d\u000a        idBillingAddress bigint,\u000d\u000a        idShoppingCart bigint,\u000d\u000a        primary key (id)\u000d\u000a    )
\u000d\u000a    create table Address (\u000d\u000a       id bigint not null,\u000d\u000a        city varchar(255),\u000d\u000a        country varchar(255),\u000d\u000a        state varchar(255),\u000d\u000a        street varchar(255),\u000d\u000a        zip varchar(255),\u000d\u000a        primary key (id)\u000d\u000a    )
\u000d\u000a    create table Customer (\u000d\u000a       id bigint not null,\u000d\u000a        email varchar(255),\u000d\u000a        name varchar(255),\u000d\u000a        phone varchar(255),\u000d\u000a        idAccount bigint,\u000d\u000a        idEndereco bigint,\u000d\u000a        idWebUser bigint,\u000d\u000a        primary key (id)\u000d\u000a    )
\u000d\u000a    create table LineItem (\u000d\u000a       id bigint not null,\u000d\u000a        price float,\u000d\u000a        quantity integer not null,\u000d\u000a        idOrder bigint,\u000d\u000a        idProduct bigint,\u000d\u000a        idShoppingCart bigint,\u000d\u000a        primary key (id)\u000d\u000a    )
\u000d\u000a    create table Payment (\u000d\u000a       id bigint not null,\u000d\u000a        details varchar(255),\u000d\u000a        paid date,\u000d\u000a        total float,\u000d\u000a        idAccount bigint,\u000d\u000a        idOrder bigint,\u000d\u000a        primary key (id)\u000d\u000a    )
\u000d\u000a    create table Pedido (\u000d\u000a       id bigint not null,\u000d\u000a        ordered date,\u000d\u000a        shipped date,\u000d\u000a        status integer,\u000d\u000a        total float,\u000d\u000a        idAccount bigint,\u000d\u000a        idShipTo bigint,\u000d\u000a        primary key (id)\u000d\u000a    )
\u000d\u000a    create table Product (\u000d\u000a       id bigint not null,\u000d\u000a        name varchar(255),\u000d\u000a        suppiler varchar(255),\u000d\u000a        primary key (id)\u000d\u000a    )
\u000d\u000a    create table ShoppingCart (\u000d\u000a       id bigint not null,\u000d\u000a        created date,\u000d\u000a        idWebUser bigint,\u000d\u000a        primary key (id)\u000d\u000a    )
\u000d\u000a    create table WebUser (\u000d\u000a       id bigint not null,\u000d\u000a        password varchar(255),\u000d\u000a        userState integer,\u000d\u000a        primary key (id)\u000d\u000a    )
\u000d\u000a    alter table Account \u000d\u000a       add constraint FK208qly853ydhqch1i3qqbnyig \u000d\u000a       foreign key (idBillingAddress) \u000d\u000a       references Address
\u000d\u000a    alter table Account \u000d\u000a       add constraint FKo0e631iggxklw8ovcor4xb6j2 \u000d\u000a       foreign key (idShoppingCart) \u000d\u000a       references ShoppingCart
\u000d\u000a    alter table Customer \u000d\u000a       add constraint FKnd4tash4yf85cfys9js4hgk5y \u000d\u000a       foreign key (idAccount) \u000d\u000a       references Account
\u000d\u000a    alter table Customer \u000d\u000a       add constraint FK6gva4rgn1vhlc626hq451hnx5 \u000d\u000a       foreign key (idEndereco) \u000d\u000a       references Address
\u000d\u000a    alter table Customer \u000d\u000a       add constraint FKonpc0wle0tsg9t07166ys4v3n \u000d\u000a       foreign key (idWebUser) \u000d\u000a       references WebUser
\u000d\u000a    alter table LineItem \u000d\u000a       add constraint FKeiqja1yu3l5ox1o0fnkb3bau9 \u000d\u000a       foreign key (idOrder) \u000d\u000a       references Pedido
\u000d\u000a    alter table LineItem \u000d\u000a       add constraint FKbcbihcuq4hwhe7216yx46otur \u000d\u000a       foreign key (idProduct) \u000d\u000a       references Product
\u000d\u000a    alter table LineItem \u000d\u000a       add constraint FKpgi56pqsa4ngh3djssq0bpueh \u000d\u000a       foreign key (idShoppingCart) \u000d\u000a       references ShoppingCart
\u000d\u000a    alter table Payment \u000d\u000a       add constraint FK8yqh4y6bkyvog1o45bxh8n07s \u000d\u000a       foreign key (idAccount) \u000d\u000a       references Account
\u000d\u000a    alter table Payment \u000d\u000a       add constraint FKjq4wsfw0xr2vrjl4ak1nm08ip \u000d\u000a       foreign key (idOrder) \u000d\u000a       references Pedido
\u000d\u000a    alter table Pedido \u000d\u000a       add constraint FK7xokuce499okknubjkmuep2bv \u000d\u000a       foreign key (idAccount) \u000d\u000a       references Account
\u000d\u000a    alter table Pedido \u000d\u000a       add constraint FK3jaaw2pi9w9yx90sxcb5ds6bw \u000d\u000a       foreign key (idShipTo) \u000d\u000a       references Address
\u000d\u000a    alter table ShoppingCart \u000d\u000a       add constraint FK3ps28nr0pvvhm7571g4py9cwb \u000d\u000a       foreign key (idWebUser) \u000d\u000a       references WebUser
INSERT INTO CUSTOMER VALUES(1,'william@gmail.com','William','90880988',NULL,NULL,NULL)
ALTER SEQUENCE PUBLIC.HIBERNATE_SEQUENCE RESTART WITH 2
COMMIT
INSERT INTO SHOPPINGCART VALUES(4,'2019-10-01',NULL)
INSERT INTO ACCOUNT VALUES(3,'2019-10-16',FALSE,'2019-10-01',NULL,4)
INSERT INTO PEDIDO VALUES(5,'2019-10-01','2019-10-01',NULL,200.0E0,NULL,NULL)
INSERT INTO CUSTOMER VALUES(2,'william@gmail.com','Willliam','90880988',3,NULL,NULL)
ALTER SEQUENCE PUBLIC.HIBERNATE_SEQUENCE RESTART WITH 6
COMMIT
DISCONNECT
/*C53*/SET SCHEMA PUBLIC
\u000d\u000a    alter table Account \u000d\u000a       drop constraint FK208qly853ydhqch1i3qqbnyig
\u000d\u000a    alter table Account \u000d\u000a       drop constraint FKo0e631iggxklw8ovcor4xb6j2
\u000d\u000a    alter table Customer \u000d\u000a       drop constraint FKnd4tash4yf85cfys9js4hgk5y
\u000d\u000a    alter table Customer \u000d\u000a       drop constraint FK6gva4rgn1vhlc626hq451hnx5
\u000d\u000a    alter table Customer \u000d\u000a       drop constraint FKonpc0wle0tsg9t07166ys4v3n
\u000d\u000a    alter table LineItem \u000d\u000a       drop constraint FKeiqja1yu3l5ox1o0fnkb3bau9
\u000d\u000a    alter table LineItem \u000d\u000a       drop constraint FKbcbihcuq4hwhe7216yx46otur
\u000d\u000a    alter table LineItem \u000d\u000a       drop constraint FKpgi56pqsa4ngh3djssq0bpueh
\u000d\u000a    alter table Payment \u000d\u000a       drop constraint FK8yqh4y6bkyvog1o45bxh8n07s
\u000d\u000a    alter table Payment \u000d\u000a       drop constraint FKjq4wsfw0xr2vrjl4ak1nm08ip
\u000d\u000a    alter table Pedido \u000d\u000a       drop constraint FK7xokuce499okknubjkmuep2bv
\u000d\u000a    alter table Pedido \u000d\u000a       drop constraint FK3jaaw2pi9w9yx90sxcb5ds6bw
\u000d\u000a    alter table ShoppingCart \u000d\u000a       drop constraint FK3ps28nr0pvvhm7571g4py9cwb
\u000d\u000a    drop table Account if exists
\u000d\u000a    drop table Address if exists
\u000d\u000a    drop table Customer if exists
\u000d\u000a    drop table LineItem if exists
\u000d\u000a    drop table Payment if exists
\u000d\u000a    drop table Pedido if exists
\u000d\u000a    drop table Product if exists
\u000d\u000a    drop table ShoppingCart if exists
\u000d\u000a    drop table WebUser if exists
\u000d\u000a    drop sequence hibernate_sequence if exists
create sequence hibernate_sequence start with 1 increment by 1
\u000d\u000a    create table Account (\u000d\u000a       id bigint not null,\u000d\u000a        closed date,\u000d\u000a        isClosed boolean,\u000d\u000a        open date,\u000d\u000a        idBillingAddress bigint,\u000d\u000a        idShoppingCart bigint,\u000d\u000a        primary key (id)\u000d\u000a    )
\u000d\u000a    create table Address (\u000d\u000a       id bigint not null,\u000d\u000a        city varchar(255),\u000d\u000a        country varchar(255),\u000d\u000a        state varchar(255),\u000d\u000a        street varchar(255),\u000d\u000a        zip varchar(255),\u000d\u000a        primary key (id)\u000d\u000a    )
\u000d\u000a    create table Customer (\u000d\u000a       id bigint not null,\u000d\u000a        email varchar(255),\u000d\u000a        name varchar(255),\u000d\u000a        phone varchar(255),\u000d\u000a        idAccount bigint,\u000d\u000a        idEndereco bigint,\u000d\u000a        idWebUser bigint,\u000d\u000a        primary key (id)\u000d\u000a    )
\u000d\u000a    create table LineItem (\u000d\u000a       id bigint not null,\u000d\u000a        price float,\u000d\u000a        quantity integer not null,\u000d\u000a        idOrder bigint,\u000d\u000a        idProduct bigint,\u000d\u000a        idShoppingCart bigint,\u000d\u000a        primary key (id)\u000d\u000a    )
\u000d\u000a    create table Payment (\u000d\u000a       id bigint not null,\u000d\u000a        details varchar(255),\u000d\u000a        paid date,\u000d\u000a        total float,\u000d\u000a        idAccount bigint,\u000d\u000a        idOrder bigint,\u000d\u000a        primary key (id)\u000d\u000a    )
\u000d\u000a    create table Pedido (\u000d\u000a       id bigint not null,\u000d\u000a        ordered date,\u000d\u000a        shipped date,\u000d\u000a        status integer,\u000d\u000a        total float,\u000d\u000a        idAccount bigint,\u000d\u000a        idShipTo bigint,\u000d\u000a        primary key (id)\u000d\u000a    )
\u000d\u000a    create table Product (\u000d\u000a       id bigint not null,\u000d\u000a        name varchar(255),\u000d\u000a        suppiler varchar(255),\u000d\u000a        primary key (id)\u000d\u000a    )
\u000d\u000a    create table ShoppingCart (\u000d\u000a       id bigint not null,\u000d\u000a        created date,\u000d\u000a        idWebUser bigint,\u000d\u000a        primary key (id)\u000d\u000a    )
\u000d\u000a    create table WebUser (\u000d\u000a       id bigint not null,\u000d\u000a        password varchar(255),\u000d\u000a        userState integer,\u000d\u000a        primary key (id)\u000d\u000a    )
\u000d\u000a    alter table Account \u000d\u000a       add constraint FK208qly853ydhqch1i3qqbnyig \u000d\u000a       foreign key (idBillingAddress) \u000d\u000a       references Address
\u000d\u000a    alter table Account \u000d\u000a       add constraint FKo0e631iggxklw8ovcor4xb6j2 \u000d\u000a       foreign key (idShoppingCart) \u000d\u000a       references ShoppingCart
\u000d\u000a    alter table Customer \u000d\u000a       add constraint FKnd4tash4yf85cfys9js4hgk5y \u000d\u000a       foreign key (idAccount) \u000d\u000a       references Account
\u000d\u000a    alter table Customer \u000d\u000a       add constraint FK6gva4rgn1vhlc626hq451hnx5 \u000d\u000a       foreign key (idEndereco) \u000d\u000a       references Address
\u000d\u000a    alter table Customer \u000d\u000a       add constraint FKonpc0wle0tsg9t07166ys4v3n \u000d\u000a       foreign key (idWebUser) \u000d\u000a       references WebUser
\u000d\u000a    alter table LineItem \u000d\u000a       add constraint FKeiqja1yu3l5ox1o0fnkb3bau9 \u000d\u000a       foreign key (idOrder) \u000d\u000a       references Pedido
\u000d\u000a    alter table LineItem \u000d\u000a       add constraint FKbcbihcuq4hwhe7216yx46otur \u000d\u000a       foreign key (idProduct) \u000d\u000a       references Product
\u000d\u000a    alter table LineItem \u000d\u000a       add constraint FKpgi56pqsa4ngh3djssq0bpueh \u000d\u000a       foreign key (idShoppingCart) \u000d\u000a       references ShoppingCart
\u000d\u000a    alter table Payment \u000d\u000a       add constraint FK8yqh4y6bkyvog1o45bxh8n07s \u000d\u000a       foreign key (idAccount) \u000d\u000a       references Account
\u000d\u000a    alter table Payment \u000d\u000a       add constraint FKjq4wsfw0xr2vrjl4ak1nm08ip \u000d\u000a       foreign key (idOrder) \u000d\u000a       references Pedido
\u000d\u000a    alter table Pedido \u000d\u000a       add constraint FK7xokuce499okknubjkmuep2bv \u000d\u000a       foreign key (idAccount) \u000d\u000a       references Account
\u000d\u000a    alter table Pedido \u000d\u000a       add constraint FK3jaaw2pi9w9yx90sxcb5ds6bw \u000d\u000a       foreign key (idShipTo) \u000d\u000a       references Address
\u000d\u000a    alter table ShoppingCart \u000d\u000a       add constraint FK3ps28nr0pvvhm7571g4py9cwb \u000d\u000a       foreign key (idWebUser) \u000d\u000a       references WebUser
INSERT INTO CUSTOMER VALUES(1,'william@gmail.com','William','90880988',NULL,NULL,NULL)
ALTER SEQUENCE PUBLIC.HIBERNATE_SEQUENCE RESTART WITH 2
COMMIT
INSERT INTO SHOPPINGCART VALUES(4,'2019-10-01',NULL)
INSERT INTO ACCOUNT VALUES(3,'2019-10-16',FALSE,'2019-10-01',NULL,4)
INSERT INTO PEDIDO VALUES(5,'2019-10-01','2019-10-01',NULL,200.0E0,NULL,NULL)
INSERT INTO CUSTOMER VALUES(2,'william@gmail.com','Willliam','90880988',3,NULL,NULL)
ALTER SEQUENCE PUBLIC.HIBERNATE_SEQUENCE RESTART WITH 6
COMMIT
INSERT INTO CUSTOMER VALUES(6,'william@gmail.com','William','90880988',NULL,NULL,NULL)
ALTER SEQUENCE PUBLIC.HIBERNATE_SEQUENCE RESTART WITH 7
COMMIT
DISCONNECT
/*C54*/SET SCHEMA PUBLIC
\u000d\u000a    alter table Account \u000d\u000a       drop constraint FK208qly853ydhqch1i3qqbnyig
\u000d\u000a    alter table Account \u000d\u000a       drop constraint FKo0e631iggxklw8ovcor4xb6j2
\u000d\u000a    alter table Customer \u000d\u000a       drop constraint FKnd4tash4yf85cfys9js4hgk5y
\u000d\u000a    alter table Customer \u000d\u000a       drop constraint FK6gva4rgn1vhlc626hq451hnx5
\u000d\u000a    alter table Customer \u000d\u000a       drop constraint FKonpc0wle0tsg9t07166ys4v3n
\u000d\u000a    alter table LineItem \u000d\u000a       drop constraint FKeiqja1yu3l5ox1o0fnkb3bau9
\u000d\u000a    alter table LineItem \u000d\u000a       drop constraint FKbcbihcuq4hwhe7216yx46otur
\u000d\u000a    alter table LineItem \u000d\u000a       drop constraint FKpgi56pqsa4ngh3djssq0bpueh
\u000d\u000a    alter table Payment \u000d\u000a       drop constraint FK8yqh4y6bkyvog1o45bxh8n07s
\u000d\u000a    alter table Payment \u000d\u000a       drop constraint FKjq4wsfw0xr2vrjl4ak1nm08ip
\u000d\u000a    alter table Pedido \u000d\u000a       drop constraint FK7xokuce499okknubjkmuep2bv
\u000d\u000a    alter table Pedido \u000d\u000a       drop constraint FK3jaaw2pi9w9yx90sxcb5ds6bw
\u000d\u000a    alter table ShoppingCart \u000d\u000a       drop constraint FK3ps28nr0pvvhm7571g4py9cwb
\u000d\u000a    drop table Account if exists
\u000d\u000a    drop table Address if exists
\u000d\u000a    drop table Customer if exists
\u000d\u000a    drop table LineItem if exists
\u000d\u000a    drop table Payment if exists
\u000d\u000a    drop table Pedido if exists
\u000d\u000a    drop table Product if exists
\u000d\u000a    drop table ShoppingCart if exists
\u000d\u000a    drop table WebUser if exists
\u000d\u000a    drop sequence hibernate_sequence if exists
create sequence hibernate_sequence start with 1 increment by 1
\u000d\u000a    create table Account (\u000d\u000a       id bigint not null,\u000d\u000a        closed date,\u000d\u000a        isClosed boolean,\u000d\u000a        open date,\u000d\u000a        idBillingAddress bigint,\u000d\u000a        idShoppingCart bigint,\u000d\u000a        primary key (id)\u000d\u000a    )
\u000d\u000a    create table Address (\u000d\u000a       id bigint not null,\u000d\u000a        city varchar(255),\u000d\u000a        country varchar(255),\u000d\u000a        state varchar(255),\u000d\u000a        street varchar(255),\u000d\u000a        zip varchar(255),\u000d\u000a        primary key (id)\u000d\u000a    )
\u000d\u000a    create table Customer (\u000d\u000a       id bigint not null,\u000d\u000a        email varchar(255),\u000d\u000a        name varchar(255),\u000d\u000a        phone varchar(255),\u000d\u000a        idAccount bigint,\u000d\u000a        idEndereco bigint,\u000d\u000a        idWebUser bigint,\u000d\u000a        primary key (id)\u000d\u000a    )
\u000d\u000a    create table LineItem (\u000d\u000a       id bigint not null,\u000d\u000a        price float,\u000d\u000a        quantity integer not null,\u000d\u000a        idOrder bigint,\u000d\u000a        idProduct bigint,\u000d\u000a        idShoppingCart bigint,\u000d\u000a        primary key (id)\u000d\u000a    )
\u000d\u000a    create table Payment (\u000d\u000a       id bigint not null,\u000d\u000a        details varchar(255),\u000d\u000a        paid date,\u000d\u000a        total float,\u000d\u000a        idAccount bigint,\u000d\u000a        idOrder bigint,\u000d\u000a        primary key (id)\u000d\u000a    )
\u000d\u000a    create table Pedido (\u000d\u000a       id bigint not null,\u000d\u000a        ordered date,\u000d\u000a        shipped date,\u000d\u000a        status integer,\u000d\u000a        total float,\u000d\u000a        idAccount bigint,\u000d\u000a        idShipTo bigint,\u000d\u000a        primary key (id)\u000d\u000a    )
\u000d\u000a    create table Product (\u000d\u000a       id bigint not null,\u000d\u000a        name varchar(255),\u000d\u000a        suppiler varchar(255),\u000d\u000a        primary key (id)\u000d\u000a    )
\u000d\u000a    create table ShoppingCart (\u000d\u000a       id bigint not null,\u000d\u000a        created date,\u000d\u000a        idWebUser bigint,\u000d\u000a        primary key (id)\u000d\u000a    )
\u000d\u000a    create table WebUser (\u000d\u000a       id bigint not null,\u000d\u000a        password varchar(255),\u000d\u000a        userState integer,\u000d\u000a        primary key (id)\u000d\u000a    )
\u000d\u000a    alter table Account \u000d\u000a       add constraint FK208qly853ydhqch1i3qqbnyig \u000d\u000a       foreign key (idBillingAddress) \u000d\u000a       references Address
\u000d\u000a    alter table Account \u000d\u000a       add constraint FKo0e631iggxklw8ovcor4xb6j2 \u000d\u000a       foreign key (idShoppingCart) \u000d\u000a       references ShoppingCart
\u000d\u000a    alter table Customer \u000d\u000a       add constraint FKnd4tash4yf85cfys9js4hgk5y \u000d\u000a       foreign key (idAccount) \u000d\u000a       references Account
\u000d\u000a    alter table Customer \u000d\u000a       add constraint FK6gva4rgn1vhlc626hq451hnx5 \u000d\u000a       foreign key (idEndereco) \u000d\u000a       references Address
\u000d\u000a    alter table Customer \u000d\u000a       add constraint FKonpc0wle0tsg9t07166ys4v3n \u000d\u000a       foreign key (idWebUser) \u000d\u000a       references WebUser
\u000d\u000a    alter table LineItem \u000d\u000a       add constraint FKeiqja1yu3l5ox1o0fnkb3bau9 \u000d\u000a       foreign key (idOrder) \u000d\u000a       references Pedido
\u000d\u000a    alter table LineItem \u000d\u000a       add constraint FKbcbihcuq4hwhe7216yx46otur \u000d\u000a       foreign key (idProduct) \u000d\u000a       references Product
\u000d\u000a    alter table LineItem \u000d\u000a       add constraint FKpgi56pqsa4ngh3djssq0bpueh \u000d\u000a       foreign key (idShoppingCart) \u000d\u000a       references ShoppingCart
\u000d\u000a    alter table Payment \u000d\u000a       add constraint FK8yqh4y6bkyvog1o45bxh8n07s \u000d\u000a       foreign key (idAccount) \u000d\u000a       references Account
\u000d\u000a    alter table Payment \u000d\u000a       add constraint FKjq4wsfw0xr2vrjl4ak1nm08ip \u000d\u000a       foreign key (idOrder) \u000d\u000a       references Pedido
\u000d\u000a    alter table Pedido \u000d\u000a       add constraint FK7xokuce499okknubjkmuep2bv \u000d\u000a       foreign key (idAccount) \u000d\u000a       references Account
\u000d\u000a    alter table Pedido \u000d\u000a       add constraint FK3jaaw2pi9w9yx90sxcb5ds6bw \u000d\u000a       foreign key (idShipTo) \u000d\u000a       references Address
\u000d\u000a    alter table ShoppingCart \u000d\u000a       add constraint FK3ps28nr0pvvhm7571g4py9cwb \u000d\u000a       foreign key (idWebUser) \u000d\u000a       references WebUser
INSERT INTO CUSTOMER VALUES(1,'william@gmail.com','William','90880988',NULL,NULL,NULL)
ALTER SEQUENCE PUBLIC.HIBERNATE_SEQUENCE RESTART WITH 2
COMMIT
INSERT INTO SHOPPINGCART VALUES(4,'2019-10-01',NULL)
INSERT INTO ACCOUNT VALUES(3,'2019-10-16',FALSE,'2019-10-01',NULL,4)
INSERT INTO PEDIDO VALUES(5,'2019-10-01','2019-10-01',NULL,200.0E0,NULL,NULL)
INSERT INTO CUSTOMER VALUES(2,'william@gmail.com','Willliam','90880988',3,NULL,NULL)
ALTER SEQUENCE PUBLIC.HIBERNATE_SEQUENCE RESTART WITH 6
COMMIT
INSERT INTO CUSTOMER VALUES(6,'william@gmail.com','William','90880988',NULL,NULL,NULL)
ALTER SEQUENCE PUBLIC.HIBERNATE_SEQUENCE RESTART WITH 7
COMMIT
DISCONNECT
/*C55*/SET SCHEMA PUBLIC
\u000d\u000a    alter table Account \u000d\u000a       drop constraint FK208qly853ydhqch1i3qqbnyig
\u000d\u000a    alter table Account \u000d\u000a       drop constraint FKo0e631iggxklw8ovcor4xb6j2
\u000d\u000a    alter table Customer \u000d\u000a       drop constraint FKnd4tash4yf85cfys9js4hgk5y
\u000d\u000a    alter table Customer \u000d\u000a       drop constraint FK6gva4rgn1vhlc626hq451hnx5
\u000d\u000a    alter table Customer \u000d\u000a       drop constraint FKonpc0wle0tsg9t07166ys4v3n
\u000d\u000a    alter table LineItem \u000d\u000a       drop constraint FKeiqja1yu3l5ox1o0fnkb3bau9
\u000d\u000a    alter table LineItem \u000d\u000a       drop constraint FKbcbihcuq4hwhe7216yx46otur
\u000d\u000a    alter table LineItem \u000d\u000a       drop constraint FKpgi56pqsa4ngh3djssq0bpueh
\u000d\u000a    alter table Payment \u000d\u000a       drop constraint FK8yqh4y6bkyvog1o45bxh8n07s
\u000d\u000a    alter table Payment \u000d\u000a       drop constraint FKjq4wsfw0xr2vrjl4ak1nm08ip
\u000d\u000a    alter table Pedido \u000d\u000a       drop constraint FK7xokuce499okknubjkmuep2bv
\u000d\u000a    alter table Pedido \u000d\u000a       drop constraint FK3jaaw2pi9w9yx90sxcb5ds6bw
\u000d\u000a    alter table ShoppingCart \u000d\u000a       drop constraint FK3ps28nr0pvvhm7571g4py9cwb
\u000d\u000a    drop table Account if exists
\u000d\u000a    drop table Address if exists
\u000d\u000a    drop table Customer if exists
\u000d\u000a    drop table LineItem if exists
\u000d\u000a    drop table Payment if exists
\u000d\u000a    drop table Pedido if exists
\u000d\u000a    drop table Product if exists
\u000d\u000a    drop table ShoppingCart if exists
\u000d\u000a    drop table WebUser if exists
\u000d\u000a    drop sequence hibernate_sequence if exists
create sequence hibernate_sequence start with 1 increment by 1
\u000d\u000a    create table Account (\u000d\u000a       id bigint not null,\u000d\u000a        closed date,\u000d\u000a        isClosed boolean,\u000d\u000a        open date,\u000d\u000a        idBillingAddress bigint,\u000d\u000a        idShoppingCart bigint,\u000d\u000a        primary key (id)\u000d\u000a    )
\u000d\u000a    create table Address (\u000d\u000a       id bigint not null,\u000d\u000a        city varchar(255),\u000d\u000a        country varchar(255),\u000d\u000a        state varchar(255),\u000d\u000a        street varchar(255),\u000d\u000a        zip varchar(255),\u000d\u000a        primary key (id)\u000d\u000a    )
\u000d\u000a    create table Customer (\u000d\u000a       id bigint not null,\u000d\u000a        email varchar(255),\u000d\u000a        name varchar(255),\u000d\u000a        phone varchar(255),\u000d\u000a        idAccount bigint,\u000d\u000a        idEndereco bigint,\u000d\u000a        idWebUser bigint,\u000d\u000a        primary key (id)\u000d\u000a    )
\u000d\u000a    create table LineItem (\u000d\u000a       id bigint not null,\u000d\u000a        price float,\u000d\u000a        quantity integer not null,\u000d\u000a        idOrder bigint,\u000d\u000a        idProduct bigint,\u000d\u000a        idShoppingCart bigint,\u000d\u000a        primary key (id)\u000d\u000a    )
\u000d\u000a    create table Payment (\u000d\u000a       id bigint not null,\u000d\u000a        details varchar(255),\u000d\u000a        paid date,\u000d\u000a        total float,\u000d\u000a        idAccount bigint,\u000d\u000a        idOrder bigint,\u000d\u000a        primary key (id)\u000d\u000a    )
\u000d\u000a    create table Pedido (\u000d\u000a       id bigint not null,\u000d\u000a        ordered date,\u000d\u000a        shipped date,\u000d\u000a        status integer,\u000d\u000a        total float,\u000d\u000a        idAccount bigint,\u000d\u000a        idShipTo bigint,\u000d\u000a        primary key (id)\u000d\u000a    )
\u000d\u000a    create table Product (\u000d\u000a       id bigint not null,\u000d\u000a        name varchar(255),\u000d\u000a        suppiler varchar(255),\u000d\u000a        primary key (id)\u000d\u000a    )
\u000d\u000a    create table ShoppingCart (\u000d\u000a       id bigint not null,\u000d\u000a        created date,\u000d\u000a        idWebUser bigint,\u000d\u000a        primary key (id)\u000d\u000a    )
\u000d\u000a    create table WebUser (\u000d\u000a       id bigint not null,\u000d\u000a        password varchar(255),\u000d\u000a        userState integer,\u000d\u000a        primary key (id)\u000d\u000a    )
\u000d\u000a    alter table Account \u000d\u000a       add constraint FK208qly853ydhqch1i3qqbnyig \u000d\u000a       foreign key (idBillingAddress) \u000d\u000a       references Address
\u000d\u000a    alter table Account \u000d\u000a       add constraint FKo0e631iggxklw8ovcor4xb6j2 \u000d\u000a       foreign key (idShoppingCart) \u000d\u000a       references ShoppingCart
\u000d\u000a    alter table Customer \u000d\u000a       add constraint FKnd4tash4yf85cfys9js4hgk5y \u000d\u000a       foreign key (idAccount) \u000d\u000a       references Account
\u000d\u000a    alter table Customer \u000d\u000a       add constraint FK6gva4rgn1vhlc626hq451hnx5 \u000d\u000a       foreign key (idEndereco) \u000d\u000a       references Address
\u000d\u000a    alter table Customer \u000d\u000a       add constraint FKonpc0wle0tsg9t07166ys4v3n \u000d\u000a       foreign key (idWebUser) \u000d\u000a       references WebUser
\u000d\u000a    alter table LineItem \u000d\u000a       add constraint FKeiqja1yu3l5ox1o0fnkb3bau9 \u000d\u000a       foreign key (idOrder) \u000d\u000a       references Pedido
\u000d\u000a    alter table LineItem \u000d\u000a       add constraint FKbcbihcuq4hwhe7216yx46otur \u000d\u000a       foreign key (idProduct) \u000d\u000a       references Product
\u000d\u000a    alter table LineItem \u000d\u000a       add constraint FKpgi56pqsa4ngh3djssq0bpueh \u000d\u000a       foreign key (idShoppingCart) \u000d\u000a       references ShoppingCart
\u000d\u000a    alter table Payment \u000d\u000a       add constraint FK8yqh4y6bkyvog1o45bxh8n07s \u000d\u000a       foreign key (idAccount) \u000d\u000a       references Account
\u000d\u000a    alter table Payment \u000d\u000a       add constraint FKjq4wsfw0xr2vrjl4ak1nm08ip \u000d\u000a       foreign key (idOrder) \u000d\u000a       references Pedido
\u000d\u000a    alter table Pedido \u000d\u000a       add constraint FK7xokuce499okknubjkmuep2bv \u000d\u000a       foreign key (idAccount) \u000d\u000a       references Account
\u000d\u000a    alter table Pedido \u000d\u000a       add constraint FK3jaaw2pi9w9yx90sxcb5ds6bw \u000d\u000a       foreign key (idShipTo) \u000d\u000a       references Address
\u000d\u000a    alter table ShoppingCart \u000d\u000a       add constraint FK3ps28nr0pvvhm7571g4py9cwb \u000d\u000a       foreign key (idWebUser) \u000d\u000a       references WebUser
INSERT INTO CUSTOMER VALUES(1,'william@gmail.com','William','90880988',NULL,NULL,NULL)
ALTER SEQUENCE PUBLIC.HIBERNATE_SEQUENCE RESTART WITH 2
COMMIT
INSERT INTO SHOPPINGCART VALUES(4,'2019-10-01',NULL)
INSERT INTO ACCOUNT VALUES(3,'2019-10-16',FALSE,'2019-10-01',NULL,4)
INSERT INTO PEDIDO VALUES(5,'2019-10-01','2019-10-01',NULL,200.0E0,NULL,NULL)
INSERT INTO CUSTOMER VALUES(2,'william@gmail.com','Willliam','90880988',3,NULL,NULL)
ALTER SEQUENCE PUBLIC.HIBERNATE_SEQUENCE RESTART WITH 6
COMMIT
INSERT INTO CUSTOMER VALUES(6,'william@gmail.com','William','90880988',NULL,NULL,NULL)
ALTER SEQUENCE PUBLIC.HIBERNATE_SEQUENCE RESTART WITH 7
COMMIT
DELETE FROM CUSTOMER WHERE ID=6
COMMIT
DISCONNECT
/*C56*/SET SCHEMA PUBLIC
\u000d\u000a    alter table Account \u000d\u000a       drop constraint FK208qly853ydhqch1i3qqbnyig
\u000d\u000a    alter table Account \u000d\u000a       drop constraint FKo0e631iggxklw8ovcor4xb6j2
\u000d\u000a    alter table Customer \u000d\u000a       drop constraint FKnd4tash4yf85cfys9js4hgk5y
\u000d\u000a    alter table Customer \u000d\u000a       drop constraint FK6gva4rgn1vhlc626hq451hnx5
\u000d\u000a    alter table Customer \u000d\u000a       drop constraint FKonpc0wle0tsg9t07166ys4v3n
\u000d\u000a    alter table LineItem \u000d\u000a       drop constraint FKeiqja1yu3l5ox1o0fnkb3bau9
\u000d\u000a    alter table LineItem \u000d\u000a       drop constraint FKbcbihcuq4hwhe7216yx46otur
\u000d\u000a    alter table LineItem \u000d\u000a       drop constraint FKpgi56pqsa4ngh3djssq0bpueh
\u000d\u000a    alter table Payment \u000d\u000a       drop constraint FK8yqh4y6bkyvog1o45bxh8n07s
\u000d\u000a    alter table Payment \u000d\u000a       drop constraint FKjq4wsfw0xr2vrjl4ak1nm08ip
\u000d\u000a    alter table Pedido \u000d\u000a       drop constraint FK7xokuce499okknubjkmuep2bv
\u000d\u000a    alter table Pedido \u000d\u000a       drop constraint FK3jaaw2pi9w9yx90sxcb5ds6bw
\u000d\u000a    alter table ShoppingCart \u000d\u000a       drop constraint FK3ps28nr0pvvhm7571g4py9cwb
\u000d\u000a    drop table Account if exists
\u000d\u000a    drop table Address if exists
\u000d\u000a    drop table Customer if exists
\u000d\u000a    drop table LineItem if exists
\u000d\u000a    drop table Payment if exists
\u000d\u000a    drop table Pedido if exists
\u000d\u000a    drop table Product if exists
\u000d\u000a    drop table ShoppingCart if exists
\u000d\u000a    drop table WebUser if exists
\u000d\u000a    drop sequence hibernate_sequence if exists
create sequence hibernate_sequence start with 1 increment by 1
\u000d\u000a    create table Account (\u000d\u000a       id bigint not null,\u000d\u000a        closed date,\u000d\u000a        isClosed boolean,\u000d\u000a        open date,\u000d\u000a        idBillingAddress bigint,\u000d\u000a        idShoppingCart bigint,\u000d\u000a        primary key (id)\u000d\u000a    )
\u000d\u000a    create table Address (\u000d\u000a       id bigint not null,\u000d\u000a        city varchar(255),\u000d\u000a        country varchar(255),\u000d\u000a        state varchar(255),\u000d\u000a        street varchar(255),\u000d\u000a        zip varchar(255),\u000d\u000a        primary key (id)\u000d\u000a    )
\u000d\u000a    create table Customer (\u000d\u000a       id bigint not null,\u000d\u000a        email varchar(255),\u000d\u000a        name varchar(255),\u000d\u000a        phone varchar(255),\u000d\u000a        idAccount bigint,\u000d\u000a        idEndereco bigint,\u000d\u000a        idWebUser bigint,\u000d\u000a        primary key (id)\u000d\u000a    )
\u000d\u000a    create table LineItem (\u000d\u000a       id bigint not null,\u000d\u000a        price float,\u000d\u000a        quantity integer not null,\u000d\u000a        idOrder bigint,\u000d\u000a        idProduct bigint,\u000d\u000a        idShoppingCart bigint,\u000d\u000a        primary key (id)\u000d\u000a    )
\u000d\u000a    create table Payment (\u000d\u000a       id bigint not null,\u000d\u000a        details varchar(255),\u000d\u000a        paid date,\u000d\u000a        total float,\u000d\u000a        idAccount bigint,\u000d\u000a        idOrder bigint,\u000d\u000a        primary key (id)\u000d\u000a    )
\u000d\u000a    create table Pedido (\u000d\u000a       id bigint not null,\u000d\u000a        ordered date,\u000d\u000a        shipped date,\u000d\u000a        status integer,\u000d\u000a        total float,\u000d\u000a        idAccount bigint,\u000d\u000a        idShipTo bigint,\u000d\u000a        primary key (id)\u000d\u000a    )
\u000d\u000a    create table Product (\u000d\u000a       id bigint not null,\u000d\u000a        name varchar(255),\u000d\u000a        suppiler varchar(255),\u000d\u000a        primary key (id)\u000d\u000a    )
\u000d\u000a    create table ShoppingCart (\u000d\u000a       id bigint not null,\u000d\u000a        created date,\u000d\u000a        idWebUser bigint,\u000d\u000a        primary key (id)\u000d\u000a    )
\u000d\u000a    create table WebUser (\u000d\u000a       id bigint not null,\u000d\u000a        password varchar(255),\u000d\u000a        userState integer,\u000d\u000a        primary key (id)\u000d\u000a    )
\u000d\u000a    alter table Account \u000d\u000a       add constraint FK208qly853ydhqch1i3qqbnyig \u000d\u000a       foreign key (idBillingAddress) \u000d\u000a       references Address
\u000d\u000a    alter table Account \u000d\u000a       add constraint FKo0e631iggxklw8ovcor4xb6j2 \u000d\u000a       foreign key (idShoppingCart) \u000d\u000a       references ShoppingCart
\u000d\u000a    alter table Customer \u000d\u000a       add constraint FKnd4tash4yf85cfys9js4hgk5y \u000d\u000a       foreign key (idAccount) \u000d\u000a       references Account
\u000d\u000a    alter table Customer \u000d\u000a       add constraint FK6gva4rgn1vhlc626hq451hnx5 \u000d\u000a       foreign key (idEndereco) \u000d\u000a       references Address
\u000d\u000a    alter table Customer \u000d\u000a       add constraint FKonpc0wle0tsg9t07166ys4v3n \u000d\u000a       foreign key (idWebUser) \u000d\u000a       references WebUser
\u000d\u000a    alter table LineItem \u000d\u000a       add constraint FKeiqja1yu3l5ox1o0fnkb3bau9 \u000d\u000a       foreign key (idOrder) \u000d\u000a       references Pedido
\u000d\u000a    alter table LineItem \u000d\u000a       add constraint FKbcbihcuq4hwhe7216yx46otur \u000d\u000a       foreign key (idProduct) \u000d\u000a       references Product
\u000d\u000a    alter table LineItem \u000d\u000a       add constraint FKpgi56pqsa4ngh3djssq0bpueh \u000d\u000a       foreign key (idShoppingCart) \u000d\u000a       references ShoppingCart
\u000d\u000a    alter table Payment \u000d\u000a       add constraint FK8yqh4y6bkyvog1o45bxh8n07s \u000d\u000a       foreign key (idAccount) \u000d\u000a       references Account
\u000d\u000a    alter table Payment \u000d\u000a       add constraint FKjq4wsfw0xr2vrjl4ak1nm08ip \u000d\u000a       foreign key (idOrder) \u000d\u000a       references Pedido
\u000d\u000a    alter table Pedido \u000d\u000a       add constraint FK7xokuce499okknubjkmuep2bv \u000d\u000a       foreign key (idAccount) \u000d\u000a       references Account
\u000d\u000a    alter table Pedido \u000d\u000a       add constraint FK3jaaw2pi9w9yx90sxcb5ds6bw \u000d\u000a       foreign key (idShipTo) \u000d\u000a       references Address
\u000d\u000a    alter table ShoppingCart \u000d\u000a       add constraint FK3ps28nr0pvvhm7571g4py9cwb \u000d\u000a       foreign key (idWebUser) \u000d\u000a       references WebUser
INSERT INTO CUSTOMER VALUES(1,'william@gmail.com','William','90880988',NULL,NULL,NULL)
ALTER SEQUENCE PUBLIC.HIBERNATE_SEQUENCE RESTART WITH 2
COMMIT
INSERT INTO SHOPPINGCART VALUES(4,'2019-10-01',NULL)
INSERT INTO ACCOUNT VALUES(3,'2019-10-16',FALSE,'2019-10-01',NULL,4)
INSERT INTO PEDIDO VALUES(5,'2019-10-01','2019-10-01',NULL,200.0E0,NULL,NULL)
INSERT INTO CUSTOMER VALUES(2,'william@gmail.com','Willliam','90880988',3,NULL,NULL)
ALTER SEQUENCE PUBLIC.HIBERNATE_SEQUENCE RESTART WITH 6
COMMIT
INSERT INTO CUSTOMER VALUES(6,'william@gmail.com','William','90880988',NULL,NULL,NULL)
ALTER SEQUENCE PUBLIC.HIBERNATE_SEQUENCE RESTART WITH 7
COMMIT
DELETE FROM CUSTOMER WHERE ID=6
COMMIT
DISCONNECT
/*C57*/SET SCHEMA PUBLIC
\u000d\u000a    alter table Account \u000d\u000a       drop constraint FK208qly853ydhqch1i3qqbnyig
\u000d\u000a    alter table Account \u000d\u000a       drop constraint FKo0e631iggxklw8ovcor4xb6j2
\u000d\u000a    alter table Customer \u000d\u000a       drop constraint FKnd4tash4yf85cfys9js4hgk5y
\u000d\u000a    alter table Customer \u000d\u000a       drop constraint FK6gva4rgn1vhlc626hq451hnx5
\u000d\u000a    alter table Customer \u000d\u000a       drop constraint FKonpc0wle0tsg9t07166ys4v3n
\u000d\u000a    alter table LineItem \u000d\u000a       drop constraint FKeiqja1yu3l5ox1o0fnkb3bau9
\u000d\u000a    alter table LineItem \u000d\u000a       drop constraint FKbcbihcuq4hwhe7216yx46otur
\u000d\u000a    alter table LineItem \u000d\u000a       drop constraint FKpgi56pqsa4ngh3djssq0bpueh
\u000d\u000a    alter table Payment \u000d\u000a       drop constraint FK8yqh4y6bkyvog1o45bxh8n07s
\u000d\u000a    alter table Payment \u000d\u000a       drop constraint FKjq4wsfw0xr2vrjl4ak1nm08ip
\u000d\u000a    alter table Pedido \u000d\u000a       drop constraint FK7xokuce499okknubjkmuep2bv
\u000d\u000a    alter table Pedido \u000d\u000a       drop constraint FK3jaaw2pi9w9yx90sxcb5ds6bw
\u000d\u000a    alter table ShoppingCart \u000d\u000a       drop constraint FK3ps28nr0pvvhm7571g4py9cwb
\u000d\u000a    drop table Account if exists
\u000d\u000a    drop table Address if exists
\u000d\u000a    drop table Customer if exists
\u000d\u000a    drop table LineItem if exists
\u000d\u000a    drop table Payment if exists
\u000d\u000a    drop table Pedido if exists
\u000d\u000a    drop table Product if exists
\u000d\u000a    drop table ShoppingCart if exists
\u000d\u000a    drop table WebUser if exists
\u000d\u000a    drop sequence hibernate_sequence if exists
create sequence hibernate_sequence start with 1 increment by 1
\u000d\u000a    create table Account (\u000d\u000a       id bigint not null,\u000d\u000a        closed date,\u000d\u000a        isClosed boolean,\u000d\u000a        open date,\u000d\u000a        idBillingAddress bigint,\u000d\u000a        idShoppingCart bigint,\u000d\u000a        primary key (id)\u000d\u000a    )
\u000d\u000a    create table Address (\u000d\u000a       id bigint not null,\u000d\u000a        city varchar(255),\u000d\u000a        country varchar(255),\u000d\u000a        state varchar(255),\u000d\u000a        street varchar(255),\u000d\u000a        zip varchar(255),\u000d\u000a        primary key (id)\u000d\u000a    )
\u000d\u000a    create table Customer (\u000d\u000a       id bigint not null,\u000d\u000a        email varchar(255),\u000d\u000a        name varchar(255),\u000d\u000a        phone varchar(255),\u000d\u000a        idAccount bigint,\u000d\u000a        idEndereco bigint,\u000d\u000a        idWebUser bigint,\u000d\u000a        primary key (id)\u000d\u000a    )
\u000d\u000a    create table LineItem (\u000d\u000a       id bigint not null,\u000d\u000a        price float,\u000d\u000a        quantity integer not null,\u000d\u000a        idOrder bigint,\u000d\u000a        idProduct bigint,\u000d\u000a        idShoppingCart bigint,\u000d\u000a        primary key (id)\u000d\u000a    )
\u000d\u000a    create table Payment (\u000d\u000a       id bigint not null,\u000d\u000a        details varchar(255),\u000d\u000a        paid date,\u000d\u000a        total float,\u000d\u000a        idAccount bigint,\u000d\u000a        idOrder bigint,\u000d\u000a        primary key (id)\u000d\u000a    )
\u000d\u000a    create table Pedido (\u000d\u000a       id bigint not null,\u000d\u000a        ordered date,\u000d\u000a        shipped date,\u000d\u000a        status integer,\u000d\u000a        total float,\u000d\u000a        idAccount bigint,\u000d\u000a        idShipTo bigint,\u000d\u000a        primary key (id)\u000d\u000a    )
\u000d\u000a    create table Product (\u000d\u000a       id bigint not null,\u000d\u000a        name varchar(255),\u000d\u000a        suppiler varchar(255),\u000d\u000a        primary key (id)\u000d\u000a    )
\u000d\u000a    create table ShoppingCart (\u000d\u000a       id bigint not null,\u000d\u000a        created date,\u000d\u000a        idWebUser bigint,\u000d\u000a        primary key (id)\u000d\u000a    )
\u000d\u000a    create table WebUser (\u000d\u000a       id bigint not null,\u000d\u000a        password varchar(255),\u000d\u000a        userState integer,\u000d\u000a        primary key (id)\u000d\u000a    )
\u000d\u000a    alter table Account \u000d\u000a       add constraint FK208qly853ydhqch1i3qqbnyig \u000d\u000a       foreign key (idBillingAddress) \u000d\u000a       references Address
\u000d\u000a    alter table Account \u000d\u000a       add constraint FKo0e631iggxklw8ovcor4xb6j2 \u000d\u000a       foreign key (idShoppingCart) \u000d\u000a       references ShoppingCart
\u000d\u000a    alter table Customer \u000d\u000a       add constraint FKnd4tash4yf85cfys9js4hgk5y \u000d\u000a       foreign key (idAccount) \u000d\u000a       references Account
\u000d\u000a    alter table Customer \u000d\u000a       add constraint FK6gva4rgn1vhlc626hq451hnx5 \u000d\u000a       foreign key (idEndereco) \u000d\u000a       references Address
\u000d\u000a    alter table Customer \u000d\u000a       add constraint FKonpc0wle0tsg9t07166ys4v3n \u000d\u000a       foreign key (idWebUser) \u000d\u000a       references WebUser
\u000d\u000a    alter table LineItem \u000d\u000a       add constraint FKeiqja1yu3l5ox1o0fnkb3bau9 \u000d\u000a       foreign key (idOrder) \u000d\u000a       references Pedido
\u000d\u000a    alter table LineItem \u000d\u000a       add constraint FKbcbihcuq4hwhe7216yx46otur \u000d\u000a       foreign key (idProduct) \u000d\u000a       references Product
\u000d\u000a    alter table LineItem \u000d\u000a       add constraint FKpgi56pqsa4ngh3djssq0bpueh \u000d\u000a       foreign key (idShoppingCart) \u000d\u000a       references ShoppingCart
\u000d\u000a    alter table Payment \u000d\u000a       add constraint FK8yqh4y6bkyvog1o45bxh8n07s \u000d\u000a       foreign key (idAccount) \u000d\u000a       references Account
\u000d\u000a    alter table Payment \u000d\u000a       add constraint FKjq4wsfw0xr2vrjl4ak1nm08ip \u000d\u000a       foreign key (idOrder) \u000d\u000a       references Pedido
\u000d\u000a    alter table Pedido \u000d\u000a       add constraint FK7xokuce499okknubjkmuep2bv \u000d\u000a       foreign key (idAccount) \u000d\u000a       references Account
\u000d\u000a    alter table Pedido \u000d\u000a       add constraint FK3jaaw2pi9w9yx90sxcb5ds6bw \u000d\u000a       foreign key (idShipTo) \u000d\u000a       references Address
\u000d\u000a    alter table ShoppingCart \u000d\u000a       add constraint FK3ps28nr0pvvhm7571g4py9cwb \u000d\u000a       foreign key (idWebUser) \u000d\u000a       references WebUser
INSERT INTO CUSTOMER VALUES(1,'william@gmail.com','William','90880988',NULL,NULL,NULL)
ALTER SEQUENCE PUBLIC.HIBERNATE_SEQUENCE RESTART WITH 2
COMMIT
INSERT INTO SHOPPINGCART VALUES(4,'2019-10-01',NULL)
INSERT INTO ACCOUNT VALUES(3,'2019-10-16',FALSE,'2019-10-01',NULL,4)
INSERT INTO PEDIDO VALUES(5,'2019-10-01','2019-10-16',NULL,200.0E0,NULL,NULL)
INSERT INTO CUSTOMER VALUES(2,'william@gmail.com','Willliam','90880988',3,NULL,NULL)
ALTER SEQUENCE PUBLIC.HIBERNATE_SEQUENCE RESTART WITH 6
COMMIT
INSERT INTO CUSTOMER VALUES(6,'william@gmail.com','William','90880988',NULL,NULL,NULL)
ALTER SEQUENCE PUBLIC.HIBERNATE_SEQUENCE RESTART WITH 7
COMMIT
DELETE FROM CUSTOMER WHERE ID=6
COMMIT
DISCONNECT
/*C58*/SET SCHEMA PUBLIC
\u000d\u000a    alter table Account \u000d\u000a       drop constraint FK208qly853ydhqch1i3qqbnyig
\u000d\u000a    alter table Account \u000d\u000a       drop constraint FKo0e631iggxklw8ovcor4xb6j2
\u000d\u000a    alter table Customer \u000d\u000a       drop constraint FKnd4tash4yf85cfys9js4hgk5y
\u000d\u000a    alter table Customer \u000d\u000a       drop constraint FK6gva4rgn1vhlc626hq451hnx5
\u000d\u000a    alter table Customer \u000d\u000a       drop constraint FKonpc0wle0tsg9t07166ys4v3n
\u000d\u000a    alter table LineItem \u000d\u000a       drop constraint FKeiqja1yu3l5ox1o0fnkb3bau9
\u000d\u000a    alter table LineItem \u000d\u000a       drop constraint FKbcbihcuq4hwhe7216yx46otur
\u000d\u000a    alter table LineItem \u000d\u000a       drop constraint FKpgi56pqsa4ngh3djssq0bpueh
\u000d\u000a    alter table Payment \u000d\u000a       drop constraint FK8yqh4y6bkyvog1o45bxh8n07s
\u000d\u000a    alter table Payment \u000d\u000a       drop constraint FKjq4wsfw0xr2vrjl4ak1nm08ip
\u000d\u000a    alter table Pedido \u000d\u000a       drop constraint FK7xokuce499okknubjkmuep2bv
\u000d\u000a    alter table Pedido \u000d\u000a       drop constraint FK3jaaw2pi9w9yx90sxcb5ds6bw
\u000d\u000a    alter table ShoppingCart \u000d\u000a       drop constraint FK3ps28nr0pvvhm7571g4py9cwb
\u000d\u000a    drop table Account if exists
\u000d\u000a    drop table Address if exists
\u000d\u000a    drop table Customer if exists
\u000d\u000a    drop table LineItem if exists
\u000d\u000a    drop table Payment if exists
\u000d\u000a    drop table Pedido if exists
\u000d\u000a    drop table Product if exists
\u000d\u000a    drop table ShoppingCart if exists
\u000d\u000a    drop table WebUser if exists
\u000d\u000a    drop sequence hibernate_sequence if exists
create sequence hibernate_sequence start with 1 increment by 1
\u000d\u000a    create table Account (\u000d\u000a       id bigint not null,\u000d\u000a        closed date,\u000d\u000a        isClosed boolean,\u000d\u000a        open date,\u000d\u000a        idBillingAddress bigint,\u000d\u000a        idShoppingCart bigint,\u000d\u000a        primary key (id)\u000d\u000a    )
\u000d\u000a    create table Address (\u000d\u000a       id bigint not null,\u000d\u000a        city varchar(255),\u000d\u000a        country varchar(255),\u000d\u000a        state varchar(255),\u000d\u000a        street varchar(255),\u000d\u000a        zip varchar(255),\u000d\u000a        primary key (id)\u000d\u000a    )
\u000d\u000a    create table Customer (\u000d\u000a       id bigint not null,\u000d\u000a        email varchar(255),\u000d\u000a        name varchar(255),\u000d\u000a        phone varchar(255),\u000d\u000a        idAccount bigint,\u000d\u000a        idEndereco bigint,\u000d\u000a        idWebUser bigint,\u000d\u000a        primary key (id)\u000d\u000a    )
\u000d\u000a    create table LineItem (\u000d\u000a       id bigint not null,\u000d\u000a        price float,\u000d\u000a        quantity integer not null,\u000d\u000a        idOrder bigint,\u000d\u000a        idProduct bigint,\u000d\u000a        idShoppingCart bigint,\u000d\u000a        primary key (id)\u000d\u000a    )
\u000d\u000a    create table Payment (\u000d\u000a       id bigint not null,\u000d\u000a        details varchar(255),\u000d\u000a        paid date,\u000d\u000a        total float,\u000d\u000a        idAccount bigint,\u000d\u000a        idOrder bigint,\u000d\u000a        primary key (id)\u000d\u000a    )
\u000d\u000a    create table Pedido (\u000d\u000a       id bigint not null,\u000d\u000a        ordered date,\u000d\u000a        shipped date,\u000d\u000a        status integer,\u000d\u000a        total float,\u000d\u000a        idAccount bigint,\u000d\u000a        idShipTo bigint,\u000d\u000a        primary key (id)\u000d\u000a    )
\u000d\u000a    create table Product (\u000d\u000a       id bigint not null,\u000d\u000a        name varchar(255),\u000d\u000a        suppiler varchar(255),\u000d\u000a        primary key (id)\u000d\u000a    )
\u000d\u000a    create table ShoppingCart (\u000d\u000a       id bigint not null,\u000d\u000a        created date,\u000d\u000a        idWebUser bigint,\u000d\u000a        primary key (id)\u000d\u000a    )
\u000d\u000a    create table WebUser (\u000d\u000a       id bigint not null,\u000d\u000a        password varchar(255),\u000d\u000a        userState integer,\u000d\u000a        primary key (id)\u000d\u000a    )
\u000d\u000a    alter table Account \u000d\u000a       add constraint FK208qly853ydhqch1i3qqbnyig \u000d\u000a       foreign key (idBillingAddress) \u000d\u000a       references Address
\u000d\u000a    alter table Account \u000d\u000a       add constraint FKo0e631iggxklw8ovcor4xb6j2 \u000d\u000a       foreign key (idShoppingCart) \u000d\u000a       references ShoppingCart
\u000d\u000a    alter table Customer \u000d\u000a       add constraint FKnd4tash4yf85cfys9js4hgk5y \u000d\u000a       foreign key (idAccount) \u000d\u000a       references Account
\u000d\u000a    alter table Customer \u000d\u000a       add constraint FK6gva4rgn1vhlc626hq451hnx5 \u000d\u000a       foreign key (idEndereco) \u000d\u000a       references Address
\u000d\u000a    alter table Customer \u000d\u000a       add constraint FKonpc0wle0tsg9t07166ys4v3n \u000d\u000a       foreign key (idWebUser) \u000d\u000a       references WebUser
\u000d\u000a    alter table LineItem \u000d\u000a       add constraint FKeiqja1yu3l5ox1o0fnkb3bau9 \u000d\u000a       foreign key (idOrder) \u000d\u000a       references Pedido
\u000d\u000a    alter table LineItem \u000d\u000a       add constraint FKbcbihcuq4hwhe7216yx46otur \u000d\u000a       foreign key (idProduct) \u000d\u000a       references Product
\u000d\u000a    alter table LineItem \u000d\u000a       add constraint FKpgi56pqsa4ngh3djssq0bpueh \u000d\u000a       foreign key (idShoppingCart) \u000d\u000a       references ShoppingCart
\u000d\u000a    alter table Payment \u000d\u000a       add constraint FK8yqh4y6bkyvog1o45bxh8n07s \u000d\u000a       foreign key (idAccount) \u000d\u000a       references Account
\u000d\u000a    alter table Payment \u000d\u000a       add constraint FKjq4wsfw0xr2vrjl4ak1nm08ip \u000d\u000a       foreign key (idOrder) \u000d\u000a       references Pedido
\u000d\u000a    alter table Pedido \u000d\u000a       add constraint FK7xokuce499okknubjkmuep2bv \u000d\u000a       foreign key (idAccount) \u000d\u000a       references Account
\u000d\u000a    alter table Pedido \u000d\u000a       add constraint FK3jaaw2pi9w9yx90sxcb5ds6bw \u000d\u000a       foreign key (idShipTo) \u000d\u000a       references Address
\u000d\u000a    alter table ShoppingCart \u000d\u000a       add constraint FK3ps28nr0pvvhm7571g4py9cwb \u000d\u000a       foreign key (idWebUser) \u000d\u000a       references WebUser
INSERT INTO ADDRESS VALUES(2,'City','country','State','Street','92000000')
INSERT INTO PEDIDO VALUES(1,'2019-10-16','2019-10-02',0,2000.0E0,NULL,2)
ALTER SEQUENCE PUBLIC.HIBERNATE_SEQUENCE RESTART WITH 3
COMMIT
DISCONNECT
/*C59*/SET SCHEMA PUBLIC
\u000d\u000a    alter table Account \u000d\u000a       drop constraint FK208qly853ydhqch1i3qqbnyig
\u000d\u000a    alter table Account \u000d\u000a       drop constraint FKo0e631iggxklw8ovcor4xb6j2
\u000d\u000a    alter table Customer \u000d\u000a       drop constraint FKnd4tash4yf85cfys9js4hgk5y
\u000d\u000a    alter table Customer \u000d\u000a       drop constraint FK6gva4rgn1vhlc626hq451hnx5
\u000d\u000a    alter table Customer \u000d\u000a       drop constraint FKonpc0wle0tsg9t07166ys4v3n
\u000d\u000a    alter table LineItem \u000d\u000a       drop constraint FKeiqja1yu3l5ox1o0fnkb3bau9
\u000d\u000a    alter table LineItem \u000d\u000a       drop constraint FKbcbihcuq4hwhe7216yx46otur
\u000d\u000a    alter table LineItem \u000d\u000a       drop constraint FKpgi56pqsa4ngh3djssq0bpueh
\u000d\u000a    alter table Payment \u000d\u000a       drop constraint FK8yqh4y6bkyvog1o45bxh8n07s
\u000d\u000a    alter table Payment \u000d\u000a       drop constraint FKjq4wsfw0xr2vrjl4ak1nm08ip
\u000d\u000a    alter table Pedido \u000d\u000a       drop constraint FK7xokuce499okknubjkmuep2bv
\u000d\u000a    alter table Pedido \u000d\u000a       drop constraint FK3jaaw2pi9w9yx90sxcb5ds6bw
\u000d\u000a    alter table ShoppingCart \u000d\u000a       drop constraint FK3ps28nr0pvvhm7571g4py9cwb
\u000d\u000a    drop table Account if exists
\u000d\u000a    drop table Address if exists
\u000d\u000a    drop table Customer if exists
\u000d\u000a    drop table LineItem if exists
\u000d\u000a    drop table Payment if exists
\u000d\u000a    drop table Pedido if exists
\u000d\u000a    drop table Product if exists
\u000d\u000a    drop table ShoppingCart if exists
\u000d\u000a    drop table WebUser if exists
\u000d\u000a    drop sequence hibernate_sequence if exists
create sequence hibernate_sequence start with 1 increment by 1
\u000d\u000a    create table Account (\u000d\u000a       id bigint not null,\u000d\u000a        closed date,\u000d\u000a        isClosed boolean,\u000d\u000a        open date,\u000d\u000a        idBillingAddress bigint,\u000d\u000a        idShoppingCart bigint,\u000d\u000a        primary key (id)\u000d\u000a    )
\u000d\u000a    create table Address (\u000d\u000a       id bigint not null,\u000d\u000a        city varchar(255),\u000d\u000a        country varchar(255),\u000d\u000a        state varchar(255),\u000d\u000a        street varchar(255),\u000d\u000a        zip varchar(255),\u000d\u000a        primary key (id)\u000d\u000a    )
\u000d\u000a    create table Customer (\u000d\u000a       id bigint not null,\u000d\u000a        email varchar(255),\u000d\u000a        name varchar(255),\u000d\u000a        phone varchar(255),\u000d\u000a        idAccount bigint,\u000d\u000a        idEndereco bigint,\u000d\u000a        idWebUser bigint,\u000d\u000a        primary key (id)\u000d\u000a    )
\u000d\u000a    create table LineItem (\u000d\u000a       id bigint not null,\u000d\u000a        price float,\u000d\u000a        quantity integer not null,\u000d\u000a        idOrder bigint,\u000d\u000a        idProduct bigint,\u000d\u000a        idShoppingCart bigint,\u000d\u000a        primary key (id)\u000d\u000a    )
\u000d\u000a    create table Payment (\u000d\u000a       id bigint not null,\u000d\u000a        details varchar(255),\u000d\u000a        paid date,\u000d\u000a        total float,\u000d\u000a        idAccount bigint,\u000d\u000a        idOrder bigint,\u000d\u000a        primary key (id)\u000d\u000a    )
\u000d\u000a    create table Pedido (\u000d\u000a       id bigint not null,\u000d\u000a        ordered date,\u000d\u000a        shipped date,\u000d\u000a        status integer,\u000d\u000a        total float,\u000d\u000a        idAccount bigint,\u000d\u000a        idShipTo bigint,\u000d\u000a        primary key (id)\u000d\u000a    )
\u000d\u000a    create table Product (\u000d\u000a       id bigint not null,\u000d\u000a        name varchar(255),\u000d\u000a        suppiler varchar(255),\u000d\u000a        primary key (id)\u000d\u000a    )
\u000d\u000a    create table ShoppingCart (\u000d\u000a       id bigint not null,\u000d\u000a        created date,\u000d\u000a        idWebUser bigint,\u000d\u000a        primary key (id)\u000d\u000a    )
\u000d\u000a    create table WebUser (\u000d\u000a       id bigint not null,\u000d\u000a        password varchar(255),\u000d\u000a        userState integer,\u000d\u000a        primary key (id)\u000d\u000a    )
\u000d\u000a    alter table Account \u000d\u000a       add constraint FK208qly853ydhqch1i3qqbnyig \u000d\u000a       foreign key (idBillingAddress) \u000d\u000a       references Address
\u000d\u000a    alter table Account \u000d\u000a       add constraint FKo0e631iggxklw8ovcor4xb6j2 \u000d\u000a       foreign key (idShoppingCart) \u000d\u000a       references ShoppingCart
\u000d\u000a    alter table Customer \u000d\u000a       add constraint FKnd4tash4yf85cfys9js4hgk5y \u000d\u000a       foreign key (idAccount) \u000d\u000a       references Account
\u000d\u000a    alter table Customer \u000d\u000a       add constraint FK6gva4rgn1vhlc626hq451hnx5 \u000d\u000a       foreign key (idEndereco) \u000d\u000a       references Address
\u000d\u000a    alter table Customer \u000d\u000a       add constraint FKonpc0wle0tsg9t07166ys4v3n \u000d\u000a       foreign key (idWebUser) \u000d\u000a       references WebUser
\u000d\u000a    alter table LineItem \u000d\u000a       add constraint FKeiqja1yu3l5ox1o0fnkb3bau9 \u000d\u000a       foreign key (idOrder) \u000d\u000a       references Pedido
\u000d\u000a    alter table LineItem \u000d\u000a       add constraint FKbcbihcuq4hwhe7216yx46otur \u000d\u000a       foreign key (idProduct) \u000d\u000a       references Product
\u000d\u000a    alter table LineItem \u000d\u000a       add constraint FKpgi56pqsa4ngh3djssq0bpueh \u000d\u000a       foreign key (idShoppingCart) \u000d\u000a       references ShoppingCart
\u000d\u000a    alter table Payment \u000d\u000a       add constraint FK8yqh4y6bkyvog1o45bxh8n07s \u000d\u000a       foreign key (idAccount) \u000d\u000a       references Account
\u000d\u000a    alter table Payment \u000d\u000a       add constraint FKjq4wsfw0xr2vrjl4ak1nm08ip \u000d\u000a       foreign key (idOrder) \u000d\u000a       references Pedido
\u000d\u000a    alter table Pedido \u000d\u000a       add constraint FK7xokuce499okknubjkmuep2bv \u000d\u000a       foreign key (idAccount) \u000d\u000a       references Account
\u000d\u000a    alter table Pedido \u000d\u000a       add constraint FK3jaaw2pi9w9yx90sxcb5ds6bw \u000d\u000a       foreign key (idShipTo) \u000d\u000a       references Address
\u000d\u000a    alter table ShoppingCart \u000d\u000a       add constraint FK3ps28nr0pvvhm7571g4py9cwb \u000d\u000a       foreign key (idWebUser) \u000d\u000a       references WebUser
INSERT INTO ADDRESS VALUES(2,'City','country','State','Street','92000000')
INSERT INTO PEDIDO VALUES(1,'2019-10-16','2019-10-02',0,2000.0E0,NULL,2)
ALTER SEQUENCE PUBLIC.HIBERNATE_SEQUENCE RESTART WITH 3
COMMIT
DELETE FROM PEDIDO WHERE ID=1
INSERT INTO PEDIDO VALUES(1,'2019-10-02','2019-10-02',0,2000.0E0,NULL,2)
COMMIT
INSERT INTO ADDRESS VALUES(4,'City','country','State','Street','92000000')
INSERT INTO PEDIDO VALUES(3,'2019-10-16','2019-10-02',0,2000.0E0,NULL,4)
ALTER SEQUENCE PUBLIC.HIBERNATE_SEQUENCE RESTART WITH 5
COMMIT
DISCONNECT
/*C60*/SET SCHEMA PUBLIC
\u000d\u000a    alter table Account \u000d\u000a       drop constraint FK208qly853ydhqch1i3qqbnyig
\u000d\u000a    alter table Account \u000d\u000a       drop constraint FKo0e631iggxklw8ovcor4xb6j2
\u000d\u000a    alter table Customer \u000d\u000a       drop constraint FKnd4tash4yf85cfys9js4hgk5y
\u000d\u000a    alter table Customer \u000d\u000a       drop constraint FK6gva4rgn1vhlc626hq451hnx5
\u000d\u000a    alter table Customer \u000d\u000a       drop constraint FKonpc0wle0tsg9t07166ys4v3n
\u000d\u000a    alter table LineItem \u000d\u000a       drop constraint FKeiqja1yu3l5ox1o0fnkb3bau9
\u000d\u000a    alter table LineItem \u000d\u000a       drop constraint FKbcbihcuq4hwhe7216yx46otur
\u000d\u000a    alter table LineItem \u000d\u000a       drop constraint FKpgi56pqsa4ngh3djssq0bpueh
\u000d\u000a    alter table Payment \u000d\u000a       drop constraint FK8yqh4y6bkyvog1o45bxh8n07s
\u000d\u000a    alter table Payment \u000d\u000a       drop constraint FKjq4wsfw0xr2vrjl4ak1nm08ip
\u000d\u000a    alter table Pedido \u000d\u000a       drop constraint FK7xokuce499okknubjkmuep2bv
\u000d\u000a    alter table Pedido \u000d\u000a       drop constraint FK3jaaw2pi9w9yx90sxcb5ds6bw
\u000d\u000a    alter table ShoppingCart \u000d\u000a       drop constraint FK3ps28nr0pvvhm7571g4py9cwb
\u000d\u000a    drop table Account if exists
\u000d\u000a    drop table Address if exists
\u000d\u000a    drop table Customer if exists
\u000d\u000a    drop table LineItem if exists
\u000d\u000a    drop table Payment if exists
\u000d\u000a    drop table Pedido if exists
\u000d\u000a    drop table Product if exists
\u000d\u000a    drop table ShoppingCart if exists
\u000d\u000a    drop table WebUser if exists
\u000d\u000a    drop sequence hibernate_sequence if exists
create sequence hibernate_sequence start with 1 increment by 1
\u000d\u000a    create table Account (\u000d\u000a       id bigint not null,\u000d\u000a        closed date,\u000d\u000a        isClosed boolean,\u000d\u000a        open date,\u000d\u000a        idBillingAddress bigint,\u000d\u000a        idShoppingCart bigint,\u000d\u000a        primary key (id)\u000d\u000a    )
\u000d\u000a    create table Address (\u000d\u000a       id bigint not null,\u000d\u000a        city varchar(255),\u000d\u000a        country varchar(255),\u000d\u000a        state varchar(255),\u000d\u000a        street varchar(255),\u000d\u000a        zip varchar(255),\u000d\u000a        primary key (id)\u000d\u000a    )
\u000d\u000a    create table Customer (\u000d\u000a       id bigint not null,\u000d\u000a        email varchar(255),\u000d\u000a        name varchar(255),\u000d\u000a        phone varchar(255),\u000d\u000a        idAccount bigint,\u000d\u000a        idEndereco bigint,\u000d\u000a        idWebUser bigint,\u000d\u000a        primary key (id)\u000d\u000a    )
\u000d\u000a    create table LineItem (\u000d\u000a       id bigint not null,\u000d\u000a        price float,\u000d\u000a        quantity integer not null,\u000d\u000a        idOrder bigint,\u000d\u000a        idProduct bigint,\u000d\u000a        idShoppingCart bigint,\u000d\u000a        primary key (id)\u000d\u000a    )
\u000d\u000a    create table Payment (\u000d\u000a       id bigint not null,\u000d\u000a        details varchar(255),\u000d\u000a        paid date,\u000d\u000a        total float,\u000d\u000a        idAccount bigint,\u000d\u000a        idOrder bigint,\u000d\u000a        primary key (id)\u000d\u000a    )
\u000d\u000a    create table Pedido (\u000d\u000a       id bigint not null,\u000d\u000a        ordered date,\u000d\u000a        shipped date,\u000d\u000a        status integer,\u000d\u000a        total float,\u000d\u000a        idAccount bigint,\u000d\u000a        idShipTo bigint,\u000d\u000a        primary key (id)\u000d\u000a    )
\u000d\u000a    create table Product (\u000d\u000a       id bigint not null,\u000d\u000a        name varchar(255),\u000d\u000a        suppiler varchar(255),\u000d\u000a        primary key (id)\u000d\u000a    )
\u000d\u000a    create table ShoppingCart (\u000d\u000a       id bigint not null,\u000d\u000a        created date,\u000d\u000a        idWebUser bigint,\u000d\u000a        primary key (id)\u000d\u000a    )
\u000d\u000a    create table WebUser (\u000d\u000a       id bigint not null,\u000d\u000a        password varchar(255),\u000d\u000a        userState integer,\u000d\u000a        primary key (id)\u000d\u000a    )
\u000d\u000a    alter table Account \u000d\u000a       add constraint FK208qly853ydhqch1i3qqbnyig \u000d\u000a       foreign key (idBillingAddress) \u000d\u000a       references Address
\u000d\u000a    alter table Account \u000d\u000a       add constraint FKo0e631iggxklw8ovcor4xb6j2 \u000d\u000a       foreign key (idShoppingCart) \u000d\u000a       references ShoppingCart
\u000d\u000a    alter table Customer \u000d\u000a       add constraint FKnd4tash4yf85cfys9js4hgk5y \u000d\u000a       foreign key (idAccount) \u000d\u000a       references Account
\u000d\u000a    alter table Customer \u000d\u000a       add constraint FK6gva4rgn1vhlc626hq451hnx5 \u000d\u000a       foreign key (idEndereco) \u000d\u000a       references Address
\u000d\u000a    alter table Customer \u000d\u000a       add constraint FKonpc0wle0tsg9t07166ys4v3n \u000d\u000a       foreign key (idWebUser) \u000d\u000a       references WebUser
\u000d\u000a    alter table LineItem \u000d\u000a       add constraint FKeiqja1yu3l5ox1o0fnkb3bau9 \u000d\u000a       foreign key (idOrder) \u000d\u000a       references Pedido
\u000d\u000a    alter table LineItem \u000d\u000a       add constraint FKbcbihcuq4hwhe7216yx46otur \u000d\u000a       foreign key (idProduct) \u000d\u000a       references Product
\u000d\u000a    alter table LineItem \u000d\u000a       add constraint FKpgi56pqsa4ngh3djssq0bpueh \u000d\u000a       foreign key (idShoppingCart) \u000d\u000a       references ShoppingCart
\u000d\u000a    alter table Payment \u000d\u000a       add constraint FK8yqh4y6bkyvog1o45bxh8n07s \u000d\u000a       foreign key (idAccount) \u000d\u000a       references Account
\u000d\u000a    alter table Payment \u000d\u000a       add constraint FKjq4wsfw0xr2vrjl4ak1nm08ip \u000d\u000a       foreign key (idOrder) \u000d\u000a       references Pedido
\u000d\u000a    alter table Pedido \u000d\u000a       add constraint FK7xokuce499okknubjkmuep2bv \u000d\u000a       foreign key (idAccount) \u000d\u000a       references Account
\u000d\u000a    alter table Pedido \u000d\u000a       add constraint FK3jaaw2pi9w9yx90sxcb5ds6bw \u000d\u000a       foreign key (idShipTo) \u000d\u000a       references Address
\u000d\u000a    alter table ShoppingCart \u000d\u000a       add constraint FK3ps28nr0pvvhm7571g4py9cwb \u000d\u000a       foreign key (idWebUser) \u000d\u000a       references WebUser
INSERT INTO ADDRESS VALUES(2,'City','country','State','Street','92000000')
INSERT INTO PEDIDO VALUES(1,'2019-10-16','2019-10-02',0,2000.0E0,NULL,2)
ALTER SEQUENCE PUBLIC.HIBERNATE_SEQUENCE RESTART WITH 3
COMMIT
DELETE FROM PEDIDO WHERE ID=1
INSERT INTO PEDIDO VALUES(1,'2019-10-02','2019-10-02',0,2000.0E0,NULL,2)
COMMIT
INSERT INTO ADDRESS VALUES(4,'City','country','State','Street','92000000')
INSERT INTO PEDIDO VALUES(3,'2019-10-16','2019-10-02',0,2000.0E0,NULL,4)
ALTER SEQUENCE PUBLIC.HIBERNATE_SEQUENCE RESTART WITH 5
COMMIT
INSERT INTO ADDRESS VALUES(6,'City','country','State','Street','92000000')
INSERT INTO PEDIDO VALUES(5,'2019-10-16','2019-10-02',0,2000.0E0,NULL,6)
ALTER SEQUENCE PUBLIC.HIBERNATE_SEQUENCE RESTART WITH 7
COMMIT
DELETE FROM PEDIDO WHERE ID=5
DELETE FROM ADDRESS WHERE ID=6
COMMIT
DISCONNECT
/*C61*/SET SCHEMA PUBLIC
\u000d\u000a    alter table Account \u000d\u000a       drop constraint FK208qly853ydhqch1i3qqbnyig
\u000d\u000a    alter table Account \u000d\u000a       drop constraint FKo0e631iggxklw8ovcor4xb6j2
\u000d\u000a    alter table Customer \u000d\u000a       drop constraint FKnd4tash4yf85cfys9js4hgk5y
\u000d\u000a    alter table Customer \u000d\u000a       drop constraint FK6gva4rgn1vhlc626hq451hnx5
\u000d\u000a    alter table Customer \u000d\u000a       drop constraint FKonpc0wle0tsg9t07166ys4v3n
\u000d\u000a    alter table LineItem \u000d\u000a       drop constraint FKeiqja1yu3l5ox1o0fnkb3bau9
\u000d\u000a    alter table LineItem \u000d\u000a       drop constraint FKbcbihcuq4hwhe7216yx46otur
\u000d\u000a    alter table LineItem \u000d\u000a       drop constraint FKpgi56pqsa4ngh3djssq0bpueh
\u000d\u000a    alter table Payment \u000d\u000a       drop constraint FK8yqh4y6bkyvog1o45bxh8n07s
\u000d\u000a    alter table Payment \u000d\u000a       drop constraint FKjq4wsfw0xr2vrjl4ak1nm08ip
\u000d\u000a    alter table Pedido \u000d\u000a       drop constraint FK7xokuce499okknubjkmuep2bv
\u000d\u000a    alter table Pedido \u000d\u000a       drop constraint FK3jaaw2pi9w9yx90sxcb5ds6bw
\u000d\u000a    alter table ShoppingCart \u000d\u000a       drop constraint FK3ps28nr0pvvhm7571g4py9cwb
\u000d\u000a    drop table Account if exists
\u000d\u000a    drop table Address if exists
\u000d\u000a    drop table Customer if exists
\u000d\u000a    drop table LineItem if exists
\u000d\u000a    drop table Payment if exists
\u000d\u000a    drop table Pedido if exists
\u000d\u000a    drop table Product if exists
\u000d\u000a    drop table ShoppingCart if exists
\u000d\u000a    drop table WebUser if exists
\u000d\u000a    drop sequence hibernate_sequence if exists
create sequence hibernate_sequence start with 1 increment by 1
\u000d\u000a    create table Account (\u000d\u000a       id bigint not null,\u000d\u000a        closed date,\u000d\u000a        isClosed boolean,\u000d\u000a        open date,\u000d\u000a        idBillingAddress bigint,\u000d\u000a        idShoppingCart bigint,\u000d\u000a        primary key (id)\u000d\u000a    )
\u000d\u000a    create table Address (\u000d\u000a       id bigint not null,\u000d\u000a        city varchar(255),\u000d\u000a        country varchar(255),\u000d\u000a        state varchar(255),\u000d\u000a        street varchar(255),\u000d\u000a        zip varchar(255),\u000d\u000a        primary key (id)\u000d\u000a    )
\u000d\u000a    create table Customer (\u000d\u000a       id bigint not null,\u000d\u000a        email varchar(255),\u000d\u000a        name varchar(255),\u000d\u000a        phone varchar(255),\u000d\u000a        idAccount bigint,\u000d\u000a        idEndereco bigint,\u000d\u000a        idWebUser bigint,\u000d\u000a        primary key (id)\u000d\u000a    )
\u000d\u000a    create table LineItem (\u000d\u000a       id bigint not null,\u000d\u000a        price float,\u000d\u000a        quantity integer not null,\u000d\u000a        idOrder bigint,\u000d\u000a        idProduct bigint,\u000d\u000a        idShoppingCart bigint,\u000d\u000a        primary key (id)\u000d\u000a    )
\u000d\u000a    create table Payment (\u000d\u000a       id bigint not null,\u000d\u000a        details varchar(255),\u000d\u000a        paid date,\u000d\u000a        total float,\u000d\u000a        idAccount bigint,\u000d\u000a        idOrder bigint,\u000d\u000a        primary key (id)\u000d\u000a    )
\u000d\u000a    create table Pedido (\u000d\u000a       id bigint not null,\u000d\u000a        ordered date,\u000d\u000a        shipped date,\u000d\u000a        status integer,\u000d\u000a        total float,\u000d\u000a        idAccount bigint,\u000d\u000a        idShipTo bigint,\u000d\u000a        primary key (id)\u000d\u000a    )
\u000d\u000a    create table Product (\u000d\u000a       id bigint not null,\u000d\u000a        name varchar(255),\u000d\u000a        suppiler varchar(255),\u000d\u000a        primary key (id)\u000d\u000a    )
\u000d\u000a    create table ShoppingCart (\u000d\u000a       id bigint not null,\u000d\u000a        created date,\u000d\u000a        idWebUser bigint,\u000d\u000a        primary key (id)\u000d\u000a    )
\u000d\u000a    create table WebUser (\u000d\u000a       id bigint not null,\u000d\u000a        password varchar(255),\u000d\u000a        userState integer,\u000d\u000a        primary key (id)\u000d\u000a    )
\u000d\u000a    alter table Account \u000d\u000a       add constraint FK208qly853ydhqch1i3qqbnyig \u000d\u000a       foreign key (idBillingAddress) \u000d\u000a       references Address
\u000d\u000a    alter table Account \u000d\u000a       add constraint FKo0e631iggxklw8ovcor4xb6j2 \u000d\u000a       foreign key (idShoppingCart) \u000d\u000a       references ShoppingCart
\u000d\u000a    alter table Customer \u000d\u000a       add constraint FKnd4tash4yf85cfys9js4hgk5y \u000d\u000a       foreign key (idAccount) \u000d\u000a       references Account
\u000d\u000a    alter table Customer \u000d\u000a       add constraint FK6gva4rgn1vhlc626hq451hnx5 \u000d\u000a       foreign key (idEndereco) \u000d\u000a       references Address
\u000d\u000a    alter table Customer \u000d\u000a       add constraint FKonpc0wle0tsg9t07166ys4v3n \u000d\u000a       foreign key (idWebUser) \u000d\u000a       references WebUser
\u000d\u000a    alter table LineItem \u000d\u000a       add constraint FKeiqja1yu3l5ox1o0fnkb3bau9 \u000d\u000a       foreign key (idOrder) \u000d\u000a       references Pedido
\u000d\u000a    alter table LineItem \u000d\u000a       add constraint FKbcbihcuq4hwhe7216yx46otur \u000d\u000a       foreign key (idProduct) \u000d\u000a       references Product
\u000d\u000a    alter table LineItem \u000d\u000a       add constraint FKpgi56pqsa4ngh3djssq0bpueh \u000d\u000a       foreign key (idShoppingCart) \u000d\u000a       references ShoppingCart
\u000d\u000a    alter table Payment \u000d\u000a       add constraint FK8yqh4y6bkyvog1o45bxh8n07s \u000d\u000a       foreign key (idAccount) \u000d\u000a       references Account
\u000d\u000a    alter table Payment \u000d\u000a       add constraint FKjq4wsfw0xr2vrjl4ak1nm08ip \u000d\u000a       foreign key (idOrder) \u000d\u000a       references Pedido
\u000d\u000a    alter table Pedido \u000d\u000a       add constraint FK7xokuce499okknubjkmuep2bv \u000d\u000a       foreign key (idAccount) \u000d\u000a       references Account
\u000d\u000a    alter table Pedido \u000d\u000a       add constraint FK3jaaw2pi9w9yx90sxcb5ds6bw \u000d\u000a       foreign key (idShipTo) \u000d\u000a       references Address
\u000d\u000a    alter table ShoppingCart \u000d\u000a       add constraint FK3ps28nr0pvvhm7571g4py9cwb \u000d\u000a       foreign key (idWebUser) \u000d\u000a       references WebUser
INSERT INTO ADDRESS VALUES(2,'City','country','State','Street','92000000')
INSERT INTO PEDIDO VALUES(1,'2019-10-16','2019-10-02',0,2000.0E0,NULL,2)
ALTER SEQUENCE PUBLIC.HIBERNATE_SEQUENCE RESTART WITH 3
COMMIT
DELETE FROM PEDIDO WHERE ID=1
INSERT INTO PEDIDO VALUES(1,'2019-10-02','2019-10-02',0,2000.0E0,NULL,2)
COMMIT
INSERT INTO ADDRESS VALUES(4,'City','country','State','Street','92000000')
INSERT INTO PEDIDO VALUES(3,'2019-10-16','2019-10-02',0,2000.0E0,NULL,4)
ALTER SEQUENCE PUBLIC.HIBERNATE_SEQUENCE RESTART WITH 5
COMMIT
INSERT INTO ADDRESS VALUES(6,'City','country','State','Street','92000000')
INSERT INTO PEDIDO VALUES(5,'2019-10-16','2019-10-02',0,2000.0E0,NULL,6)
ALTER SEQUENCE PUBLIC.HIBERNATE_SEQUENCE RESTART WITH 7
COMMIT
INSERT INTO ADDRESS VALUES(8,'City','country','State','Street','92000000')
INSERT INTO PEDIDO VALUES(7,'2019-10-16','2019-10-02',0,2000.0E0,NULL,8)
ALTER SEQUENCE PUBLIC.HIBERNATE_SEQUENCE RESTART WITH 9
COMMIT
DELETE FROM PEDIDO WHERE ID=7
DELETE FROM ADDRESS WHERE ID=8
COMMIT
DISCONNECT
/*C62*/SET SCHEMA PUBLIC
\u000d\u000a    alter table Account \u000d\u000a       drop constraint FK208qly853ydhqch1i3qqbnyig
\u000d\u000a    alter table Account \u000d\u000a       drop constraint FKo0e631iggxklw8ovcor4xb6j2
\u000d\u000a    alter table Customer \u000d\u000a       drop constraint FKnd4tash4yf85cfys9js4hgk5y
\u000d\u000a    alter table Customer \u000d\u000a       drop constraint FK6gva4rgn1vhlc626hq451hnx5
\u000d\u000a    alter table Customer \u000d\u000a       drop constraint FKonpc0wle0tsg9t07166ys4v3n
\u000d\u000a    alter table LineItem \u000d\u000a       drop constraint FKeiqja1yu3l5ox1o0fnkb3bau9
\u000d\u000a    alter table LineItem \u000d\u000a       drop constraint FKbcbihcuq4hwhe7216yx46otur
\u000d\u000a    alter table LineItem \u000d\u000a       drop constraint FKpgi56pqsa4ngh3djssq0bpueh
\u000d\u000a    alter table Payment \u000d\u000a       drop constraint FK8yqh4y6bkyvog1o45bxh8n07s
\u000d\u000a    alter table Payment \u000d\u000a       drop constraint FKjq4wsfw0xr2vrjl4ak1nm08ip
\u000d\u000a    alter table Pedido \u000d\u000a       drop constraint FK7xokuce499okknubjkmuep2bv
\u000d\u000a    alter table Pedido \u000d\u000a       drop constraint FK3jaaw2pi9w9yx90sxcb5ds6bw
\u000d\u000a    alter table ShoppingCart \u000d\u000a       drop constraint FK3ps28nr0pvvhm7571g4py9cwb
\u000d\u000a    drop table Account if exists
\u000d\u000a    drop table Address if exists
\u000d\u000a    drop table Customer if exists
\u000d\u000a    drop table LineItem if exists
\u000d\u000a    drop table Payment if exists
\u000d\u000a    drop table Pedido if exists
\u000d\u000a    drop table Product if exists
\u000d\u000a    drop table ShoppingCart if exists
\u000d\u000a    drop table WebUser if exists
\u000d\u000a    drop sequence hibernate_sequence if exists
create sequence hibernate_sequence start with 1 increment by 1
\u000d\u000a    create table Account (\u000d\u000a       id bigint not null,\u000d\u000a        closed date,\u000d\u000a        isClosed boolean,\u000d\u000a        open date,\u000d\u000a        idBillingAddress bigint,\u000d\u000a        idShoppingCart bigint,\u000d\u000a        primary key (id)\u000d\u000a    )
\u000d\u000a    create table Address (\u000d\u000a       id bigint not null,\u000d\u000a        city varchar(255),\u000d\u000a        country varchar(255),\u000d\u000a        state varchar(255),\u000d\u000a        street varchar(255),\u000d\u000a        zip varchar(255),\u000d\u000a        primary key (id)\u000d\u000a    )
\u000d\u000a    create table Customer (\u000d\u000a       id bigint not null,\u000d\u000a        email varchar(255),\u000d\u000a        name varchar(255),\u000d\u000a        phone varchar(255),\u000d\u000a        idAccount bigint,\u000d\u000a        idEndereco bigint,\u000d\u000a        idWebUser bigint,\u000d\u000a        primary key (id)\u000d\u000a    )
\u000d\u000a    create table LineItem (\u000d\u000a       id bigint not null,\u000d\u000a        price float,\u000d\u000a        quantity integer not null,\u000d\u000a        idOrder bigint,\u000d\u000a        idProduct bigint,\u000d\u000a        idShoppingCart bigint,\u000d\u000a        primary key (id)\u000d\u000a    )
\u000d\u000a    create table Payment (\u000d\u000a       id bigint not null,\u000d\u000a        details varchar(255),\u000d\u000a        paid date,\u000d\u000a        total float,\u000d\u000a        idAccount bigint,\u000d\u000a        idOrder bigint,\u000d\u000a        primary key (id)\u000d\u000a    )
\u000d\u000a    create table Pedido (\u000d\u000a       id bigint not null,\u000d\u000a        ordered date,\u000d\u000a        shipped date,\u000d\u000a        status integer,\u000d\u000a        total float,\u000d\u000a        idAccount bigint,\u000d\u000a        idShipTo bigint,\u000d\u000a        primary key (id)\u000d\u000a    )
\u000d\u000a    create table Product (\u000d\u000a       id bigint not null,\u000d\u000a        name varchar(255),\u000d\u000a        suppiler varchar(255),\u000d\u000a        primary key (id)\u000d\u000a    )
\u000d\u000a    create table ShoppingCart (\u000d\u000a       id bigint not null,\u000d\u000a        created date,\u000d\u000a        idWebUser bigint,\u000d\u000a        primary key (id)\u000d\u000a    )
\u000d\u000a    create table WebUser (\u000d\u000a       id bigint not null,\u000d\u000a        password varchar(255),\u000d\u000a        userState integer,\u000d\u000a        primary key (id)\u000d\u000a    )
\u000d\u000a    alter table Account \u000d\u000a       add constraint FK208qly853ydhqch1i3qqbnyig \u000d\u000a       foreign key (idBillingAddress) \u000d\u000a       references Address
\u000d\u000a    alter table Account \u000d\u000a       add constraint FKo0e631iggxklw8ovcor4xb6j2 \u000d\u000a       foreign key (idShoppingCart) \u000d\u000a       references ShoppingCart
\u000d\u000a    alter table Customer \u000d\u000a       add constraint FKnd4tash4yf85cfys9js4hgk5y \u000d\u000a       foreign key (idAccount) \u000d\u000a       references Account
\u000d\u000a    alter table Customer \u000d\u000a       add constraint FK6gva4rgn1vhlc626hq451hnx5 \u000d\u000a       foreign key (idEndereco) \u000d\u000a       references Address
\u000d\u000a    alter table Customer \u000d\u000a       add constraint FKonpc0wle0tsg9t07166ys4v3n \u000d\u000a       foreign key (idWebUser) \u000d\u000a       references WebUser
\u000d\u000a    alter table LineItem \u000d\u000a       add constraint FKeiqja1yu3l5ox1o0fnkb3bau9 \u000d\u000a       foreign key (idOrder) \u000d\u000a       references Pedido
\u000d\u000a    alter table LineItem \u000d\u000a       add constraint FKbcbihcuq4hwhe7216yx46otur \u000d\u000a       foreign key (idProduct) \u000d\u000a       references Product
\u000d\u000a    alter table LineItem \u000d\u000a       add constraint FKpgi56pqsa4ngh3djssq0bpueh \u000d\u000a       foreign key (idShoppingCart) \u000d\u000a       references ShoppingCart
\u000d\u000a    alter table Payment \u000d\u000a       add constraint FK8yqh4y6bkyvog1o45bxh8n07s \u000d\u000a       foreign key (idAccount) \u000d\u000a       references Account
\u000d\u000a    alter table Payment \u000d\u000a       add constraint FKjq4wsfw0xr2vrjl4ak1nm08ip \u000d\u000a       foreign key (idOrder) \u000d\u000a       references Pedido
\u000d\u000a    alter table Pedido \u000d\u000a       add constraint FK7xokuce499okknubjkmuep2bv \u000d\u000a       foreign key (idAccount) \u000d\u000a       references Account
\u000d\u000a    alter table Pedido \u000d\u000a       add constraint FK3jaaw2pi9w9yx90sxcb5ds6bw \u000d\u000a       foreign key (idShipTo) \u000d\u000a       references Address
\u000d\u000a    alter table ShoppingCart \u000d\u000a       add constraint FK3ps28nr0pvvhm7571g4py9cwb \u000d\u000a       foreign key (idWebUser) \u000d\u000a       references WebUser
INSERT INTO CUSTOMER VALUES(1,'william@gmail.com','William','90880988',NULL,NULL,NULL)
ALTER SEQUENCE PUBLIC.HIBERNATE_SEQUENCE RESTART WITH 2
COMMIT
INSERT INTO SHOPPINGCART VALUES(4,'2019-10-01',NULL)
INSERT INTO ACCOUNT VALUES(3,'2019-10-16',FALSE,'2019-10-01',NULL,4)
INSERT INTO PEDIDO VALUES(5,'2019-10-01','2019-10-16',NULL,200.0E0,NULL,NULL)
INSERT INTO CUSTOMER VALUES(2,'william@gmail.com','Willliam','90880988',3,NULL,NULL)
ALTER SEQUENCE PUBLIC.HIBERNATE_SEQUENCE RESTART WITH 6
COMMIT
INSERT INTO CUSTOMER VALUES(6,'william@gmail.com','William','90880988',NULL,NULL,NULL)
ALTER SEQUENCE PUBLIC.HIBERNATE_SEQUENCE RESTART WITH 7
COMMIT
DELETE FROM CUSTOMER WHERE ID=6
COMMIT
INSERT INTO PEDIDO VALUES(7,NULL,NULL,NULL,NULL,NULL,NULL)
ALTER SEQUENCE PUBLIC.HIBERNATE_SEQUENCE RESTART WITH 8
COMMIT
/*C63*/SET SCHEMA PUBLIC
INSERT INTO ADDRESS VALUES(9,'City','country','State','Street','92000000')
INSERT INTO PEDIDO VALUES(8,'2019-10-16','2019-10-02',0,2000.0E0,NULL,9)
ALTER SEQUENCE PUBLIC.HIBERNATE_SEQUENCE RESTART WITH 10
COMMIT
DELETE FROM PEDIDO WHERE ID=8
INSERT INTO PEDIDO VALUES(8,'2019-10-02','2019-10-02',0,2000.0E0,NULL,9)
COMMIT
INSERT INTO ADDRESS VALUES(11,'City','country','State','Street','92000000')
INSERT INTO PEDIDO VALUES(10,'2019-10-16','2019-10-02',0,2000.0E0,NULL,11)
ALTER SEQUENCE PUBLIC.HIBERNATE_SEQUENCE RESTART WITH 12
COMMIT
INSERT INTO ADDRESS VALUES(13,'City','country','State','Street','92000000')
INSERT INTO PEDIDO VALUES(12,'2019-10-16','2019-10-02',0,2000.0E0,NULL,13)
ALTER SEQUENCE PUBLIC.HIBERNATE_SEQUENCE RESTART WITH 14
COMMIT
DELETE FROM PEDIDO WHERE ID=12
DELETE FROM ADDRESS WHERE ID=13
COMMIT
DISCONNECT
/*C62*/DISCONNECT
/*C64*/SET SCHEMA PUBLIC
\u000d\u000a    alter table Account \u000d\u000a       drop constraint FK208qly853ydhqch1i3qqbnyig
\u000d\u000a    alter table Account \u000d\u000a       drop constraint FKo0e631iggxklw8ovcor4xb6j2
\u000d\u000a    alter table Customer \u000d\u000a       drop constraint FKnd4tash4yf85cfys9js4hgk5y
\u000d\u000a    alter table Customer \u000d\u000a       drop constraint FK6gva4rgn1vhlc626hq451hnx5
\u000d\u000a    alter table Customer \u000d\u000a       drop constraint FKonpc0wle0tsg9t07166ys4v3n
\u000d\u000a    alter table LineItem \u000d\u000a       drop constraint FKeiqja1yu3l5ox1o0fnkb3bau9
\u000d\u000a    alter table LineItem \u000d\u000a       drop constraint FKbcbihcuq4hwhe7216yx46otur
\u000d\u000a    alter table LineItem \u000d\u000a       drop constraint FKpgi56pqsa4ngh3djssq0bpueh
\u000d\u000a    alter table Payment \u000d\u000a       drop constraint FK8yqh4y6bkyvog1o45bxh8n07s
\u000d\u000a    alter table Payment \u000d\u000a       drop constraint FKjq4wsfw0xr2vrjl4ak1nm08ip
\u000d\u000a    alter table Pedido \u000d\u000a       drop constraint FK7xokuce499okknubjkmuep2bv
\u000d\u000a    alter table Pedido \u000d\u000a       drop constraint FK3jaaw2pi9w9yx90sxcb5ds6bw
\u000d\u000a    alter table ShoppingCart \u000d\u000a       drop constraint FK3ps28nr0pvvhm7571g4py9cwb
\u000d\u000a    drop table Account if exists
\u000d\u000a    drop table Address if exists
\u000d\u000a    drop table Customer if exists
\u000d\u000a    drop table LineItem if exists
\u000d\u000a    drop table Payment if exists
\u000d\u000a    drop table Pedido if exists
\u000d\u000a    drop table Product if exists
\u000d\u000a    drop table ShoppingCart if exists
\u000d\u000a    drop table WebUser if exists
\u000d\u000a    drop sequence hibernate_sequence if exists
create sequence hibernate_sequence start with 1 increment by 1
\u000d\u000a    create table Account (\u000d\u000a       id bigint not null,\u000d\u000a        closed date,\u000d\u000a        isClosed boolean,\u000d\u000a        open date,\u000d\u000a        idBillingAddress bigint,\u000d\u000a        idShoppingCart bigint,\u000d\u000a        primary key (id)\u000d\u000a    )
\u000d\u000a    create table Address (\u000d\u000a       id bigint not null,\u000d\u000a        city varchar(255),\u000d\u000a        country varchar(255),\u000d\u000a        state varchar(255),\u000d\u000a        street varchar(255),\u000d\u000a        zip varchar(255),\u000d\u000a        primary key (id)\u000d\u000a    )
\u000d\u000a    create table Customer (\u000d\u000a       id bigint not null,\u000d\u000a        email varchar(255),\u000d\u000a        name varchar(255),\u000d\u000a        phone varchar(255),\u000d\u000a        idAccount bigint,\u000d\u000a        idEndereco bigint,\u000d\u000a        idWebUser bigint,\u000d\u000a        primary key (id)\u000d\u000a    )
\u000d\u000a    create table LineItem (\u000d\u000a       id bigint not null,\u000d\u000a        price float,\u000d\u000a        quantity integer not null,\u000d\u000a        idOrder bigint,\u000d\u000a        idProduct bigint,\u000d\u000a        idShoppingCart bigint,\u000d\u000a        primary key (id)\u000d\u000a    )
\u000d\u000a    create table Payment (\u000d\u000a       id bigint not null,\u000d\u000a        details varchar(255),\u000d\u000a        paid date,\u000d\u000a        total float,\u000d\u000a        idAccount bigint,\u000d\u000a        idOrder bigint,\u000d\u000a        primary key (id)\u000d\u000a    )
\u000d\u000a    create table Pedido (\u000d\u000a       id bigint not null,\u000d\u000a        ordered date,\u000d\u000a        shipped date,\u000d\u000a        status integer,\u000d\u000a        total float,\u000d\u000a        idAccount bigint,\u000d\u000a        idShipTo bigint,\u000d\u000a        primary key (id)\u000d\u000a    )
\u000d\u000a    create table Product (\u000d\u000a       id bigint not null,\u000d\u000a        name varchar(255),\u000d\u000a        suppiler varchar(255),\u000d\u000a        primary key (id)\u000d\u000a    )
\u000d\u000a    create table ShoppingCart (\u000d\u000a       id bigint not null,\u000d\u000a        created date,\u000d\u000a        idWebUser bigint,\u000d\u000a        primary key (id)\u000d\u000a    )
\u000d\u000a    create table WebUser (\u000d\u000a       id bigint not null,\u000d\u000a        password varchar(255),\u000d\u000a        userState integer,\u000d\u000a        primary key (id)\u000d\u000a    )
\u000d\u000a    alter table Account \u000d\u000a       add constraint FK208qly853ydhqch1i3qqbnyig \u000d\u000a       foreign key (idBillingAddress) \u000d\u000a       references Address
\u000d\u000a    alter table Account \u000d\u000a       add constraint FKo0e631iggxklw8ovcor4xb6j2 \u000d\u000a       foreign key (idShoppingCart) \u000d\u000a       references ShoppingCart
\u000d\u000a    alter table Customer \u000d\u000a       add constraint FKnd4tash4yf85cfys9js4hgk5y \u000d\u000a       foreign key (idAccount) \u000d\u000a       references Account
\u000d\u000a    alter table Customer \u000d\u000a       add constraint FK6gva4rgn1vhlc626hq451hnx5 \u000d\u000a       foreign key (idEndereco) \u000d\u000a       references Address
\u000d\u000a    alter table Customer \u000d\u000a       add constraint FKonpc0wle0tsg9t07166ys4v3n \u000d\u000a       foreign key (idWebUser) \u000d\u000a       references WebUser
\u000d\u000a    alter table LineItem \u000d\u000a       add constraint FKeiqja1yu3l5ox1o0fnkb3bau9 \u000d\u000a       foreign key (idOrder) \u000d\u000a       references Pedido
\u000d\u000a    alter table LineItem \u000d\u000a       add constraint FKbcbihcuq4hwhe7216yx46otur \u000d\u000a       foreign key (idProduct) \u000d\u000a       references Product
\u000d\u000a    alter table LineItem \u000d\u000a       add constraint FKpgi56pqsa4ngh3djssq0bpueh \u000d\u000a       foreign key (idShoppingCart) \u000d\u000a       references ShoppingCart
\u000d\u000a    alter table Payment \u000d\u000a       add constraint FK8yqh4y6bkyvog1o45bxh8n07s \u000d\u000a       foreign key (idAccount) \u000d\u000a       references Account
\u000d\u000a    alter table Payment \u000d\u000a       add constraint FKjq4wsfw0xr2vrjl4ak1nm08ip \u000d\u000a       foreign key (idOrder) \u000d\u000a       references Pedido
\u000d\u000a    alter table Pedido \u000d\u000a       add constraint FK7xokuce499okknubjkmuep2bv \u000d\u000a       foreign key (idAccount) \u000d\u000a       references Account
\u000d\u000a    alter table Pedido \u000d\u000a       add constraint FK3jaaw2pi9w9yx90sxcb5ds6bw \u000d\u000a       foreign key (idShipTo) \u000d\u000a       references Address
\u000d\u000a    alter table ShoppingCart \u000d\u000a       add constraint FK3ps28nr0pvvhm7571g4py9cwb \u000d\u000a       foreign key (idWebUser) \u000d\u000a       references WebUser
INSERT INTO ADDRESS VALUES(2,'City','country','State','Street','92000000')
INSERT INTO PEDIDO VALUES(1,'2019-10-16','2019-10-02',0,2000.0E0,NULL,2)
ALTER SEQUENCE PUBLIC.HIBERNATE_SEQUENCE RESTART WITH 3
COMMIT
DELETE FROM PEDIDO WHERE ID=1
INSERT INTO PEDIDO VALUES(1,'2019-10-02','2019-10-02',0,2000.0E0,NULL,2)
COMMIT
INSERT INTO ADDRESS VALUES(4,'City','country','State','Street','92000000')
INSERT INTO PEDIDO VALUES(3,'2019-10-16','2019-10-02',0,2000.0E0,NULL,4)
ALTER SEQUENCE PUBLIC.HIBERNATE_SEQUENCE RESTART WITH 5
COMMIT
INSERT INTO ADDRESS VALUES(6,'City','country','State','Street','92000000')
INSERT INTO PEDIDO VALUES(5,'2019-10-16','2019-10-02',0,2000.0E0,NULL,6)
ALTER SEQUENCE PUBLIC.HIBERNATE_SEQUENCE RESTART WITH 7
COMMIT
DELETE FROM PEDIDO WHERE ID=5
DELETE FROM ADDRESS WHERE ID=6
COMMIT
DISCONNECT
/*C65*/SET SCHEMA PUBLIC
\u000d\u000a    alter table Account \u000d\u000a       drop constraint FK208qly853ydhqch1i3qqbnyig
\u000d\u000a    alter table Account \u000d\u000a       drop constraint FKo0e631iggxklw8ovcor4xb6j2
\u000d\u000a    alter table Customer \u000d\u000a       drop constraint FKnd4tash4yf85cfys9js4hgk5y
\u000d\u000a    alter table Customer \u000d\u000a       drop constraint FK6gva4rgn1vhlc626hq451hnx5
\u000d\u000a    alter table Customer \u000d\u000a       drop constraint FKonpc0wle0tsg9t07166ys4v3n
\u000d\u000a    alter table LineItem \u000d\u000a       drop constraint FKeiqja1yu3l5ox1o0fnkb3bau9
\u000d\u000a    alter table LineItem \u000d\u000a       drop constraint FKbcbihcuq4hwhe7216yx46otur
\u000d\u000a    alter table LineItem \u000d\u000a       drop constraint FKpgi56pqsa4ngh3djssq0bpueh
\u000d\u000a    alter table Payment \u000d\u000a       drop constraint FK8yqh4y6bkyvog1o45bxh8n07s
\u000d\u000a    alter table Payment \u000d\u000a       drop constraint FKjq4wsfw0xr2vrjl4ak1nm08ip
\u000d\u000a    alter table Pedido \u000d\u000a       drop constraint FK7xokuce499okknubjkmuep2bv
\u000d\u000a    alter table Pedido \u000d\u000a       drop constraint FK3jaaw2pi9w9yx90sxcb5ds6bw
\u000d\u000a    alter table ShoppingCart \u000d\u000a       drop constraint FK3ps28nr0pvvhm7571g4py9cwb
\u000d\u000a    drop table Account if exists
\u000d\u000a    drop table Address if exists
\u000d\u000a    drop table Customer if exists
\u000d\u000a    drop table LineItem if exists
\u000d\u000a    drop table Payment if exists
\u000d\u000a    drop table Pedido if exists
\u000d\u000a    drop table Product if exists
\u000d\u000a    drop table ShoppingCart if exists
\u000d\u000a    drop table WebUser if exists
\u000d\u000a    drop sequence hibernate_sequence if exists
create sequence hibernate_sequence start with 1 increment by 1
\u000d\u000a    create table Account (\u000d\u000a       id bigint not null,\u000d\u000a        closed date,\u000d\u000a        isClosed boolean,\u000d\u000a        open date,\u000d\u000a        idBillingAddress bigint,\u000d\u000a        idShoppingCart bigint,\u000d\u000a        primary key (id)\u000d\u000a    )
\u000d\u000a    create table Address (\u000d\u000a       id bigint not null,\u000d\u000a        city varchar(255),\u000d\u000a        country varchar(255),\u000d\u000a        state varchar(255),\u000d\u000a        street varchar(255),\u000d\u000a        zip varchar(255),\u000d\u000a        primary key (id)\u000d\u000a    )
\u000d\u000a    create table Customer (\u000d\u000a       id bigint not null,\u000d\u000a        email varchar(255),\u000d\u000a        name varchar(255),\u000d\u000a        phone varchar(255),\u000d\u000a        idAccount bigint,\u000d\u000a        idEndereco bigint,\u000d\u000a        idWebUser bigint,\u000d\u000a        primary key (id)\u000d\u000a    )
\u000d\u000a    create table LineItem (\u000d\u000a       id bigint not null,\u000d\u000a        price float,\u000d\u000a        quantity integer not null,\u000d\u000a        idOrder bigint,\u000d\u000a        idProduct bigint,\u000d\u000a        idShoppingCart bigint,\u000d\u000a        primary key (id)\u000d\u000a    )
\u000d\u000a    create table Payment (\u000d\u000a       id bigint not null,\u000d\u000a        details varchar(255),\u000d\u000a        paid date,\u000d\u000a        total float,\u000d\u000a        idAccount bigint,\u000d\u000a        idOrder bigint,\u000d\u000a        primary key (id)\u000d\u000a    )
\u000d\u000a    create table Pedido (\u000d\u000a       id bigint not null,\u000d\u000a        ordered date,\u000d\u000a        shipped date,\u000d\u000a        status integer,\u000d\u000a        total float,\u000d\u000a        idAccount bigint,\u000d\u000a        idShipTo bigint,\u000d\u000a        primary key (id)\u000d\u000a    )
\u000d\u000a    create table Product (\u000d\u000a       id bigint not null,\u000d\u000a        name varchar(255),\u000d\u000a        suppiler varchar(255),\u000d\u000a        primary key (id)\u000d\u000a    )
\u000d\u000a    create table ShoppingCart (\u000d\u000a       id bigint not null,\u000d\u000a        created date,\u000d\u000a        idWebUser bigint,\u000d\u000a        primary key (id)\u000d\u000a    )
\u000d\u000a    create table WebUser (\u000d\u000a       id bigint not null,\u000d\u000a        password varchar(255),\u000d\u000a        userState integer,\u000d\u000a        primary key (id)\u000d\u000a    )
\u000d\u000a    alter table Account \u000d\u000a       add constraint FK208qly853ydhqch1i3qqbnyig \u000d\u000a       foreign key (idBillingAddress) \u000d\u000a       references Address
\u000d\u000a    alter table Account \u000d\u000a       add constraint FKo0e631iggxklw8ovcor4xb6j2 \u000d\u000a       foreign key (idShoppingCart) \u000d\u000a       references ShoppingCart
\u000d\u000a    alter table Customer \u000d\u000a       add constraint FKnd4tash4yf85cfys9js4hgk5y \u000d\u000a       foreign key (idAccount) \u000d\u000a       references Account
\u000d\u000a    alter table Customer \u000d\u000a       add constraint FK6gva4rgn1vhlc626hq451hnx5 \u000d\u000a       foreign key (idEndereco) \u000d\u000a       references Address
\u000d\u000a    alter table Customer \u000d\u000a       add constraint FKonpc0wle0tsg9t07166ys4v3n \u000d\u000a       foreign key (idWebUser) \u000d\u000a       references WebUser
\u000d\u000a    alter table LineItem \u000d\u000a       add constraint FKeiqja1yu3l5ox1o0fnkb3bau9 \u000d\u000a       foreign key (idOrder) \u000d\u000a       references Pedido
\u000d\u000a    alter table LineItem \u000d\u000a       add constraint FKbcbihcuq4hwhe7216yx46otur \u000d\u000a       foreign key (idProduct) \u000d\u000a       references Product
\u000d\u000a    alter table LineItem \u000d\u000a       add constraint FKpgi56pqsa4ngh3djssq0bpueh \u000d\u000a       foreign key (idShoppingCart) \u000d\u000a       references ShoppingCart
\u000d\u000a    alter table Payment \u000d\u000a       add constraint FK8yqh4y6bkyvog1o45bxh8n07s \u000d\u000a       foreign key (idAccount) \u000d\u000a       references Account
\u000d\u000a    alter table Payment \u000d\u000a       add constraint FKjq4wsfw0xr2vrjl4ak1nm08ip \u000d\u000a       foreign key (idOrder) \u000d\u000a       references Pedido
\u000d\u000a    alter table Pedido \u000d\u000a       add constraint FK7xokuce499okknubjkmuep2bv \u000d\u000a       foreign key (idAccount) \u000d\u000a       references Account
\u000d\u000a    alter table Pedido \u000d\u000a       add constraint FK3jaaw2pi9w9yx90sxcb5ds6bw \u000d\u000a       foreign key (idShipTo) \u000d\u000a       references Address
\u000d\u000a    alter table ShoppingCart \u000d\u000a       add constraint FK3ps28nr0pvvhm7571g4py9cwb \u000d\u000a       foreign key (idWebUser) \u000d\u000a       references WebUser
INSERT INTO CUSTOMER VALUES(1,'william@gmail.com','William','90880988',NULL,NULL,NULL)
ALTER SEQUENCE PUBLIC.HIBERNATE_SEQUENCE RESTART WITH 2
COMMIT
INSERT INTO SHOPPINGCART VALUES(4,'2019-10-01',NULL)
INSERT INTO ACCOUNT VALUES(3,'2019-10-16',FALSE,'2019-10-01',NULL,4)
INSERT INTO PEDIDO VALUES(5,'2019-10-01','2019-10-16',NULL,200.0E0,NULL,NULL)
INSERT INTO CUSTOMER VALUES(2,'william@gmail.com','Willliam','90880988',3,NULL,NULL)
ALTER SEQUENCE PUBLIC.HIBERNATE_SEQUENCE RESTART WITH 6
COMMIT
INSERT INTO CUSTOMER VALUES(6,'william@gmail.com','William','90880988',NULL,NULL,NULL)
ALTER SEQUENCE PUBLIC.HIBERNATE_SEQUENCE RESTART WITH 7
COMMIT
DELETE FROM CUSTOMER WHERE ID=6
COMMIT
INSERT INTO ADDRESS VALUES(8,'City','country','State','Street','92000000')
INSERT INTO PEDIDO VALUES(7,'2019-10-16','2019-10-02',0,2000.0E0,NULL,8)
ALTER SEQUENCE PUBLIC.HIBERNATE_SEQUENCE RESTART WITH 9
COMMIT
DELETE FROM PEDIDO WHERE ID=7
INSERT INTO PEDIDO VALUES(7,'2019-10-02','2019-10-02',0,2000.0E0,NULL,8)
COMMIT
INSERT INTO ADDRESS VALUES(10,'City','country','State','Street','92000000')
INSERT INTO PEDIDO VALUES(9,'2019-10-16','2019-10-02',0,2000.0E0,NULL,10)
ALTER SEQUENCE PUBLIC.HIBERNATE_SEQUENCE RESTART WITH 11
COMMIT
INSERT INTO ADDRESS VALUES(12,'City','country','State','Street','92000000')
INSERT INTO PEDIDO VALUES(11,'2019-10-16','2019-10-02',0,2000.0E0,NULL,12)
ALTER SEQUENCE PUBLIC.HIBERNATE_SEQUENCE RESTART WITH 13
COMMIT
DELETE FROM PEDIDO WHERE ID=11
DELETE FROM ADDRESS WHERE ID=12
COMMIT
DISCONNECT
